MPLINK 4.48, Linker
Linker Map File - Created Wed May 20 22:23:34 2015

                                 Section Info
                  Section       Type    Address   Location Size(Bytes)
                ---------  ---------  ---------  ---------  ---------
               _entry_scn       code   0x000000    program   0x000006
           .code___init.o       code   0x000006    program   0x000002
              high_vector       code   0x000008    program   0x000006
         .idata_c018i.o_i    romdata   0x00000e    program   0x000000
         .romdata_c018i.o    romdata   0x00000e    program   0x000000
            .code_c018i.o       code   0x00000e    program   0x000000
        .idata_STROBE.o_i    romdata   0x00000e    program   0x000000
        .romdata_STROBE.o    romdata   0x00000e    program   0x000000
           .code_STROBE.o       code   0x00000e    program   0x000000
        .romdata___init.o    romdata   0x00000e    program   0x000000
        .idata___init.o_i    romdata   0x00000e    program   0x000000
               low_vector       code   0x000018    program   0x000006
                   .cinit    romdata   0x00001e    program   0x000032
                beginning       code   0x000028    program   0x000000
                 maincode       code   0x000050    program   0x0108d8
                     PROG       code   0x010928    program   0x000448
               _cinit_scn       code   0x010d70    program   0x00009e
                   STRING       code   0x010e0e    program   0x000032
                    .code       code   0x010e40    program   0x000020
             _startup_scn       code   0x010e60    program   0x00001c
             .stringtable    romdata   0x010e7c    program   0x000015
               OLEDDATA_i    romdata   0x010e91    program   0x0000ab
                 LIGHTS_i    romdata   0x010f3c    program   0x000220
             INTERRUPTS_i    romdata   0x01115c    program   0x000019
                  DATA1_i    romdata   0x011175    program   0x000093
                    menus    romdata   0x011500    program   0x000930
           manual4_config    romdata   0x011fc0    program   0x000002
             manual4_name    romdata   0x011fc2    program   0x00000e
              manual4_red    romdata   0x011fd0    program   0x000010
            manual4_green    romdata   0x011fe0    program   0x000010
             manual4_blue    romdata   0x011ff0    program   0x000010
            short4_config    romdata   0x013800    program   0x000010
              short4_name    romdata   0x013810    program   0x000010
           short4_stage12    romdata   0x013820    program   0x000160
              long_stage1    romdata   0x01d000    program   0x000010
              long_stage2    romdata   0x01d010    program   0x000010
              long_stage3    romdata   0x01d020    program   0x000c80
  .config_300000_STROBE.o    romdata   0x300000    program   0x000001
  .config_300001_STROBE.o    romdata   0x300001    program   0x000001
  .config_300002_STROBE.o    romdata   0x300002    program   0x000001
  .config_300003_STROBE.o    romdata   0x300003    program   0x000001
  .config_300004_STROBE.o    romdata   0x300004    program   0x000001
  .config_300005_STROBE.o    romdata   0x300005    program   0x000001
  .config_300006_STROBE.o    romdata   0x300006    program   0x000001
  .config_300008_STROBE.o    romdata   0x300008    program   0x000001
  .config_300009_STROBE.o    romdata   0x300009    program   0x000001
  .config_30000a_STROBE.o    romdata   0x30000a    program   0x000001
  .config_30000b_STROBE.o    romdata   0x30000b    program   0x000001
                MATH_DATA      udata   0x000000       data   0x000014
                 .tmpdata      udata   0x000014       data   0x00000e
                    DATA1      idata   0x000060       data   0x000093
               INTERRUPTS      idata   0x000700       data   0x000019
                   LIGHTS      idata   0x000800       data   0x000220
                 OLEDDATA      idata   0x000b00       data   0x0000ab
                   .stack      udata   0x000d00       data   0x000100
          .udata_STROBE.o      udata   0x000e00       data   0x00008f
           .udata_c018i.o      udata   0x000e8f       data   0x00000a
          .idata_STROBE.o      idata   0x000e99       data   0x000000
           .idata_c018i.o      idata   0x000e99       data   0x000000
          .udata___init.o      udata   0x000e99       data   0x000000
          .idata___init.o      idata   0x000e99       data   0x000000
              SFR_BANKED0      udata   0x000ef4       data   0x00000c
              SFR_BANKED1      udata   0x000f00       data   0x000026
              SFR_BANKED2      udata   0x000f27       data   0x000039
            SFR_UNBANKED0      udata   0x000f60       data   0x0000a0



                              Program Memory Usage 
                               Start         End      
                           ---------   ---------      
                            0x000000    0x00000d      
                            0x000018    0x011207      
                            0x011500    0x011e2f      
                            0x011fc0    0x011fff      
                            0x013800    0x01397f      
                            0x01d000    0x01dc9f      
                            0x300000    0x300006      
                            0x300008    0x30000b      
            76185 out of 132120 program addresses used, program memory utilization is 57%



                              Symbols - Sorted by Name
                     Name    Address   Location    Storage File                     
                ---------  ---------  ---------  --------- ---------                
                 FLO0832S   0x01092c    program     extern E:\c18v3.46\pic18-lt\cxx-framework\src\traditional\math\cast08FP.asm
                 FLO0832U   0x010928    program     extern E:\c18v3.46\pic18-lt\cxx-framework\src\traditional\math\cast08FP.asm
                 FLO1632S   0x01094e    program     extern E:\c18v3.46\pic18-lt\cxx-framework\src\traditional\math\cast16FP.asm
                 FLO1632U   0x01094a    program     extern E:\c18v3.46\pic18-lt\cxx-framework\src\traditional\math\cast16FP.asm
                    FPA32   0x010976    program     extern E:\c18v3.46\pic18-lt\cxx-framework\src\traditional\math\addFP.asm
                    FPM32   0x010aa2    program     extern E:\c18v3.46\pic18-lt\cxx-framework\src\traditional\math\mulFP.asm
                    FPS32   0x010974    program     extern E:\c18v3.46\pic18-lt\cxx-framework\src\traditional\math\addFP.asm
                 FXM1616U   0x010b7c    program     extern E:\c18v3.46\pic18-lt\cxx-framework\src\traditional\math\fxm1616u.asm
                  INT3208   0x010bb8    program     extern E:\c18v3.46\pic18-lt\cxx-framework\src\traditional\math\castFP08.asm
                  INT3216   0x010c06    program     extern E:\c18v3.46\pic18-lt\cxx-framework\src\traditional\math\castFP16.asm
                 __FpExit   0x010c70    program     extern E:\c18v3.46\pic18-lt\cxx-framework\src\traditional\math\packFP.asm
                 __FpPack   0x010c9c    program     extern E:\c18v3.46\pic18-lt\cxx-framework\src\traditional\math\packFP.asm
            __FpReturnNaN   0x010c64    program     extern E:\c18v3.46\pic18-lt\cxx-framework\src\traditional\math\packFP.asm
         __FpReturnNegInf   0x010c76    program     extern E:\c18v3.46\pic18-lt\cxx-framework\src\traditional\math\packFP.asm
        __FpReturnNegZero   0x010c8e    program     extern E:\c18v3.46\pic18-lt\cxx-framework\src\traditional\math\packFP.asm
         __FpReturnPosInf   0x010c7c    program     extern E:\c18v3.46\pic18-lt\cxx-framework\src\traditional\math\packFP.asm
        __FpReturnPosZero   0x010c96    program     extern E:\c18v3.46\pic18-lt\cxx-framework\src\traditional\math\packFP.asm
        __FpReturnSignInf   0x010c72    program     extern E:\c18v3.46\pic18-lt\cxx-framework\src\traditional\math\packFP.asm
       __FpReturnSignZero   0x010c8a    program     extern E:\c18v3.46\pic18-lt\cxx-framework\src\traditional\math\packFP.asm
              __FpReturnW   0x010cf4    program     extern E:\c18v3.46\pic18-lt\cxx-framework\src\traditional\math\packFP.asm
              __FpUnPackA   0x010d14    program     extern E:\c18v3.46\pic18-lt\cxx-framework\src\traditional\math\UnpackFP.asm
              __FpUnPackB   0x010d44    program     extern E:\c18v3.46\pic18-lt\cxx-framework\src\traditional\math\UnpackFP.asm
       ___case_0_lbl01050   0x007512    program     static                          
     ___case_107_lbl01182   0x007e4e    program     static                          
     ___case_107_lbl01189   0x007f3e    program     static                          
     ___case_124_lbl01155   0x007c4a    program     static                          
     ___case_126_lbl01163   0x007ca2    program     static                          
     ___case_128_lbl01171   0x007cfe    program     static                          
     ___case_129_lbl01180   0x007e3c    program     static                          
     ___case_129_lbl01187   0x007f32    program     static                          
      ___case_12_lbl01035   0x0073ee    program     static                          
       ___case_1_lbl01028   0x007250    program     static                          
       ___case_1_lbl01034   0x0073de    program     static                          
       ___case_1_lbl01051   0x007514    program     static                          
       ___case_1_lbl01143   0x007b1c    program     static                          
       ___case_1_lbl01184   0x007da0    program     static                          
       ___case_1_lbl02001   0x00c1a4    program     static                          
      ___case_23_lbl01179   0x007e2a    program     static                          
      ___case_23_lbl01186   0x007f26    program     static                          
       ___case_2_lbl01054   0x0072c0    program     static                          
       ___case_2_lbl01144   0x007b56    program     static                          
       ___case_2_lbl01191   0x007e9c    program     static                          
       ___case_2_lbl02002   0x00c1b0    program     static                          
       ___case_3_lbl01136   0x00756c    program     static                          
       ___case_3_lbl01174   0x007b90    program     static                          
       ___case_3_lbl02003   0x00c1be    program     static                          
      ___case_44_lbl01154   0x007c4a    program     static                          
      ___case_46_lbl01162   0x007ca2    program     static                          
      ___case_48_lbl01170   0x007cfe    program     static                          
       ___case_4_lbl01140   0x007a7e    program     static                          
       ___case_4_lbl01193   0x007d80    program     static                          
       ___case_4_lbl02004   0x00c1cc    program     static                          
       ___case_7_lbl01194   0x007f94    program     static                          
      ___case_87_lbl01156   0x007c4a    program     static                          
      ___case_89_lbl01164   0x007ca2    program     static                          
       ___case_8_lbl01195   0x007fa0    program     static                          
      ___case_91_lbl01172   0x007cfe    program     static                          
      ___case_92_lbl01181   0x007e3c    program     static                          
      ___case_92_lbl01188   0x007f32    program     static                          
      ___default_lbl01036   0x0073fe    program     static                          
      ___default_lbl01052   0x007542    program     static                          
      ___default_lbl01173   0x007d66    program     static                          
      ___default_lbl01192   0x007f8a    program     static                          
         ___else_lbl00347   0x002782    program     static                          
         ___else_lbl01038   0x00742e    program     static                          
         ___else_lbl01041   0x00747e    program     static                          
         ___else_lbl01043   0x007446    program     static                          
         ___else_lbl01060   0x0075dc    program     static                          
         ___else_lbl01062   0x0075c2    program     static                          
         ___else_lbl01064   0x0075a8    program     static                          
         ___else_lbl01066   0x00758e    program     static                          
         ___else_lbl01071   0x00765a    program     static                          
         ___else_lbl01073   0x007640    program     static                          
         ___else_lbl01075   0x007626    program     static                          
         ___else_lbl01077   0x00760c    program     static                          
         ___else_lbl01082   0x0076ce    program     static                          
         ___else_lbl01084   0x0076b4    program     static                          
         ___else_lbl01086   0x00769a    program     static                          
         ___else_lbl01088   0x007680    program     static                          
         ___else_lbl01095   0x0078b8    program     static                          
         ___else_lbl01097   0x007840    program     static                          
         ___else_lbl01099   0x0077c8    program     static                          
         ___else_lbl01101   0x007754    program     static                          
         ___else_lbl01107   0x00797a    program     static                          
         ___else_lbl01109   0x007960    program     static                          
         ___else_lbl01111   0x007946    program     static                          
         ___else_lbl01113   0x00792c    program     static                          
         ___else_lbl01118   0x0079ee    program     static                          
         ___else_lbl01120   0x0079d4    program     static                          
         ___else_lbl01122   0x0079ba    program     static                          
         ___else_lbl01124   0x0079a0    program     static                          
         ___else_lbl01129   0x007a6c    program     static                          
         ___else_lbl01131   0x007a52    program     static                          
         ___else_lbl01133   0x007a38    program     static                          
         ___else_lbl01135   0x007a1e    program     static                          
         ___else_lbl01153   0x007c86    program     static                          
         ___else_lbl01161   0x007ce0    program     static                          
         ___else_lbl01169   0x007d42    program     static                          
         ___else_lbl02008   0x00c206    program     static                          
          ___for_lbl01025   0x00729a    program     static                          
          ___for_lbl01026   0x00729e    program     static                          
          ___for_lbl01027   0x007254    program     static                          
          ___for_lbl01031   0x0074c0    program     static                          
          ___for_lbl01032   0x0074c4    program     static                          
          ___for_lbl01045   0x007386    program     static                          
          ___for_lbl01047   0x007562    program     static                          
          ___for_lbl01048   0x007566    program     static                          
          ___for_lbl01053   0x0074d4    program     static                          
          ___for_lbl01089   0x00790e    program     static                          
          ___for_lbl01090   0x007912    program     static                          
          ___for_lbl01102   0x0076e8    program     static                          
          ___for_lbl01137   0x007ae0    program     static                          
          ___for_lbl01138   0x007ae4    program     static                          
          ___for_lbl01139   0x007a8e    program     static                          
          ___for_lbl01149   0x007c7e    program     static                          
          ___for_lbl01150   0x007c84    program     static                          
          ___for_lbl01151   0x007c5c    program     static                          
          ___for_lbl01157   0x007cd8    program     static                          
          ___for_lbl01158   0x007cde    program     static                          
          ___for_lbl01159   0x007cb4    program     static                          
          ___for_lbl01165   0x007d3a    program     static                          
          ___for_lbl01166   0x007d40    program     static                          
          ___for_lbl01167   0x007d10    program     static                          
          ___for_lbl02005   0x00c218    program     static                          
          ___for_lbl02006   0x00c21c    program     static                          
          ___for_lbl02009   0x00c1e8    program     static                          
          ___for_lbl02010   0x00c240    program     static                          
          ___for_lbl02011   0x00c244    program     static                          
          ___for_lbl02012   0x00c220    program     static                          
          ___for_lbl02013   0x00c27a    program     static                          
          ___for_lbl02014   0x00c27e    program     static                          
          ___for_lbl02015   0x00c258    program     static                          
          ___for_lbl02016   0x00c2ba    program     static                          
          ___for_lbl02017   0x00c2be    program     static                          
          ___for_lbl02018   0x00c292    program     static                          
          ___for_lbl02038   0x00c6d4    program     static                          
          ___for_lbl02039   0x00c6d8    program     static                          
          ___for_lbl02040   0x00c6ae    program     static                          
          ___for_lbl02042   0x00c728    program     static                          
          ___for_lbl02043   0x00c72c    program     static                          
          ___for_lbl02044   0x00c702    program     static                          
           ___if_lbl00346   0x00278e    program     static                          
           ___if_lbl01029   0x0072ca    program     static                          
           ___if_lbl01030   0x0072d4    program     static                          
           ___if_lbl01037   0x00743e    program     static                          
           ___if_lbl01039   0x00747c    program     static                          
           ___if_lbl01040   0x00749e    program     static                          
           ___if_lbl01042   0x00749e    program     static                          
           ___if_lbl01044   0x0074c0    program     static                          
           ___if_lbl01046   0x0074cc    program     static                          
           ___if_lbl01055   0x007574    program     static                          
           ___if_lbl01059   0x0075e8    program     static                          
           ___if_lbl01061   0x0075e8    program     static                          
           ___if_lbl01063   0x0075e8    program     static                          
           ___if_lbl01065   0x0075e8    program     static                          
           ___if_lbl01070   0x007666    program     static                          
           ___if_lbl01072   0x007666    program     static                          
           ___if_lbl01074   0x007666    program     static                          
           ___if_lbl01076   0x007666    program     static                          
           ___if_lbl01081   0x0076da    program     static                          
           ___if_lbl01083   0x0076da    program     static                          
           ___if_lbl01085   0x0076da    program     static                          
           ___if_lbl01087   0x0076da    program     static                          
           ___if_lbl01094   0x007904    program     static                          
           ___if_lbl01096   0x007904    program     static                          
           ___if_lbl01098   0x007904    program     static                          
           ___if_lbl01100   0x007904    program     static                          
           ___if_lbl01106   0x007986    program     static                          
           ___if_lbl01108   0x007986    program     static                          
           ___if_lbl01110   0x007986    program     static                          
           ___if_lbl01112   0x007986    program     static                          
           ___if_lbl01117   0x0079fa    program     static                          
           ___if_lbl01119   0x0079fa    program     static                          
           ___if_lbl01121   0x0079fa    program     static                          
           ___if_lbl01123   0x0079fa    program     static                          
           ___if_lbl01128   0x007a78    program     static                          
           ___if_lbl01130   0x007a78    program     static                          
           ___if_lbl01132   0x007a78    program     static                          
           ___if_lbl01134   0x007a78    program     static                          
           ___if_lbl01145   0x007b98    program     static                          
           ___if_lbl01146   0x007ba0    program     static                          
           ___if_lbl01147   0x007bc6    program     static                          
           ___if_lbl01152   0x007ca0    program     static                          
           ___if_lbl01160   0x007cfc    program     static                          
           ___if_lbl01168   0x007d64    program     static                          
           ___if_lbl01175   0x007d88    program     static                          
           ___if_lbl01176   0x007d90    program     static                          
           ___if_lbl01183   0x007e7c    program     static                          
           ___if_lbl01190   0x007f6a    program     static                          
           ___if_lbl02007   0x00c216    program     static                          
       ___return_lbl00000   0x00000c    program     static                          
       ___return_lbl00000   0x000004    program     static                          
       ___return_lbl00001   0x00001c    program     static                          
       ___return_lbl00001   0x010e7a    program     static                          
       ___return_lbl00002   0x010e0c    program     static                          
       ___return_lbl00345   0x002790    program     static                          
       ___return_lbl00348   0x0028fc    program     static                          
       ___return_lbl01023   0x007ae6    program     static                          
       ___return_lbl01141   0x007fac    program     static                          
       ___return_lbl01995   0x00c2c0    program     static                          
       ___return_lbl02037   0x00c6d8    program     static                          
       ___return_lbl02041   0x00c72e    program     static                          
   ___switchexit_lbl01024   0x007ae6    program     static                          
   ___switchexit_lbl01033   0x00742c    program     static                          
   ___switchexit_lbl01049   0x007562    program     static                          
   ___switchexit_lbl01142   0x007fac    program     static                          
   ___switchexit_lbl01148   0x007d68    program     static                          
   ___switchexit_lbl01177   0x007f92    program     static                          
   ___switchexit_lbl01178   0x007e7c    program     static                          
   ___switchexit_lbl01185   0x007f6a    program     static                          
   ___switchexit_lbl02000   0x00c1da    program     static                          
        ___while_lbl01996   0x00c186    program     static                          
        ___while_lbl01997   0x00c18a    program     static                          
        ___while_lbl01998   0x00c18a    program     static                          
        ___while_lbl01999   0x00c18e    program     static                          
               __config_0   0x300000    program     static C:\Users\Zak\Google Drive\Sask Polytech\Year 2 - Semester 2\STROBE\lights.c
               __config_1   0x300001    program     static C:\Users\Zak\Google Drive\Sask Polytech\Year 2 - Semester 2\STROBE\lights.c
              __config_10   0x30000b    program     static C:\Users\Zak\Google Drive\Sask Polytech\Year 2 - Semester 2\STROBE\lights.c
               __config_2   0x300002    program     static C:\Users\Zak\Google Drive\Sask Polytech\Year 2 - Semester 2\STROBE\lights.c
               __config_3   0x300003    program     static C:\Users\Zak\Google Drive\Sask Polytech\Year 2 - Semester 2\STROBE\lights.c
               __config_4   0x300004    program     static C:\Users\Zak\Google Drive\Sask Polytech\Year 2 - Semester 2\STROBE\lights.c
               __config_5   0x300005    program     static C:\Users\Zak\Google Drive\Sask Polytech\Year 2 - Semester 2\STROBE\lights.c
               __config_6   0x300006    program     static C:\Users\Zak\Google Drive\Sask Polytech\Year 2 - Semester 2\STROBE\lights.c
               __config_7   0x300008    program     static C:\Users\Zak\Google Drive\Sask Polytech\Year 2 - Semester 2\STROBE\lights.c
               __config_8   0x300009    program     static C:\Users\Zak\Google Drive\Sask Polytech\Year 2 - Semester 2\STROBE\lights.c
               __config_9   0x30000a    program     static C:\Users\Zak\Google Drive\Sask Polytech\Year 2 - Semester 2\STROBE\lights.c
                   __init   0x000006    program     extern E:\c18v3.46\pic18-lt\cxx-framework\src\traditional\stdclib\__init.c
              __string_12   0x010e7c    program     static C:\Users\Zak\Google Drive\Sask Polytech\Year 2 - Semester 2\STROBE\lights.c
              __tmplbl_10   0x007618    program     static                          
             __tmplbl_100   0x0016b2    program     static                          
             __tmplbl_101   0x0016a4    program     static                          
             __tmplbl_102   0x001696    program     static                          
             __tmplbl_103   0x00168a    program     static                          
             __tmplbl_104   0x00168a    program     static                          
             __tmplbl_105   0x001600    program     static                          
             __tmplbl_106   0x001600    program     static                          
             __tmplbl_107   0x00157c    program     static                          
             __tmplbl_108   0x001574    program     static                          
             __tmplbl_109   0x001566    program     static                          
              __tmplbl_11   0x007612    program     static                          
             __tmplbl_110   0x00155e    program     static                          
             __tmplbl_111   0x001550    program     static                          
             __tmplbl_112   0x001548    program     static                          
             __tmplbl_113   0x00153a    program     static                          
             __tmplbl_114   0x001532    program     static                          
             __tmplbl_115   0x001524    program     static                          
             __tmplbl_116   0x001516    program     static                          
             __tmplbl_117   0x001506    program     static                          
             __tmplbl_118   0x0014f6    program     static                          
             __tmplbl_119   0x0014e8    program     static                          
              __tmplbl_12   0x007632    program     static                          
             __tmplbl_120   0x0014da    program     static                          
             __tmplbl_121   0x001398    program     static                          
             __tmplbl_122   0x00138a    program     static                          
             __tmplbl_123   0x00137c    program     static                          
             __tmplbl_124   0x00136e    program     static                          
             __tmplbl_125   0x001360    program     static                          
             __tmplbl_126   0x001354    program     static                          
             __tmplbl_127   0x0012ca    program     static                          
             __tmplbl_128   0x0012ba    program     static                          
             __tmplbl_129   0x0012aa    program     static                          
              __tmplbl_13   0x00762c    program     static                          
             __tmplbl_130   0x001220    program     static                          
             __tmplbl_131   0x001212    program     static                          
             __tmplbl_132   0x001204    program     static                          
             __tmplbl_133   0x0011f6    program     static                          
             __tmplbl_134   0x0011e8    program     static                          
             __tmplbl_135   0x0011dc    program     static                          
              __tmplbl_14   0x00764c    program     static                          
              __tmplbl_15   0x007646    program     static                          
              __tmplbl_16   0x00768c    program     static                          
             __tmplbl_169   0x0020e4    program     static                          
              __tmplbl_17   0x007686    program     static                          
             __tmplbl_170   0x0020e4    program     static                          
             __tmplbl_171   0x0020e4    program     static                          
             __tmplbl_173   0x0020e4    program     static                          
             __tmplbl_174   0x0020e4    program     static                          
             __tmplbl_175   0x0020e4    program     static                          
             __tmplbl_176   0x0020e4    program     static                          
             __tmplbl_177   0x0020e4    program     static                          
             __tmplbl_178   0x0020e4    program     static                          
             __tmplbl_179   0x0020e4    program     static                          
              __tmplbl_18   0x0076a6    program     static                          
             __tmplbl_180   0x0020e4    program     static                          
             __tmplbl_181   0x0020e4    program     static                          
             __tmplbl_182   0x0020e4    program     static                          
             __tmplbl_183   0x0020e4    program     static                          
             __tmplbl_184   0x0020e4    program     static                          
             __tmplbl_185   0x0020e4    program     static                          
             __tmplbl_186   0x0020e4    program     static                          
             __tmplbl_187   0x0020e4    program     static                          
             __tmplbl_188   0x0020e4    program     static                          
             __tmplbl_189   0x0020e4    program     static                          
              __tmplbl_19   0x0076a0    program     static                          
             __tmplbl_190   0x0020e4    program     static                          
             __tmplbl_191   0x0020e4    program     static                          
             __tmplbl_192   0x0020e4    program     static                          
             __tmplbl_193   0x0020e4    program     static                          
             __tmplbl_194   0x0020e4    program     static                          
             __tmplbl_195   0x0020e4    program     static                          
             __tmplbl_196   0x0020e4    program     static                          
             __tmplbl_197   0x0020e4    program     static                          
             __tmplbl_198   0x0020e4    program     static                          
             __tmplbl_199   0x0020e4    program     static                          
               __tmplbl_2   0x007506    program     static                          
              __tmplbl_20   0x0076c0    program     static                          
             __tmplbl_200   0x0020e4    program     static                          
             __tmplbl_201   0x0020e4    program     static                          
             __tmplbl_202   0x0020e4    program     static                          
             __tmplbl_203   0x0020e4    program     static                          
             __tmplbl_204   0x0020e4    program     static                          
             __tmplbl_205   0x0020e4    program     static                          
             __tmplbl_206   0x0020e4    program     static                          
             __tmplbl_207   0x0020e4    program     static                          
             __tmplbl_208   0x0020e4    program     static                          
             __tmplbl_209   0x0020e4    program     static                          
              __tmplbl_21   0x0076ba    program     static                          
             __tmplbl_210   0x0020e4    program     static                          
             __tmplbl_211   0x0020e4    program     static                          
             __tmplbl_212   0x0020e4    program     static                          
             __tmplbl_213   0x0020e4    program     static                          
             __tmplbl_214   0x0020e4    program     static                          
             __tmplbl_215   0x0020e4    program     static                          
             __tmplbl_216   0x0020e4    program     static                          
             __tmplbl_217   0x0020e4    program     static                          
             __tmplbl_218   0x0020e4    program     static                          
             __tmplbl_219   0x0020e4    program     static                          
              __tmplbl_22   0x007774    program     static                          
             __tmplbl_220   0x0020e4    program     static                          
             __tmplbl_221   0x0020e4    program     static                          
             __tmplbl_222   0x0020e4    program     static                          
             __tmplbl_223   0x0020e4    program     static                          
             __tmplbl_224   0x0020e4    program     static                          
             __tmplbl_225   0x0020e4    program     static                          
             __tmplbl_226   0x0020e4    program     static                          
             __tmplbl_227   0x0020e4    program     static                          
             __tmplbl_228   0x0020e4    program     static                          
             __tmplbl_229   0x0020e4    program     static                          
              __tmplbl_23   0x007764    program     static                          
             __tmplbl_230   0x0020e4    program     static                          
             __tmplbl_231   0x0020e4    program     static                          
             __tmplbl_232   0x0020e4    program     static                          
             __tmplbl_233   0x0020e4    program     static                          
             __tmplbl_234   0x0020e4    program     static                          
             __tmplbl_236   0x007172    program     static                          
             __tmplbl_237   0x0070c8    program     static                          
             __tmplbl_238   0x007024    program     static                          
             __tmplbl_239   0x006f80    program     static                          
              __tmplbl_24   0x0077ec    program     static                          
             __tmplbl_240   0x006edc    program     static                          
             __tmplbl_241   0x006e38    program     static                          
             __tmplbl_242   0x006d94    program     static                          
             __tmplbl_243   0x006d7a    program     static                          
             __tmplbl_244   0x006cf0    program     static                          
             __tmplbl_245   0x006b9a    program     static                          
             __tmplbl_246   0x006a48    program     static                          
             __tmplbl_247   0x006910    program     static                          
             __tmplbl_248   0x0067d4    program     static                          
             __tmplbl_249   0x0066a4    program     static                          
              __tmplbl_25   0x0077da    program     static                          
             __tmplbl_250   0x006572    program     static                          
             __tmplbl_251   0x0064b0    program     static                          
             __tmplbl_252   0x006400    program     static                          
             __tmplbl_253   0x006354    program     static                          
             __tmplbl_254   0x0062ac    program     static                          
             __tmplbl_255   0x006204    program     static                          
             __tmplbl_256   0x00617a    program     static                          
             __tmplbl_257   0x0060d0    program     static                          
             __tmplbl_258   0x006022    program     static                          
             __tmplbl_259   0x005f74    program     static                          
              __tmplbl_26   0x007864    program     static                          
             __tmplbl_260   0x005ec6    program     static                          
             __tmplbl_261   0x005e18    program     static                          
             __tmplbl_262   0x005d98    program     static                          
             __tmplbl_263   0x005d18    program     static                          
             __tmplbl_264   0x005c70    program     static                          
             __tmplbl_265   0x005bc4    program     static                          
             __tmplbl_266   0x005b1e    program     static                          
             __tmplbl_267   0x005a78    program     static                          
             __tmplbl_268   0x0059d2    program     static                          
             __tmplbl_269   0x00592c    program     static                          
              __tmplbl_27   0x007852    program     static                          
             __tmplbl_270   0x005886    program     static                          
             __tmplbl_271   0x005818    program     static                          
             __tmplbl_272   0x00579c    program     static                          
             __tmplbl_273   0x00572e    program     static                          
             __tmplbl_274   0x0056b2    program     static                          
             __tmplbl_275   0x005696    program     static                          
             __tmplbl_276   0x00560a    program     static                          
             __tmplbl_277   0x0054b2    program     static                          
             __tmplbl_278   0x00535e    program     static                          
             __tmplbl_279   0x005224    program     static                          
              __tmplbl_28   0x007938    program     static                          
             __tmplbl_280   0x0050e8    program     static                          
             __tmplbl_281   0x004fb8    program     static                          
             __tmplbl_282   0x004e86    program     static                          
             __tmplbl_283   0x004dc4    program     static                          
             __tmplbl_284   0x004d14    program     static                          
             __tmplbl_285   0x004c6c    program     static                          
             __tmplbl_286   0x004bc4    program     static                          
             __tmplbl_287   0x004b1c    program     static                          
             __tmplbl_288   0x004a92    program     static                          
             __tmplbl_289   0x0049e8    program     static                          
              __tmplbl_29   0x007932    program     static                          
             __tmplbl_290   0x00493c    program     static                          
             __tmplbl_291   0x00488e    program     static                          
             __tmplbl_292   0x0047e0    program     static                          
             __tmplbl_293   0x004732    program     static                          
             __tmplbl_294   0x0046b2    program     static                          
             __tmplbl_295   0x004632    program     static                          
             __tmplbl_296   0x004596    program     static                          
             __tmplbl_297   0x0044fe    program     static                          
             __tmplbl_298   0x004466    program     static                          
             __tmplbl_299   0x00444a    program     static                          
               __tmplbl_3   0x00750e    program     static                          
              __tmplbl_30   0x007952    program     static                          
             __tmplbl_300   0x00442e    program     static                          
             __tmplbl_301   0x004414    program     static                          
             __tmplbl_302   0x0043f8    program     static                          
             __tmplbl_303   0x004372    program     static                          
             __tmplbl_304   0x0042ec    program     static                          
             __tmplbl_305   0x004266    program     static                          
             __tmplbl_306   0x0041e2    program     static                          
             __tmplbl_307   0x00414e    program     static                          
             __tmplbl_308   0x0040ce    program     static                          
             __tmplbl_309   0x004022    program     static                          
              __tmplbl_31   0x00794c    program     static                          
             __tmplbl_310   0x003f76    program     static                          
             __tmplbl_311   0x003eca    program     static                          
             __tmplbl_312   0x003e1e    program     static                          
             __tmplbl_313   0x003cc6    program     static                          
             __tmplbl_314   0x003b8a    program     static                          
             __tmplbl_315   0x003a50    program     static                          
             __tmplbl_316   0x00392e    program     static                          
             __tmplbl_317   0x0037fe    program     static                          
             __tmplbl_318   0x0036e4    program     static                          
              __tmplbl_32   0x00796c    program     static                          
             __tmplbl_329   0x00721e    program     static                          
              __tmplbl_33   0x007966    program     static                          
             __tmplbl_330   0x00721e    program     static                          
             __tmplbl_331   0x00721e    program     static                          
             __tmplbl_332   0x00721e    program     static                          
             __tmplbl_333   0x00721e    program     static                          
             __tmplbl_334   0x00721e    program     static                          
             __tmplbl_336   0x00721e    program     static                          
             __tmplbl_338   0x00721e    program     static                          
              __tmplbl_34   0x0079ac    program     static                          
             __tmplbl_340   0x00721e    program     static                          
             __tmplbl_343   0x00721e    program     static                          
             __tmplbl_344   0x00721e    program     static                          
             __tmplbl_345   0x00721e    program     static                          
             __tmplbl_346   0x00721e    program     static                          
             __tmplbl_348   0x00721e    program     static                          
              __tmplbl_35   0x0079a6    program     static                          
             __tmplbl_350   0x00721e    program     static                          
             __tmplbl_352   0x00721e    program     static                          
             __tmplbl_354   0x00721e    program     static                          
             __tmplbl_356   0x00721e    program     static                          
             __tmplbl_359   0x00721e    program     static                          
              __tmplbl_36   0x0079c6    program     static                          
             __tmplbl_361   0x00721e    program     static                          
             __tmplbl_362   0x00721e    program     static                          
             __tmplbl_363   0x00721e    program     static                          
             __tmplbl_364   0x00721e    program     static                          
             __tmplbl_365   0x00721e    program     static                          
             __tmplbl_366   0x00721e    program     static                          
             __tmplbl_367   0x00721e    program     static                          
             __tmplbl_368   0x00721e    program     static                          
             __tmplbl_369   0x00721e    program     static                          
              __tmplbl_37   0x0079c0    program     static                          
             __tmplbl_370   0x00721e    program     static                          
             __tmplbl_371   0x00721e    program     static                          
             __tmplbl_372   0x00721e    program     static                          
             __tmplbl_373   0x00721e    program     static                          
             __tmplbl_374   0x00721e    program     static                          
             __tmplbl_375   0x00721e    program     static                          
             __tmplbl_376   0x00721e    program     static                          
             __tmplbl_377   0x00721e    program     static                          
             __tmplbl_378   0x00721e    program     static                          
             __tmplbl_379   0x00721e    program     static                          
              __tmplbl_38   0x0079e0    program     static                          
             __tmplbl_380   0x00721e    program     static                          
             __tmplbl_381   0x00721e    program     static                          
             __tmplbl_382   0x00721e    program     static                          
             __tmplbl_383   0x00721e    program     static                          
             __tmplbl_384   0x00721e    program     static                          
             __tmplbl_385   0x00721e    program     static                          
             __tmplbl_386   0x00721e    program     static                          
             __tmplbl_387   0x00721e    program     static                          
             __tmplbl_388   0x00721e    program     static                          
             __tmplbl_389   0x00721e    program     static                          
              __tmplbl_39   0x0079da    program     static                          
             __tmplbl_390   0x00721e    program     static                          
             __tmplbl_391   0x00721e    program     static                          
             __tmplbl_393   0x00721e    program     static                          
             __tmplbl_395   0x00721e    program     static                          
             __tmplbl_398   0x00721e    program     static                          
               __tmplbl_4   0x00759a    program     static                          
              __tmplbl_40   0x007a2a    program     static                          
             __tmplbl_400   0x00721e    program     static                          
             __tmplbl_403   0x00721e    program     static                          
             __tmplbl_405   0x00721e    program     static                          
             __tmplbl_406   0x00721e    program     static                          
             __tmplbl_407   0x00721e    program     static                          
             __tmplbl_408   0x00721e    program     static                          
             __tmplbl_409   0x00721e    program     static                          
              __tmplbl_41   0x007a24    program     static                          
             __tmplbl_410   0x00721e    program     static                          
             __tmplbl_411   0x00721e    program     static                          
             __tmplbl_412   0x00721e    program     static                          
             __tmplbl_413   0x00721e    program     static                          
             __tmplbl_414   0x00721e    program     static                          
             __tmplbl_415   0x00721e    program     static                          
             __tmplbl_416   0x00721e    program     static                          
             __tmplbl_417   0x00721e    program     static                          
             __tmplbl_418   0x00721e    program     static                          
             __tmplbl_419   0x00721e    program     static                          
              __tmplbl_42   0x007a44    program     static                          
             __tmplbl_420   0x00721e    program     static                          
             __tmplbl_421   0x00721e    program     static                          
             __tmplbl_422   0x00721e    program     static                          
             __tmplbl_423   0x00721e    program     static                          
             __tmplbl_424   0x00721e    program     static                          
             __tmplbl_425   0x00721e    program     static                          
             __tmplbl_426   0x00721e    program     static                          
             __tmplbl_427   0x00721e    program     static                          
             __tmplbl_428   0x00721e    program     static                          
             __tmplbl_429   0x00721e    program     static                          
              __tmplbl_43   0x007a3e    program     static                          
             __tmplbl_430   0x00721e    program     static                          
             __tmplbl_431   0x00721e    program     static                          
             __tmplbl_433   0x00721e    program     static                          
             __tmplbl_435   0x00721e    program     static                          
             __tmplbl_438   0x00721e    program     static                          
              __tmplbl_44   0x007a5e    program     static                          
              __tmplbl_45   0x007a58    program     static                          
               __tmplbl_5   0x007594    program     static                          
             __tmplbl_535   0x00af56    program     static                          
             __tmplbl_536   0x00af56    program     static                          
             __tmplbl_537   0x00af2e    program     static                          
             __tmplbl_538   0x00af2e    program     static                          
             __tmplbl_539   0x00af06    program     static                          
             __tmplbl_540   0x00af06    program     static                          
             __tmplbl_541   0x00aede    program     static                          
             __tmplbl_542   0x00aede    program     static                          
             __tmplbl_543   0x00aeb6    program     static                          
             __tmplbl_544   0x00aeb6    program     static                          
             __tmplbl_545   0x00ae8e    program     static                          
             __tmplbl_546   0x00ae8e    program     static                          
             __tmplbl_547   0x00ae66    program     static                          
               __tmplbl_6   0x0075b4    program     static                          
              __tmplbl_65   0x002062    program     static                          
              __tmplbl_66   0x002058    program     static                          
              __tmplbl_67   0x002042    program     static                          
              __tmplbl_68   0x00202c    program     static                          
              __tmplbl_69   0x001e18    program     static                          
               __tmplbl_7   0x0075ae    program     static                          
              __tmplbl_70   0x001e0c    program     static                          
              __tmplbl_71   0x001e00    program     static                          
              __tmplbl_72   0x001df4    program     static                          
              __tmplbl_73   0x001de8    program     static                          
              __tmplbl_74   0x001d66    program     static                          
              __tmplbl_75   0x001d60    program     static                          
              __tmplbl_76   0x001d54    program     static                          
              __tmplbl_77   0x001d4e    program     static                          
              __tmplbl_78   0x001d42    program     static                          
              __tmplbl_79   0x001d3c    program     static                          
             __tmplbl_795   0x00d338    program     static                          
             __tmplbl_796   0x00d32c    program     static                          
             __tmplbl_797   0x00d320    program     static                          
             __tmplbl_798   0x00d314    program     static                          
             __tmplbl_799   0x00d2c8    program     static                          
               __tmplbl_8   0x0075ce    program     static                          
              __tmplbl_80   0x001d30    program     static                          
             __tmplbl_800   0x00d2be    program     static                          
             __tmplbl_801   0x00d2b4    program     static                          
             __tmplbl_802   0x00d2aa    program     static                          
             __tmplbl_803   0x00d2a0    program     static                          
             __tmplbl_804   0x00d296    program     static                          
             __tmplbl_805   0x00d28c    program     static                          
             __tmplbl_806   0x00d282    program     static                          
             __tmplbl_807   0x00d278    program     static                          
             __tmplbl_808   0x00d26e    program     static                          
             __tmplbl_809   0x00d264    program     static                          
              __tmplbl_81   0x001d2a    program     static                          
             __tmplbl_810   0x00d258    program     static                          
             __tmplbl_811   0x00d24c    program     static                          
             __tmplbl_812   0x00d240    program     static                          
              __tmplbl_82   0x001d1e    program     static                          
              __tmplbl_83   0x001d12    program     static                          
              __tmplbl_84   0x001d04    program     static                          
              __tmplbl_85   0x001cf6    program     static                          
              __tmplbl_86   0x001cea    program     static                          
              __tmplbl_87   0x001cde    program     static                          
              __tmplbl_88   0x0019da    program     static                          
             __tmplbl_888   0x00fb6e    program     static                          
             __tmplbl_889   0x00f152    program     static                          
              __tmplbl_89   0x0019ce    program     static                          
             __tmplbl_890   0x00e3b4    program     static                          
             __tmplbl_891   0x00e29a    program     static                          
             __tmplbl_892   0x00fc12    program     static                          
               __tmplbl_9   0x0075c8    program     static                          
              __tmplbl_90   0x0019c2    program     static                          
              __tmplbl_91   0x0019b6    program     static                          
              __tmplbl_92   0x0019aa    program     static                          
              __tmplbl_93   0x0019a0    program     static                          
             __tmplbl_937   0x00fc12    program     static                          
             __tmplbl_938   0x00fc12    program     static                          
             __tmplbl_939   0x00f0e2    program     static                          
              __tmplbl_94   0x001918    program     static                          
             __tmplbl_940   0x00fc12    program     static                          
              __tmplbl_95   0x00190e    program     static                          
              __tmplbl_96   0x0018f8    program     static                          
              __tmplbl_97   0x0018e2    program     static                          
              __tmplbl_98   0x0016ce    program     static                          
             __tmplbl_986   0x00fc12    program     static                          
             __tmplbl_987   0x00fc12    program     static                          
              __tmplbl_99   0x0016c0    program     static                          
             __tmplbl_992   0x00fb6c    program     static                          
             __tmplbl_993   0x00fb6c    program     static                          
             __tmplbl_994   0x00fb6c    program     static                          
            __zero_memory   0x010e40    program     extern E:\c18v3.46\pic18-lt\cxx-framework\src\traditional\proc\p18f87k90.asm
                _do_cinit   0x010d70    program     extern E:\c18v3.46\pic18-lt\cxx-framework\src\traditional\startup\c018i.c
                   _entry   0x000000    program     extern E:\c18v3.46\pic18-lt\cxx-framework\src\traditional\startup\c018i.c
                 _startup   0x010e60    program     extern E:\c18v3.46\pic18-lt\cxx-framework\src\traditional\startup\c018i.c
                 adc_init   0x00045a    program     extern C:\Users\Zak\Google Drive\Sask Polytech\Year 2 - Semester 2\STROBE\initializations.c
                    blink   0x00802a    program     extern C:\Users\Zak\Google Drive\Sask Polytech\Year 2 - Semester 2\STROBE\blink.c
           buttons_action   0x0029fa    program     extern C:\Users\Zak\Google Drive\Sask Polytech\Year 2 - Semester 2\STROBE\buttons.c
            buttons_check   0x00293a    program     extern C:\Users\Zak\Google Drive\Sask Polytech\Year 2 - Semester 2\STROBE\buttons.c
          change_color_l1   0x011500    program     extern C:\Users\Zak\Google Drive\Sask Polytech\Year 2 - Semester 2\STROBE\menus.h
          change_color_l2   0x011515    program     extern C:\Users\Zak\Google Drive\Sask Polytech\Year 2 - Semester 2\STROBE\menus.h
          change_color_l3   0x01152a    program     extern C:\Users\Zak\Google Drive\Sask Polytech\Year 2 - Semester 2\STROBE\menus.h
          change_color_l4   0x01153f    program     extern C:\Users\Zak\Google Drive\Sask Polytech\Year 2 - Semester 2\STROBE\menus.h
                compare_l   0x010e56    program     static E:\c18v3.46\pic18-lt\cxx-framework\src\traditional\proc\p18f87k90.asm
                copy_loop   0x010de2    program     static                          
            copy_one_byte   0x010de8    program     static                          
                     done   0x010e0c    program     static                          
             done_copying   0x010df6    program     static                          
           high_interrupt   0x000008    program     extern C:\Users\Zak\Google Drive\Sask Polytech\Year 2 - Semester 2\STROBE\STROBE.c
   high_interrupt_routine   0x00048a    program     extern C:\Users\Zak\Google Drive\Sask Polytech\Year 2 - Semester 2\STROBE\interrupts.c
                 int_init   0x000174    program     extern C:\Users\Zak\Google Drive\Sask Polytech\Year 2 - Semester 2\STROBE\initializations.c
                 jANotInf   0x010ac0    program     static E:\c18v3.46\pic18-lt\cxx-framework\src\traditional\math\mulFP.asm
                 jANotInf   0x01099e    program     static E:\c18v3.46\pic18-lt\cxx-framework\src\traditional\math\addFP.asm
                 jANotNeg   0x010a32    program     static E:\c18v3.46\pic18-lt\cxx-framework\src\traditional\math\addFP.asm
              jAandWsetup   0x010a02    program     static E:\c18v3.46\pic18-lt\cxx-framework\src\traditional\math\addFP.asm
                 jAltBexp   0x0109f0    program     static E:\c18v3.46\pic18-lt\cxx-framework\src\traditional\math\addFP.asm
                jBANotInf   0x010994    program     static E:\c18v3.46\pic18-lt\cxx-framework\src\traditional\math\addFP.asm
                 jBNotInf   0x0109ac    program     static E:\c18v3.46\pic18-lt\cxx-framework\src\traditional\math\addFP.asm
              jBothFinite   0x010ace    program     static E:\c18v3.46\pic18-lt\cxx-framework\src\traditional\math\mulFP.asm
             jBothNotZero   0x010ada    program     static E:\c18v3.46\pic18-lt\cxx-framework\src\traditional\math\mulFP.asm
            jDifOrPosSign   0x0109c0    program     static E:\c18v3.46\pic18-lt\cxx-framework\src\traditional\math\addFP.asm
                     jEnd   0x010e3e    program     static E:\c18v3.46\pic18-lt\cxx-framework\src\traditional\stdclib\scpyp2r.asm
                    jExit   0x010c62    program     static E:\c18v3.46\pic18-lt\cxx-framework\src\traditional\math\castFP16.asm
                    jExit   0x010c04    program     static E:\c18v3.46\pic18-lt\cxx-framework\src\traditional\math\castFP08.asm
               jFinalSign   0x010a9a    program     static E:\c18v3.46\pic18-lt\cxx-framework\src\traditional\math\addFP.asm
                jHaveZero   0x010ad6    program     static E:\c18v3.46\pic18-lt\cxx-framework\src\traditional\math\mulFP.asm
                jI2F08Beg   0x010936    program     static E:\c18v3.46\pic18-lt\cxx-framework\src\traditional\math\cast08FP.asm
                jI2F16Beg   0x01095e    program     static E:\c18v3.46\pic18-lt\cxx-framework\src\traditional\math\cast16FP.asm
                    jLoop   0x010bec    program     static E:\c18v3.46\pic18-lt\cxx-framework\src\traditional\math\castFP08.asm
                    jLoop   0x010e34    program     static E:\c18v3.46\pic18-lt\cxx-framework\src\traditional\stdclib\scpyp2r.asm
                    jLoop   0x010c42    program     static E:\c18v3.46\pic18-lt\cxx-framework\src\traditional\math\castFP16.asm
                jLoopExit   0x010bfa    program     static E:\c18v3.46\pic18-lt\cxx-framework\src\traditional\math\castFP08.asm
                jLoopExit   0x010c52    program     static E:\c18v3.46\pic18-lt\cxx-framework\src\traditional\math\castFP16.asm
                     jMax   0x010c16    program     static E:\c18v3.46\pic18-lt\cxx-framework\src\traditional\math\castFP16.asm
                     jMax   0x010bc8    program     static E:\c18v3.46\pic18-lt\cxx-framework\src\traditional\math\castFP08.asm
                  jMaxNeg   0x010bd2    program     static E:\c18v3.46\pic18-lt\cxx-framework\src\traditional\math\castFP08.asm
                  jMaxNeg   0x010c24    program     static E:\c18v3.46\pic18-lt\cxx-framework\src\traditional\math\castFP16.asm
                  jMaxPos   0x010c1a    program     static E:\c18v3.46\pic18-lt\cxx-framework\src\traditional\math\castFP16.asm
                  jMaxPos   0x010bcc    program     static E:\c18v3.46\pic18-lt\cxx-framework\src\traditional\math\castFP08.asm
             jNotBothZero   0x0109c4    program     static E:\c18v3.46\pic18-lt\cxx-framework\src\traditional\math\addFP.asm
                  jNotInf   0x010c32    program     static E:\c18v3.46\pic18-lt\cxx-framework\src\traditional\math\castFP16.asm
                  jNotInf   0x010bdc    program     static E:\c18v3.46\pic18-lt\cxx-framework\src\traditional\math\castFP08.asm
                  jPkLoop   0x010caa    program     static E:\c18v3.46\pic18-lt\cxx-framework\src\traditional\math\packFP.asm
             jPkRoundDone   0x010cf4    program     static E:\c18v3.46\pic18-lt\cxx-framework\src\traditional\math\packFP.asm
               jPkRoundIt   0x010cdc    program     static E:\c18v3.46\pic18-lt\cxx-framework\src\traditional\math\packFP.asm
             jPkShiftDone   0x010cc6    program     static E:\c18v3.46\pic18-lt\cxx-framework\src\traditional\math\packFP.asm
           jReturnPosInf0   0x010c80    program     static E:\c18v3.46\pic18-lt\cxx-framework\src\traditional\math\packFP.asm
               jShiftDone   0x010a5a    program     static E:\c18v3.46\pic18-lt\cxx-framework\src\traditional\math\addFP.asm
               jShiftLoop   0x010a4c    program     static E:\c18v3.46\pic18-lt\cxx-framework\src\traditional\math\addFP.asm
                jSignDone   0x010a8a    program     static E:\c18v3.46\pic18-lt\cxx-framework\src\traditional\math\addFP.asm
                  jUnpkA1   0x010d1e    program     static E:\c18v3.46\pic18-lt\cxx-framework\src\traditional\math\UnpackFP.asm
                  jUnpkA2   0x010d36    program     static E:\c18v3.46\pic18-lt\cxx-framework\src\traditional\math\UnpackFP.asm
                 jUnpkANZ   0x010d2c    program     static E:\c18v3.46\pic18-lt\cxx-framework\src\traditional\math\UnpackFP.asm
                  jUnpkB1   0x010d4e    program     static E:\c18v3.46\pic18-lt\cxx-framework\src\traditional\math\UnpackFP.asm
                  jUnpkB2   0x010d66    program     static E:\c18v3.46\pic18-lt\cxx-framework\src\traditional\math\UnpackFP.asm
                 jUnpkBNZ   0x010d5c    program     static E:\c18v3.46\pic18-lt\cxx-framework\src\traditional\math\UnpackFP.asm
                 jUnpkNaN   0x010d40    program     static E:\c18v3.46\pic18-lt\cxx-framework\src\traditional\math\UnpackFP.asm
                 jWNotNeg   0x010a46    program     static E:\c18v3.46\pic18-lt\cxx-framework\src\traditional\math\addFP.asm
                    jZero   0x010bd8    program     static E:\c18v3.46\pic18-lt\cxx-framework\src\traditional\math\castFP08.asm
                    jZero   0x010c2c    program     static E:\c18v3.46\pic18-lt\cxx-framework\src\traditional\math\castFP16.asm
               jZero1and2   0x010c84    program     static E:\c18v3.46\pic18-lt\cxx-framework\src\traditional\math\packFP.asm
         lights_dutycycle   0x01069c    program     extern C:\Users\Zak\Google Drive\Sask Polytech\Year 2 - Semester 2\STROBE\lights.c
         lights_frequency   0x0103ac    program     extern C:\Users\Zak\Google Drive\Sask Polytech\Year 2 - Semester 2\STROBE\lights.c
   lights_frequency_stage   0x00fde8    program     extern C:\Users\Zak\Google Drive\Sask Polytech\Year 2 - Semester 2\STROBE\lights.c
             lights_stage   0x00d66c    program     extern C:\Users\Zak\Google Drive\Sask Polytech\Year 2 - Semester 2\STROBE\lights.c
       lights_strobelight   0x00fc26    program     extern C:\Users\Zak\Google Drive\Sask Polytech\Year 2 - Semester 2\STROBE\lights.c
                     loop   0x010e70    program     static                          
                   loop_h   0x010e4e    program     static E:\c18v3.46\pic18-lt\cxx-framework\src\traditional\proc\p18f87k90.asm
                   loop_l   0x010e58    program     static E:\c18v3.46\pic18-lt\cxx-framework\src\traditional\proc\p18f87k90.asm
            low_interrupt   0x000018    program     extern C:\Users\Zak\Google Drive\Sask Polytech\Year 2 - Semester 2\STROBE\STROBE.c
    low_interrupt_routine   0x00049c    program     extern C:\Users\Zak\Google Drive\Sask Polytech\Year 2 - Semester 2\STROBE\interrupts.c
                     main   0x000050    program     extern C:\Users\Zak\Google Drive\Sask Polytech\Year 2 - Semester 2\STROBE\STROBE.c
          manual_menu1_l1   0x0119ec    program     extern C:\Users\Zak\Google Drive\Sask Polytech\Year 2 - Semester 2\STROBE\menus.h
          manual_menu1_l2   0x011a01    program     extern C:\Users\Zak\Google Drive\Sask Polytech\Year 2 - Semester 2\STROBE\menus.h
          manual_menu1_l3   0x011a16    program     extern C:\Users\Zak\Google Drive\Sask Polytech\Year 2 - Semester 2\STROBE\menus.h
          manual_menu1_l4   0x011a2b    program     extern C:\Users\Zak\Google Drive\Sask Polytech\Year 2 - Semester 2\STROBE\menus.h
          manual_save1_l1   0x011a40    program     extern C:\Users\Zak\Google Drive\Sask Polytech\Year 2 - Semester 2\STROBE\menus.h
          manual_save1_l2   0x011a55    program     extern C:\Users\Zak\Google Drive\Sask Polytech\Year 2 - Semester 2\STROBE\menus.h
          manual_save1_l3   0x011a6a    program     extern C:\Users\Zak\Google Drive\Sask Polytech\Year 2 - Semester 2\STROBE\menus.h
          manual_save1_l4   0x011a7f    program     extern C:\Users\Zak\Google Drive\Sask Polytech\Year 2 - Semester 2\STROBE\menus.h
                mem_erase   0x00c750    program     extern C:\Users\Zak\Google Drive\Sask Polytech\Year 2 - Semester 2\STROBE\mem.c
   mem_manual_load_lights   0x00c3ae    program     extern C:\Users\Zak\Google Drive\Sask Polytech\Year 2 - Semester 2\STROBE\mem.c
          mem_manual_save   0x00c17c    program     extern C:\Users\Zak\Google Drive\Sask Polytech\Year 2 - Semester 2\STROBE\mem.c
           mem_print_name   0x00c2ca    program     extern C:\Users\Zak\Google Drive\Sask Polytech\Year 2 - Semester 2\STROBE\mem.c
                 mem_read   0x00c68e    program     extern C:\Users\Zak\Google Drive\Sask Polytech\Year 2 - Semester 2\STROBE\mem.c
                mem_write   0x00c6e2    program     extern C:\Users\Zak\Google Drive\Sask Polytech\Year 2 - Semester 2\STROBE\mem.c
            mem_write_cmd   0x00c738    program     extern C:\Users\Zak\Google Drive\Sask Polytech\Year 2 - Semester 2\STROBE\mem.c
           memory_slot_l1   0x011554    program     extern C:\Users\Zak\Google Drive\Sask Polytech\Year 2 - Semester 2\STROBE\menus.h
           memory_slot_l2   0x011569    program     extern C:\Users\Zak\Google Drive\Sask Polytech\Year 2 - Semester 2\STROBE\menus.h
           memory_slot_l3   0x01157e    program     extern C:\Users\Zak\Google Drive\Sask Polytech\Year 2 - Semester 2\STROBE\menus.h
           memory_slot_l4   0x011593    program     extern C:\Users\Zak\Google Drive\Sask Polytech\Year 2 - Semester 2\STROBE\menus.h
          motion_menu1_l1   0x0118c6    program     extern C:\Users\Zak\Google Drive\Sask Polytech\Year 2 - Semester 2\STROBE\menus.h
          motion_menu1_l2   0x0118db    program     extern C:\Users\Zak\Google Drive\Sask Polytech\Year 2 - Semester 2\STROBE\menus.h
          motion_menu1_l3   0x0118f0    program     extern C:\Users\Zak\Google Drive\Sask Polytech\Year 2 - Semester 2\STROBE\menus.h
          motion_menu1_l4   0x011905    program     extern C:\Users\Zak\Google Drive\Sask Polytech\Year 2 - Semester 2\STROBE\menus.h
     motion_menu1a_off_l1   0x01191a    program     extern C:\Users\Zak\Google Drive\Sask Polytech\Year 2 - Semester 2\STROBE\menus.h
     motion_menu1a_off_l4   0x01192f    program     extern C:\Users\Zak\Google Drive\Sask Polytech\Year 2 - Semester 2\STROBE\menus.h
      motion_menu1a_on_l1   0x011944    program     extern C:\Users\Zak\Google Drive\Sask Polytech\Year 2 - Semester 2\STROBE\menus.h
      motion_menu1a_on_l4   0x011959    program     extern C:\Users\Zak\Google Drive\Sask Polytech\Year 2 - Semester 2\STROBE\menus.h
     motion_menu1c_off_l3   0x01196e    program     extern C:\Users\Zak\Google Drive\Sask Polytech\Year 2 - Semester 2\STROBE\menus.h
      motion_menu1c_on_l3   0x011983    program     extern C:\Users\Zak\Google Drive\Sask Polytech\Year 2 - Semester 2\STROBE\menus.h
          motion_menu2_l1   0x011998    program     extern C:\Users\Zak\Google Drive\Sask Polytech\Year 2 - Semester 2\STROBE\menus.h
          motion_menu2_l2   0x0119ad    program     extern C:\Users\Zak\Google Drive\Sask Polytech\Year 2 - Semester 2\STROBE\menus.h
          motion_menu2_l3   0x0119c2    program     extern C:\Users\Zak\Google Drive\Sask Polytech\Year 2 - Semester 2\STROBE\menus.h
          motion_menu2_l4   0x0119d7    program     extern C:\Users\Zak\Google Drive\Sask Polytech\Year 2 - Semester 2\STROBE\menus.h
oled_create_custom_cursor   0x0022b8    program     extern C:\Users\Zak\Google Drive\Sask Polytech\Year 2 - Semester 2\STROBE\oled.c
  oled_create_custom_load   0x002358    program     extern C:\Users\Zak\Google Drive\Sask Polytech\Year 2 - Semester 2\STROBE\oled.c
                oled_init   0x0002ba    program     extern C:\Users\Zak\Google Drive\Sask Polytech\Year 2 - Semester 2\STROBE\initializations.c
           oled_load_menu   0x000718    program     extern C:\Users\Zak\Google Drive\Sask Polytech\Year 2 - Semester 2\STROBE\oled.c
           oled_load_zone   0x0020f8    program     extern C:\Users\Zak\Google Drive\Sask Polytech\Year 2 - Semester 2\STROBE\oled.c
         oled_move_cursor   0x002230    program     extern C:\Users\Zak\Google Drive\Sask Polytech\Year 2 - Semester 2\STROBE\oled.c
               oled_print   0x0027a4    program     extern C:\Users\Zak\Google Drive\Sask Polytech\Year 2 - Semester 2\STROBE\oled.c
         oled_send_buffer   0x0005ce    program     extern C:\Users\Zak\Google Drive\Sask Polytech\Year 2 - Semester 2\STROBE\oled.c
        oled_send_command   0x0025fa    program     extern C:\Users\Zak\Google Drive\Sask Polytech\Year 2 - Semester 2\STROBE\oled.c
                 osc_init   0x000118    program     extern C:\Users\Zak\Google Drive\Sask Polytech\Year 2 - Semester 2\STROBE\initializations.c
                port_init   0x000138    program     extern C:\Users\Zak\Google Drive\Sask Polytech\Year 2 - Semester 2\STROBE\initializations.c
        preset_long_blue1   0x01d040    program     extern C:\Users\Zak\Google Drive\Sask Polytech\Year 2 - Semester 2\STROBE\memory.h
       preset_long_blue10   0x01d270    program     extern C:\Users\Zak\Google Drive\Sask Polytech\Year 2 - Semester 2\STROBE\memory.h
       preset_long_blue11   0x01d2c0    program     extern C:\Users\Zak\Google Drive\Sask Polytech\Year 2 - Semester 2\STROBE\memory.h
       preset_long_blue12   0x01d2f0    program     extern C:\Users\Zak\Google Drive\Sask Polytech\Year 2 - Semester 2\STROBE\memory.h
       preset_long_blue13   0x01d340    program     extern C:\Users\Zak\Google Drive\Sask Polytech\Year 2 - Semester 2\STROBE\memory.h
       preset_long_blue14   0x01d370    program     extern C:\Users\Zak\Google Drive\Sask Polytech\Year 2 - Semester 2\STROBE\memory.h
       preset_long_blue15   0x01d3c0    program     extern C:\Users\Zak\Google Drive\Sask Polytech\Year 2 - Semester 2\STROBE\memory.h
       preset_long_blue16   0x01d3f0    program     extern C:\Users\Zak\Google Drive\Sask Polytech\Year 2 - Semester 2\STROBE\memory.h
       preset_long_blue17   0x01d440    program     extern C:\Users\Zak\Google Drive\Sask Polytech\Year 2 - Semester 2\STROBE\memory.h
       preset_long_blue18   0x01d470    program     extern C:\Users\Zak\Google Drive\Sask Polytech\Year 2 - Semester 2\STROBE\memory.h
       preset_long_blue19   0x01d4c0    program     extern C:\Users\Zak\Google Drive\Sask Polytech\Year 2 - Semester 2\STROBE\memory.h
        preset_long_blue2   0x01d070    program     extern C:\Users\Zak\Google Drive\Sask Polytech\Year 2 - Semester 2\STROBE\memory.h
       preset_long_blue20   0x01d4f0    program     extern C:\Users\Zak\Google Drive\Sask Polytech\Year 2 - Semester 2\STROBE\memory.h
       preset_long_blue21   0x01d540    program     extern C:\Users\Zak\Google Drive\Sask Polytech\Year 2 - Semester 2\STROBE\memory.h
       preset_long_blue22   0x01d570    program     extern C:\Users\Zak\Google Drive\Sask Polytech\Year 2 - Semester 2\STROBE\memory.h
       preset_long_blue23   0x01d5c0    program     extern C:\Users\Zak\Google Drive\Sask Polytech\Year 2 - Semester 2\STROBE\memory.h
       preset_long_blue24   0x01d5f0    program     extern C:\Users\Zak\Google Drive\Sask Polytech\Year 2 - Semester 2\STROBE\memory.h
       preset_long_blue25   0x01d640    program     extern C:\Users\Zak\Google Drive\Sask Polytech\Year 2 - Semester 2\STROBE\memory.h
       preset_long_blue26   0x01d670    program     extern C:\Users\Zak\Google Drive\Sask Polytech\Year 2 - Semester 2\STROBE\memory.h
       preset_long_blue27   0x01d6c0    program     extern C:\Users\Zak\Google Drive\Sask Polytech\Year 2 - Semester 2\STROBE\memory.h
       preset_long_blue28   0x01d6f0    program     extern C:\Users\Zak\Google Drive\Sask Polytech\Year 2 - Semester 2\STROBE\memory.h
       preset_long_blue29   0x01d740    program     extern C:\Users\Zak\Google Drive\Sask Polytech\Year 2 - Semester 2\STROBE\memory.h
        preset_long_blue3   0x01d0c0    program     extern C:\Users\Zak\Google Drive\Sask Polytech\Year 2 - Semester 2\STROBE\memory.h
       preset_long_blue30   0x01d770    program     extern C:\Users\Zak\Google Drive\Sask Polytech\Year 2 - Semester 2\STROBE\memory.h
       preset_long_blue31   0x01d7c0    program     extern C:\Users\Zak\Google Drive\Sask Polytech\Year 2 - Semester 2\STROBE\memory.h
       preset_long_blue32   0x01d7f0    program     extern C:\Users\Zak\Google Drive\Sask Polytech\Year 2 - Semester 2\STROBE\memory.h
       preset_long_blue33   0x01d840    program     extern C:\Users\Zak\Google Drive\Sask Polytech\Year 2 - Semester 2\STROBE\memory.h
[...]
              HLVDCONbits   0x000fa8       data     extern E:\c18v3.46\pic18-lt\cxx-framework\src\traditional\proc\p18f87k90.asm
                  HLVDCON   0x000fa8       data     extern E:\c18v3.46\pic18-lt\cxx-framework\src\traditional\proc\p18f87k90.asm
                     IPR6   0x000fa9       data     extern E:\c18v3.46\pic18-lt\cxx-framework\src\traditional\proc\p18f87k90.asm
                 IPR6bits   0x000fa9       data     extern E:\c18v3.46\pic18-lt\cxx-framework\src\traditional\proc\p18f87k90.asm
                   T1GCON   0x000faa       data     extern E:\c18v3.46\pic18-lt\cxx-framework\src\traditional\proc\p18f87k90.asm
               T1GCONbits   0x000faa       data     extern E:\c18v3.46\pic18-lt\cxx-framework\src\traditional\proc\p18f87k90.asm
                    RCSTA   0x000fab       data     extern E:\c18v3.46\pic18-lt\cxx-framework\src\traditional\proc\p18f87k90.asm
                   RCSTA1   0x000fab       data     extern E:\c18v3.46\pic18-lt\cxx-framework\src\traditional\proc\p18f87k90.asm
               RCSTA1bits   0x000fab       data     extern E:\c18v3.46\pic18-lt\cxx-framework\src\traditional\proc\p18f87k90.asm
                RCSTAbits   0x000fab       data     extern E:\c18v3.46\pic18-lt\cxx-framework\src\traditional\proc\p18f87k90.asm
               TXSTA1bits   0x000fac       data     extern E:\c18v3.46\pic18-lt\cxx-framework\src\traditional\proc\p18f87k90.asm
                TXSTAbits   0x000fac       data     extern E:\c18v3.46\pic18-lt\cxx-framework\src\traditional\proc\p18f87k90.asm
                    TXSTA   0x000fac       data     extern E:\c18v3.46\pic18-lt\cxx-framework\src\traditional\proc\p18f87k90.asm
                   TXSTA1   0x000fac       data     extern E:\c18v3.46\pic18-lt\cxx-framework\src\traditional\proc\p18f87k90.asm
                   TXREG1   0x000fad       data     extern E:\c18v3.46\pic18-lt\cxx-framework\src\traditional\proc\p18f87k90.asm
                    TXREG   0x000fad       data     extern E:\c18v3.46\pic18-lt\cxx-framework\src\traditional\proc\p18f87k90.asm
                   RCREG1   0x000fae       data     extern E:\c18v3.46\pic18-lt\cxx-framework\src\traditional\proc\p18f87k90.asm
                    RCREG   0x000fae       data     extern E:\c18v3.46\pic18-lt\cxx-framework\src\traditional\proc\p18f87k90.asm
                   SPBRG1   0x000faf       data     extern E:\c18v3.46\pic18-lt\cxx-framework\src\traditional\proc\p18f87k90.asm
                    SPBRG   0x000faf       data     extern E:\c18v3.46\pic18-lt\cxx-framework\src\traditional\proc\p18f87k90.asm
               T3GCONbits   0x000fb0       data     extern E:\c18v3.46\pic18-lt\cxx-framework\src\traditional\proc\p18f87k90.asm
                   T3GCON   0x000fb0       data     extern E:\c18v3.46\pic18-lt\cxx-framework\src\traditional\proc\p18f87k90.asm
                    T3CON   0x000fb1       data     extern E:\c18v3.46\pic18-lt\cxx-framework\src\traditional\proc\p18f87k90.asm
                T3CONbits   0x000fb1       data     extern E:\c18v3.46\pic18-lt\cxx-framework\src\traditional\proc\p18f87k90.asm
                    TMR3L   0x000fb2       data     extern E:\c18v3.46\pic18-lt\cxx-framework\src\traditional\proc\p18f87k90.asm
                    TMR3H   0x000fb3       data     extern E:\c18v3.46\pic18-lt\cxx-framework\src\traditional\proc\p18f87k90.asm
               CMSTATbits   0x000fb4       data     extern E:\c18v3.46\pic18-lt\cxx-framework\src\traditional\proc\p18f87k90.asm
             CMSTATUSbits   0x000fb4       data     extern E:\c18v3.46\pic18-lt\cxx-framework\src\traditional\proc\p18f87k90.asm
                   CMSTAT   0x000fb4       data     extern E:\c18v3.46\pic18-lt\cxx-framework\src\traditional\proc\p18f87k90.asm
                 CMSTATUS   0x000fb4       data     extern E:\c18v3.46\pic18-lt\cxx-framework\src\traditional\proc\p18f87k90.asm
                   CVRCON   0x000fb5       data     extern E:\c18v3.46\pic18-lt\cxx-framework\src\traditional\proc\p18f87k90.asm
               CVRCONbits   0x000fb5       data     extern E:\c18v3.46\pic18-lt\cxx-framework\src\traditional\proc\p18f87k90.asm
                     PIE4   0x000fb6       data     extern E:\c18v3.46\pic18-lt\cxx-framework\src\traditional\proc\p18f87k90.asm
                 PIE4bits   0x000fb6       data     extern E:\c18v3.46\pic18-lt\cxx-framework\src\traditional\proc\p18f87k90.asm
                     PIR4   0x000fb7       data     extern E:\c18v3.46\pic18-lt\cxx-framework\src\traditional\proc\p18f87k90.asm
                 PIR4bits   0x000fb7       data     extern E:\c18v3.46\pic18-lt\cxx-framework\src\traditional\proc\p18f87k90.asm
                     IPR4   0x000fb8       data     extern E:\c18v3.46\pic18-lt\cxx-framework\src\traditional\proc\p18f87k90.asm
                 IPR4bits   0x000fb8       data     extern E:\c18v3.46\pic18-lt\cxx-framework\src\traditional\proc\p18f87k90.asm
                 PIE5bits   0x000fb9       data     extern E:\c18v3.46\pic18-lt\cxx-framework\src\traditional\proc\p18f87k90.asm
                     PIE5   0x000fb9       data     extern E:\c18v3.46\pic18-lt\cxx-framework\src\traditional\proc\p18f87k90.asm
                 PIR5bits   0x000fba       data     extern E:\c18v3.46\pic18-lt\cxx-framework\src\traditional\proc\p18f87k90.asm
                     PIR5   0x000fba       data     extern E:\c18v3.46\pic18-lt\cxx-framework\src\traditional\proc\p18f87k90.asm
             ECCP1CONbits   0x000fbb       data     extern E:\c18v3.46\pic18-lt\cxx-framework\src\traditional\proc\p18f87k90.asm
                 ECCP1CON   0x000fbb       data     extern E:\c18v3.46\pic18-lt\cxx-framework\src\traditional\proc\p18f87k90.asm
              CCP1CONbits   0x000fbb       data     extern E:\c18v3.46\pic18-lt\cxx-framework\src\traditional\proc\p18f87k90.asm
                  CCP1CON   0x000fbb       data     extern E:\c18v3.46\pic18-lt\cxx-framework\src\traditional\proc\p18f87k90.asm
                   CCPR1L   0x000fbc       data     extern E:\c18v3.46\pic18-lt\cxx-framework\src\traditional\proc\p18f87k90.asm
                    CCPR1   0x000fbc       data     extern E:\c18v3.46\pic18-lt\cxx-framework\src\traditional\proc\p18f87k90.asm
                   CCPR1H   0x000fbd       data     extern E:\c18v3.46\pic18-lt\cxx-framework\src\traditional\proc\p18f87k90.asm
              PWM1CONbits   0x000fbe       data     extern E:\c18v3.46\pic18-lt\cxx-framework\src\traditional\proc\p18f87k90.asm
                  PWM1CON   0x000fbe       data     extern E:\c18v3.46\pic18-lt\cxx-framework\src\traditional\proc\p18f87k90.asm
             ECCP1DELbits   0x000fbe       data     extern E:\c18v3.46\pic18-lt\cxx-framework\src\traditional\proc\p18f87k90.asm
                 ECCP1DEL   0x000fbe       data     extern E:\c18v3.46\pic18-lt\cxx-framework\src\traditional\proc\p18f87k90.asm
                  ECCP1AS   0x000fbf       data     extern E:\c18v3.46\pic18-lt\cxx-framework\src\traditional\proc\p18f87k90.asm
              ECCP1ASbits   0x000fbf       data     extern E:\c18v3.46\pic18-lt\cxx-framework\src\traditional\proc\p18f87k90.asm
               ADCON2bits   0x000fc0       data     extern E:\c18v3.46\pic18-lt\cxx-framework\src\traditional\proc\p18f87k90.asm
                   ADCON2   0x000fc0       data     extern E:\c18v3.46\pic18-lt\cxx-framework\src\traditional\proc\p18f87k90.asm
               ADCON1bits   0x000fc1       data     extern E:\c18v3.46\pic18-lt\cxx-framework\src\traditional\proc\p18f87k90.asm
                   ADCON1   0x000fc1       data     extern E:\c18v3.46\pic18-lt\cxx-framework\src\traditional\proc\p18f87k90.asm
                   ADCON0   0x000fc2       data     extern E:\c18v3.46\pic18-lt\cxx-framework\src\traditional\proc\p18f87k90.asm
               ADCON0bits   0x000fc2       data     extern E:\c18v3.46\pic18-lt\cxx-framework\src\traditional\proc\p18f87k90.asm
                    ADRES   0x000fc3       data     extern E:\c18v3.46\pic18-lt\cxx-framework\src\traditional\proc\p18f87k90.asm
                   ADRESL   0x000fc3       data     extern E:\c18v3.46\pic18-lt\cxx-framework\src\traditional\proc\p18f87k90.asm
                   ADRESH   0x000fc4       data     extern E:\c18v3.46\pic18-lt\cxx-framework\src\traditional\proc\p18f87k90.asm
                 SSP1CON2   0x000fc5       data     extern E:\c18v3.46\pic18-lt\cxx-framework\src\traditional\proc\p18f87k90.asm
             SSP1CON2bits   0x000fc5       data     extern E:\c18v3.46\pic18-lt\cxx-framework\src\traditional\proc\p18f87k90.asm
                  SSPCON2   0x000fc5       data     extern E:\c18v3.46\pic18-lt\cxx-framework\src\traditional\proc\p18f87k90.asm
              SSPCON2bits   0x000fc5       data     extern E:\c18v3.46\pic18-lt\cxx-framework\src\traditional\proc\p18f87k90.asm
                 SSP1CON1   0x000fc6       data     extern E:\c18v3.46\pic18-lt\cxx-framework\src\traditional\proc\p18f87k90.asm
             SSP1CON1bits   0x000fc6       data     extern E:\c18v3.46\pic18-lt\cxx-framework\src\traditional\proc\p18f87k90.asm
                  SSPCON1   0x000fc6       data     extern E:\c18v3.46\pic18-lt\cxx-framework\src\traditional\proc\p18f87k90.asm
              SSPCON1bits   0x000fc6       data     extern E:\c18v3.46\pic18-lt\cxx-framework\src\traditional\proc\p18f87k90.asm
                 SSP1STAT   0x000fc7       data     extern E:\c18v3.46\pic18-lt\cxx-framework\src\traditional\proc\p18f87k90.asm
             SSP1STATbits   0x000fc7       data     extern E:\c18v3.46\pic18-lt\cxx-framework\src\traditional\proc\p18f87k90.asm
                  SSPSTAT   0x000fc7       data     extern E:\c18v3.46\pic18-lt\cxx-framework\src\traditional\proc\p18f87k90.asm
              SSPSTATbits   0x000fc7       data     extern E:\c18v3.46\pic18-lt\cxx-framework\src\traditional\proc\p18f87k90.asm
                  SSP1ADD   0x000fc8       data     extern E:\c18v3.46\pic18-lt\cxx-framework\src\traditional\proc\p18f87k90.asm
              SSP1ADDbits   0x000fc8       data     extern E:\c18v3.46\pic18-lt\cxx-framework\src\traditional\proc\p18f87k90.asm
                   SSPADD   0x000fc8       data     extern E:\c18v3.46\pic18-lt\cxx-framework\src\traditional\proc\p18f87k90.asm
               SSPADDbits   0x000fc8       data     extern E:\c18v3.46\pic18-lt\cxx-framework\src\traditional\proc\p18f87k90.asm
                  SSP1BUF   0x000fc9       data     extern E:\c18v3.46\pic18-lt\cxx-framework\src\traditional\proc\p18f87k90.asm
                   SSPBUF   0x000fc9       data     extern E:\c18v3.46\pic18-lt\cxx-framework\src\traditional\proc\p18f87k90.asm
                T2CONbits   0x000fca       data     extern E:\c18v3.46\pic18-lt\cxx-framework\src\traditional\proc\p18f87k90.asm
                    T2CON   0x000fca       data     extern E:\c18v3.46\pic18-lt\cxx-framework\src\traditional\proc\p18f87k90.asm
                      PR2   0x000fcb       data     extern E:\c18v3.46\pic18-lt\cxx-framework\src\traditional\proc\p18f87k90.asm
                     TMR2   0x000fcc       data     extern E:\c18v3.46\pic18-lt\cxx-framework\src\traditional\proc\p18f87k90.asm
                    T1CON   0x000fcd       data     extern E:\c18v3.46\pic18-lt\cxx-framework\src\traditional\proc\p18f87k90.asm
                T1CONbits   0x000fcd       data     extern E:\c18v3.46\pic18-lt\cxx-framework\src\traditional\proc\p18f87k90.asm
                    TMR1L   0x000fce       data     extern E:\c18v3.46\pic18-lt\cxx-framework\src\traditional\proc\p18f87k90.asm
                    TMR1H   0x000fcf       data     extern E:\c18v3.46\pic18-lt\cxx-framework\src\traditional\proc\p18f87k90.asm
                     RCON   0x000fd0       data     extern E:\c18v3.46\pic18-lt\cxx-framework\src\traditional\proc\p18f87k90.asm
                 RCONbits   0x000fd0       data     extern E:\c18v3.46\pic18-lt\cxx-framework\src\traditional\proc\p18f87k90.asm
               WDTCONbits   0x000fd1       data     extern E:\c18v3.46\pic18-lt\cxx-framework\src\traditional\proc\p18f87k90.asm
                   WDTCON   0x000fd1       data     extern E:\c18v3.46\pic18-lt\cxx-framework\src\traditional\proc\p18f87k90.asm
                 IPR5bits   0x000fd2       data     extern E:\c18v3.46\pic18-lt\cxx-framework\src\traditional\proc\p18f87k90.asm
                     IPR5   0x000fd2       data     extern E:\c18v3.46\pic18-lt\cxx-framework\src\traditional\proc\p18f87k90.asm
               OSCCONbits   0x000fd3       data     extern E:\c18v3.46\pic18-lt\cxx-framework\src\traditional\proc\p18f87k90.asm
                   OSCCON   0x000fd3       data     extern E:\c18v3.46\pic18-lt\cxx-framework\src\traditional\proc\p18f87k90.asm
                  SPBRGH1   0x000fd4       data     extern E:\c18v3.46\pic18-lt\cxx-framework\src\traditional\proc\p18f87k90.asm
                T0CONbits   0x000fd5       data     extern E:\c18v3.46\pic18-lt\cxx-framework\src\traditional\proc\p18f87k90.asm
                    T0CON   0x000fd5       data     extern E:\c18v3.46\pic18-lt\cxx-framework\src\traditional\proc\p18f87k90.asm
                    TMR0L   0x000fd6       data     extern E:\c18v3.46\pic18-lt\cxx-framework\src\traditional\proc\p18f87k90.asm
                    TMR0H   0x000fd7       data     extern E:\c18v3.46\pic18-lt\cxx-framework\src\traditional\proc\p18f87k90.asm
               STATUSbits   0x000fd8       data     extern E:\c18v3.46\pic18-lt\cxx-framework\src\traditional\proc\p18f87k90.asm
                   STATUS   0x000fd8       data     extern E:\c18v3.46\pic18-lt\cxx-framework\src\traditional\proc\p18f87k90.asm
                     FSR2   0x000fd9       data     extern E:\c18v3.46\pic18-lt\cxx-framework\src\traditional\proc\p18f87k90.asm
                    FSR2L   0x000fd9       data     extern E:\c18v3.46\pic18-lt\cxx-framework\src\traditional\proc\p18f87k90.asm
                    FSR2H   0x000fda       data     extern E:\c18v3.46\pic18-lt\cxx-framework\src\traditional\proc\p18f87k90.asm
                   PLUSW2   0x000fdb       data     extern E:\c18v3.46\pic18-lt\cxx-framework\src\traditional\proc\p18f87k90.asm
                  PREINC2   0x000fdc       data     extern E:\c18v3.46\pic18-lt\cxx-framework\src\traditional\proc\p18f87k90.asm
                 POSTDEC2   0x000fdd       data     extern E:\c18v3.46\pic18-lt\cxx-framework\src\traditional\proc\p18f87k90.asm
                 POSTINC2   0x000fde       data     extern E:\c18v3.46\pic18-lt\cxx-framework\src\traditional\proc\p18f87k90.asm
                    INDF2   0x000fdf       data     extern E:\c18v3.46\pic18-lt\cxx-framework\src\traditional\proc\p18f87k90.asm
                      BSR   0x000fe0       data     extern E:\c18v3.46\pic18-lt\cxx-framework\src\traditional\proc\p18f87k90.asm
                    FSR1L   0x000fe1       data     extern E:\c18v3.46\pic18-lt\cxx-framework\src\traditional\proc\p18f87k90.asm
                     FSR1   0x000fe1       data     extern E:\c18v3.46\pic18-lt\cxx-framework\src\traditional\proc\p18f87k90.asm
                    FSR1H   0x000fe2       data     extern E:\c18v3.46\pic18-lt\cxx-framework\src\traditional\proc\p18f87k90.asm
                   PLUSW1   0x000fe3       data     extern E:\c18v3.46\pic18-lt\cxx-framework\src\traditional\proc\p18f87k90.asm
                  PREINC1   0x000fe4       data     extern E:\c18v3.46\pic18-lt\cxx-framework\src\traditional\proc\p18f87k90.asm
                 POSTDEC1   0x000fe5       data     extern E:\c18v3.46\pic18-lt\cxx-framework\src\traditional\proc\p18f87k90.asm
                 POSTINC1   0x000fe6       data     extern E:\c18v3.46\pic18-lt\cxx-framework\src\traditional\proc\p18f87k90.asm
                    INDF1   0x000fe7       data     extern E:\c18v3.46\pic18-lt\cxx-framework\src\traditional\proc\p18f87k90.asm
                     WREG   0x000fe8       data     extern E:\c18v3.46\pic18-lt\cxx-framework\src\traditional\proc\p18f87k90.asm
                     FSR0   0x000fe9       data     extern E:\c18v3.46\pic18-lt\cxx-framework\src\traditional\proc\p18f87k90.asm
                    FSR0L   0x000fe9       data     extern E:\c18v3.46\pic18-lt\cxx-framework\src\traditional\proc\p18f87k90.asm
                    FSR0H   0x000fea       data     extern E:\c18v3.46\pic18-lt\cxx-framework\src\traditional\proc\p18f87k90.asm
                   PLUSW0   0x000feb       data     extern E:\c18v3.46\pic18-lt\cxx-framework\src\traditional\proc\p18f87k90.asm
                  PREINC0   0x000fec       data     extern E:\c18v3.46\pic18-lt\cxx-framework\src\traditional\proc\p18f87k90.asm
                 POSTDEC0   0x000fed       data     extern E:\c18v3.46\pic18-lt\cxx-framework\src\traditional\proc\p18f87k90.asm
                 POSTINC0   0x000fee       data     extern E:\c18v3.46\pic18-lt\cxx-framework\src\traditional\proc\p18f87k90.asm
                    INDF0   0x000fef       data     extern E:\c18v3.46\pic18-lt\cxx-framework\src\traditional\proc\p18f87k90.asm
              INTCON3bits   0x000ff0       data     extern E:\c18v3.46\pic18-lt\cxx-framework\src\traditional\proc\p18f87k90.asm
                  INTCON3   0x000ff0       data     extern E:\c18v3.46\pic18-lt\cxx-framework\src\traditional\proc\p18f87k90.asm
              INTCON2bits   0x000ff1       data     extern E:\c18v3.46\pic18-lt\cxx-framework\src\traditional\proc\p18f87k90.asm
                  INTCON2   0x000ff1       data     extern E:\c18v3.46\pic18-lt\cxx-framework\src\traditional\proc\p18f87k90.asm
                   INTCON   0x000ff2       data     extern E:\c18v3.46\pic18-lt\cxx-framework\src\traditional\proc\p18f87k90.asm
               INTCONbits   0x000ff2       data     extern E:\c18v3.46\pic18-lt\cxx-framework\src\traditional\proc\p18f87k90.asm
                    PRODL   0x000ff3       data     extern E:\c18v3.46\pic18-lt\cxx-framework\src\traditional\proc\p18f87k90.asm
                     PROD   0x000ff3       data     extern E:\c18v3.46\pic18-lt\cxx-framework\src\traditional\proc\p18f87k90.asm
                    PRODH   0x000ff4       data     extern E:\c18v3.46\pic18-lt\cxx-framework\src\traditional\proc\p18f87k90.asm
                   TABLAT   0x000ff5       data     extern E:\c18v3.46\pic18-lt\cxx-framework\src\traditional\proc\p18f87k90.asm
                   TBLPTR   0x000ff6       data     extern E:\c18v3.46\pic18-lt\cxx-framework\src\traditional\proc\p18f87k90.asm
                  TBLPTRL   0x000ff6       data     extern E:\c18v3.46\pic18-lt\cxx-framework\src\traditional\proc\p18f87k90.asm
                  TBLPTRH   0x000ff7       data     extern E:\c18v3.46\pic18-lt\cxx-framework\src\traditional\proc\p18f87k90.asm
                  TBLPTRU   0x000ff8       data     extern E:\c18v3.46\pic18-lt\cxx-framework\src\traditional\proc\p18f87k90.asm
                      PCL   0x000ff9       data     extern E:\c18v3.46\pic18-lt\cxx-framework\src\traditional\proc\p18f87k90.asm
                       PC   0x000ff9       data     extern E:\c18v3.46\pic18-lt\cxx-framework\src\traditional\proc\p18f87k90.asm
                   PCLATH   0x000ffa       data     extern E:\c18v3.46\pic18-lt\cxx-framework\src\traditional\proc\p18f87k90.asm
                   PCLATU   0x000ffb       data     extern E:\c18v3.46\pic18-lt\cxx-framework\src\traditional\proc\p18f87k90.asm
               STKPTRbits   0x000ffc       data     extern E:\c18v3.46\pic18-lt\cxx-framework\src\traditional\proc\p18f87k90.asm
                   STKPTR   0x000ffc       data     extern E:\c18v3.46\pic18-lt\cxx-framework\src\traditional\proc\p18f87k90.asm
                      TOS   0x000ffd       data     extern E:\c18v3.46\pic18-lt\cxx-framework\src\traditional\proc\p18f87k90.asm
                     TOSL   0x000ffd       data     extern E:\c18v3.46\pic18-lt\cxx-framework\src\traditional\proc\p18f87k90.asm
                     TOSH   0x000ffe       data     extern E:\c18v3.46\pic18-lt\cxx-framework\src\traditional\proc\p18f87k90.asm
                     TOSU   0x000fff       data     extern E:\c18v3.46\pic18-lt\cxx-framework\src\traditional\proc\p18f87k90.asm


