MPLINK 4.48, Linker
Linker Map File - Created Mon Mar 09 13:26:28 2015

                                 Section Info
                  Section       Type    Address   Location Size(Bytes)
                ---------  ---------  ---------  ---------  ---------
               _entry_scn       code   0x000000    program   0x000006
           .code___init.o       code   0x000006    program   0x000002
              high_vector       code   0x000008    program   0x000006
               low_vector       code   0x000018    program   0x000006
                   .cinit    romdata   0x00001e    program   0x000032
           .code_STROBE.o       code   0x000050    program   0x009cf2
        .romdata_STROBE.o    romdata   0x009d42    program   0x0008c7
        .romdata___init.o    romdata   0x00a609    program   0x000000
        .idata___init.o_i    romdata   0x00a609    program   0x000000
         .idata_c018i.o_i    romdata   0x00a609    program   0x000000
        .idata_STROBE.o_i    romdata   0x00a609    program   0x000000
         .romdata_c018i.o    romdata   0x00a609    program   0x000000
            .code_c018i.o       code   0x00a60a    program   0x000000
                     PROG       code   0x00a60a    program   0x00022a
               _cinit_scn       code   0x00a834    program   0x00009e
                   STRING       code   0x00a8d2    program   0x000032
                    .code       code   0x00a904    program   0x000020
             _startup_scn       code   0x00a924    program   0x00001c
             .stringtable    romdata   0x00a940    program   0x000015
                  data1_i    romdata   0x00a955    program   0x000059
               OLEDDATA_i    romdata   0x00a9ae    program   0x0000ab
                 LIGHTS_i    romdata   0x00aa59    program   0x0000b5
             INTERRUPTS_i    romdata   0x00ab0e    program   0x00000b
  .config_300000_STROBE.o    romdata   0x300000    program   0x000001
  .config_300001_STROBE.o    romdata   0x300001    program   0x000001
  .config_300002_STROBE.o    romdata   0x300002    program   0x000001
  .config_300003_STROBE.o    romdata   0x300003    program   0x000001
  .config_300004_STROBE.o    romdata   0x300004    program   0x000001
  .config_300005_STROBE.o    romdata   0x300005    program   0x000001
  .config_300006_STROBE.o    romdata   0x300006    program   0x000001
  .config_300008_STROBE.o    romdata   0x300008    program   0x000001
  .config_300009_STROBE.o    romdata   0x300009    program   0x000001
  .config_30000a_STROBE.o    romdata   0x30000a    program   0x000001
  .config_30000b_STROBE.o    romdata   0x30000b    program   0x000001
                MATH_DATA      udata   0x000000       data   0x000014
                 .tmpdata      udata   0x000014       data   0x000005
                    data1      idata   0x000060       data   0x000059
           .udata_c018i.o      udata   0x0000b9       data   0x00000a
          .udata_STROBE.o      udata   0x0000c3       data   0x000007
           .idata_c018i.o      idata   0x0000ca       data   0x000000
          .idata_STROBE.o      idata   0x0000ca       data   0x000000
          .idata___init.o      idata   0x0000ca       data   0x000000
          .udata___init.o      udata   0x0000ca       data   0x000000
               INTERRUPTS      idata   0x000800       data   0x00000b
                   LIGHTS      idata   0x000900       data   0x0000b5
                 OLEDDATA      idata   0x000b00       data   0x0000ab
                   .stack      udata   0x000d00       data   0x000100
              SFR_BANKED0      udata   0x000ef4       data   0x00000c
              SFR_BANKED1      udata   0x000f00       data   0x000026
              SFR_BANKED2      udata   0x000f27       data   0x000039
            SFR_UNBANKED0      udata   0x000f60       data   0x0000a0



                              Program Memory Usage 
                               Start         End      
                           ---------   ---------      
                            0x000000    0x00000d      
                            0x000018    0x00a608      
                            0x00a60a    0x00ab18      
                            0x300000    0x300006      
                            0x300008    0x30000b      
            43801 out of 132120 program addresses used, program memory utilization is 33%



                              Symbols - Sorted by Name
                     Name    Address   Location    Storage File                     
                ---------  ---------  ---------  --------- ---------                
                 FLO1632S   0x00a60e    program     extern E:\c18v3.46\pic18-lt\cxx-framework\src\traditional\math\cast16FP.asm
                 FLO1632U   0x00a60a    program     extern E:\c18v3.46\pic18-lt\cxx-framework\src\traditional\math\cast16FP.asm
                    FPD32   0x00a634    program     extern E:\c18v3.46\pic18-lt\cxx-framework\src\traditional\math\divFP.asm
                  INT3208   0x00a6da    program     extern E:\c18v3.46\pic18-lt\cxx-framework\src\traditional\math\castFP08.asm
                 __FpExit   0x00a734    program     extern E:\c18v3.46\pic18-lt\cxx-framework\src\traditional\math\packFP.asm
                 __FpPack   0x00a760    program     extern E:\c18v3.46\pic18-lt\cxx-framework\src\traditional\math\packFP.asm
            __FpReturnNaN   0x00a728    program     extern E:\c18v3.46\pic18-lt\cxx-framework\src\traditional\math\packFP.asm
         __FpReturnNegInf   0x00a73a    program     extern E:\c18v3.46\pic18-lt\cxx-framework\src\traditional\math\packFP.asm
        __FpReturnNegZero   0x00a752    program     extern E:\c18v3.46\pic18-lt\cxx-framework\src\traditional\math\packFP.asm
         __FpReturnPosInf   0x00a740    program     extern E:\c18v3.46\pic18-lt\cxx-framework\src\traditional\math\packFP.asm
        __FpReturnPosZero   0x00a75a    program     extern E:\c18v3.46\pic18-lt\cxx-framework\src\traditional\math\packFP.asm
        __FpReturnSignInf   0x00a736    program     extern E:\c18v3.46\pic18-lt\cxx-framework\src\traditional\math\packFP.asm
       __FpReturnSignZero   0x00a74e    program     extern E:\c18v3.46\pic18-lt\cxx-framework\src\traditional\math\packFP.asm
              __FpReturnW   0x00a7b8    program     extern E:\c18v3.46\pic18-lt\cxx-framework\src\traditional\math\packFP.asm
              __FpUnPackA   0x00a7d8    program     extern E:\c18v3.46\pic18-lt\cxx-framework\src\traditional\math\UnpackFP.asm
              __FpUnPackB   0x00a808    program     extern E:\c18v3.46\pic18-lt\cxx-framework\src\traditional\math\UnpackFP.asm
       ___case_0_lbl00614   0x002960    program     static                          
      ___case_10_lbl00451   0x0022d6    program     static                          
      ___case_11_lbl00461   0x002350    program     static                          
      ___case_12_lbl00471   0x0023ca    program     static                          
      ___case_12_lbl00603   0x002880    program     static                          
       ___case_1_lbl00361   0x001e8c    program     static                          
       ___case_1_lbl00596   0x002700    program     static                          
       ___case_1_lbl00602   0x002870    program     static                          
       ___case_1_lbl00615   0x002962    program     static                          
       ___case_1_lbl00759   0x002fda    program     static                          
       ___case_1_lbl00764   0x003060    program     static                          
       ___case_2_lbl00371   0x001f06    program     static                          
       ___case_2_lbl00618   0x002770    program     static                          
       ___case_2_lbl00760   0x00300c    program     static                          
       ___case_2_lbl00765   0x0030e6    program     static                          
      ___case_34_lbl00776   0x0031f4    program     static                          
      ___case_36_lbl00782   0x003254    program     static                          
      ___case_38_lbl00788   0x0032b8    program     static                          
       ___case_3_lbl00381   0x001f80    program     static                          
       ___case_3_lbl00752   0x0029ba    program     static                          
       ___case_4_lbl00391   0x001ffa    program     static                          
       ___case_4_lbl00756   0x002f34    program     static                          
       ___case_4_lbl00767   0x003042    program     static                          
       ___case_5_lbl00401   0x002074    program     static                          
       ___case_5_lbl00790   0x003176    program     static                          
       ___case_6_lbl00411   0x0020ee    program     static                          
       ___case_7_lbl00421   0x002168    program     static                          
       ___case_7_lbl00791   0x003342    program     static                          
       ___case_8_lbl00431   0x0021e2    program     static                          
       ___case_8_lbl00792   0x00334e    program     static                          
       ___case_9_lbl00441   0x00225c    program     static                          
      ___default_lbl00481   0x002444    program     static                          
      ___default_lbl00604   0x002890    program     static                          
      ___default_lbl00616   0x002990    program     static                          
      ___default_lbl00766   0x00316c    program     static                          
      ___default_lbl00789   0x003328    program     static                          
         ___else_lbl00209   0x0010f6    program     static                          
         ___else_lbl00359   0x001e3e    program     static                          
         ___else_lbl00364   0x001eb6    program     static                          
         ___else_lbl00367   0x001ed6    program     static                          
         ___else_lbl00370   0x001ef6    program     static                          
         ___else_lbl00374   0x001f30    program     static                          
         ___else_lbl00377   0x001f50    program     static                          
         ___else_lbl00380   0x001f70    program     static                          
         ___else_lbl00384   0x001faa    program     static                          
         ___else_lbl00387   0x001fca    program     static                          
         ___else_lbl00390   0x001fea    program     static                          
         ___else_lbl00394   0x002024    program     static                          
         ___else_lbl00397   0x002044    program     static                          
         ___else_lbl00400   0x002064    program     static                          
         ___else_lbl00404   0x00209e    program     static                          
         ___else_lbl00407   0x0020be    program     static                          
         ___else_lbl00410   0x0020de    program     static                          
         ___else_lbl00414   0x002118    program     static                          
         ___else_lbl00417   0x002138    program     static                          
         ___else_lbl00420   0x002158    program     static                          
         ___else_lbl00424   0x002192    program     static                          
         ___else_lbl00427   0x0021b2    program     static                          
         ___else_lbl00430   0x0021d2    program     static                          
         ___else_lbl00434   0x00220c    program     static                          
         ___else_lbl00437   0x00222c    program     static                          
         ___else_lbl00440   0x00224c    program     static                          
         ___else_lbl00444   0x002286    program     static                          
         ___else_lbl00447   0x0022a6    program     static                          
         ___else_lbl00450   0x0022c6    program     static                          
         ___else_lbl00454   0x002300    program     static                          
         ___else_lbl00457   0x002320    program     static                          
         ___else_lbl00460   0x002340    program     static                          
         ___else_lbl00464   0x00237a    program     static                          
         ___else_lbl00467   0x00239a    program     static                          
         ___else_lbl00470   0x0023ba    program     static                          
         ___else_lbl00474   0x0023f4    program     static                          
         ___else_lbl00477   0x002414    program     static                          
         ___else_lbl00480   0x002434    program     static                          
         ___else_lbl00607   0x0028c6    program     static                          
         ___else_lbl00624   0x002a2a    program     static                          
         ___else_lbl00626   0x002a10    program     static                          
         ___else_lbl00628   0x0029f6    program     static                          
         ___else_lbl00630   0x0029dc    program     static                          
         ___else_lbl00635   0x002a9e    program     static                          
         ___else_lbl00637   0x002a84    program     static                          
         ___else_lbl00639   0x002a6a    program     static                          
         ___else_lbl00641   0x002a50    program     static                          
         ___else_lbl00646   0x002b12    program     static                          
         ___else_lbl00648   0x002af8    program     static                          
         ___else_lbl00650   0x002ade    program     static                          
         ___else_lbl00652   0x002ac4    program     static                          
         ___else_lbl00657   0x002b86    program     static                          
         ___else_lbl00659   0x002b6c    program     static                          
         ___else_lbl00661   0x002b52    program     static                          
         ___else_lbl00663   0x002b38    program     static                          
         ___else_lbl00668   0x002bfa    program     static                          
         ___else_lbl00670   0x002be0    program     static                          
         ___else_lbl00672   0x002bc6    program     static                          
         ___else_lbl00674   0x002bac    program     static                          
         ___else_lbl00679   0x002c6e    program     static                          
         ___else_lbl00681   0x002c54    program     static                          
         ___else_lbl00683   0x002c3a    program     static                          
         ___else_lbl00685   0x002c20    program     static                          
         ___else_lbl00690   0x002ce2    program     static                          
         ___else_lbl00692   0x002cc8    program     static                          
         ___else_lbl00694   0x002cae    program     static                          
         ___else_lbl00696   0x002c94    program     static                          
         ___else_lbl00701   0x002d56    program     static                          
         ___else_lbl00703   0x002d3c    program     static                          
         ___else_lbl00705   0x002d22    program     static                          
         ___else_lbl00707   0x002d08    program     static                          
         ___else_lbl00712   0x002dca    program     static                          
         ___else_lbl00714   0x002db0    program     static                          
         ___else_lbl00716   0x002d96    program     static                          
         ___else_lbl00718   0x002d7c    program     static                          
         ___else_lbl00723   0x002e3e    program     static                          
         ___else_lbl00725   0x002e24    program     static                          
         ___else_lbl00727   0x002e0a    program     static                          
         ___else_lbl00729   0x002df0    program     static                          
         ___else_lbl00734   0x002eb2    program     static                          
         ___else_lbl00736   0x002e98    program     static                          
         ___else_lbl00738   0x002e7e    program     static                          
         ___else_lbl00740   0x002e64    program     static                          
         ___else_lbl00745   0x002f26    program     static                          
         ___else_lbl00747   0x002f0c    program     static                          
         ___else_lbl00749   0x002ef2    program     static                          
         ___else_lbl00751   0x002ed8    program     static                          
         ___else_lbl00775   0x003238    program     static                          
         ___else_lbl00781   0x00329a    program     static                          
         ___else_lbl00787   0x003304    program     static                          
          ___for_lbl00593   0x00274a    program     static                          
          ___for_lbl00594   0x00274e    program     static                          
          ___for_lbl00595   0x002704    program     static                          
          ___for_lbl00599   0x002918    program     static                          
          ___for_lbl00600   0x00291c    program     static                          
          ___for_lbl00609   0x00282c    program     static                          
          ___for_lbl00611   0x0029b0    program     static                          
          ___for_lbl00612   0x0029b4    program     static                          
          ___for_lbl00617   0x00292c    program     static                          
          ___for_lbl00753   0x002f92    program     static                          
          ___for_lbl00754   0x002f96    program     static                          
          ___for_lbl00755   0x002f40    program     static                          
          ___for_lbl00771   0x003230    program     static                          
          ___for_lbl00772   0x003236    program     static                          
          ___for_lbl00773   0x00320e    program     static                          
          ___for_lbl00777   0x003292    program     static                          
          ___for_lbl00778   0x003298    program     static                          
          ___for_lbl00779   0x00326e    program     static                          
          ___for_lbl00783   0x0032fc    program     static                          
          ___for_lbl00784   0x003302    program     static                          
          ___for_lbl00785   0x0032d2    program     static                          
           ___if_lbl00208   0x001102    program     static                          
           ___if_lbl00358   0x001e42    program     static                          
           ___if_lbl00362   0x001ec4    program     static                          
           ___if_lbl00363   0x001ec4    program     static                          
           ___if_lbl00365   0x001ee4    program     static                          
           ___if_lbl00366   0x001ee4    program     static                          
           ___if_lbl00368   0x001f04    program     static                          
           ___if_lbl00369   0x001f04    program     static                          
           ___if_lbl00372   0x001f3e    program     static                          
           ___if_lbl00373   0x001f3e    program     static                          
           ___if_lbl00375   0x001f5e    program     static                          
           ___if_lbl00376   0x001f5e    program     static                          
           ___if_lbl00378   0x001f7e    program     static                          
           ___if_lbl00379   0x001f7e    program     static                          
           ___if_lbl00382   0x001fb8    program     static                          
           ___if_lbl00383   0x001fb8    program     static                          
           ___if_lbl00385   0x001fd8    program     static                          
           ___if_lbl00386   0x001fd8    program     static                          
           ___if_lbl00388   0x001ff8    program     static                          
           ___if_lbl00389   0x001ff8    program     static                          
           ___if_lbl00392   0x002032    program     static                          
           ___if_lbl00393   0x002032    program     static                          
           ___if_lbl00395   0x002052    program     static                          
           ___if_lbl00396   0x002052    program     static                          
           ___if_lbl00398   0x002072    program     static                          
           ___if_lbl00399   0x002072    program     static                          
           ___if_lbl00402   0x0020ac    program     static                          
           ___if_lbl00403   0x0020ac    program     static                          
           ___if_lbl00405   0x0020cc    program     static                          
           ___if_lbl00406   0x0020cc    program     static                          
           ___if_lbl00408   0x0020ec    program     static                          
           ___if_lbl00409   0x0020ec    program     static                          
           ___if_lbl00412   0x002126    program     static                          
           ___if_lbl00413   0x002126    program     static                          
           ___if_lbl00415   0x002146    program     static                          
           ___if_lbl00416   0x002146    program     static                          
           ___if_lbl00418   0x002166    program     static                          
           ___if_lbl00419   0x002166    program     static                          
           ___if_lbl00422   0x0021a0    program     static                          
           ___if_lbl00423   0x0021a0    program     static                          
           ___if_lbl00425   0x0021c0    program     static                          
           ___if_lbl00426   0x0021c0    program     static                          
           ___if_lbl00428   0x0021e0    program     static                          
           ___if_lbl00429   0x0021e0    program     static                          
           ___if_lbl00432   0x00221a    program     static                          
           ___if_lbl00433   0x00221a    program     static                          
           ___if_lbl00435   0x00223a    program     static                          
           ___if_lbl00436   0x00223a    program     static                          
           ___if_lbl00438   0x00225a    program     static                          
           ___if_lbl00439   0x00225a    program     static                          
           ___if_lbl00442   0x002294    program     static                          
           ___if_lbl00443   0x002294    program     static                          
           ___if_lbl00445   0x0022b4    program     static                          
           ___if_lbl00446   0x0022b4    program     static                          
           ___if_lbl00448   0x0022d4    program     static                          
           ___if_lbl00449   0x0022d4    program     static                          
           ___if_lbl00452   0x00230e    program     static                          
           ___if_lbl00453   0x00230e    program     static                          
           ___if_lbl00455   0x00232e    program     static                          
           ___if_lbl00456   0x00232e    program     static                          
           ___if_lbl00458   0x00234e    program     static                          
           ___if_lbl00459   0x00234e    program     static                          
           ___if_lbl00462   0x002388    program     static                          
           ___if_lbl00463   0x002388    program     static                          
           ___if_lbl00465   0x0023a8    program     static                          
           ___if_lbl00466   0x0023a8    program     static                          
           ___if_lbl00468   0x0023c8    program     static                          
           ___if_lbl00469   0x0023c8    program     static                          
           ___if_lbl00472   0x002402    program     static                          
           ___if_lbl00473   0x002402    program     static                          
           ___if_lbl00475   0x002422    program     static                          
           ___if_lbl00476   0x002422    program     static                          
           ___if_lbl00478   0x002442    program     static                          
           ___if_lbl00479   0x002442    program     static                          
           ___if_lbl00597   0x00277a    program     static                          
           ___if_lbl00598   0x002784    program     static                          
           ___if_lbl00605   0x0028f6    program     static                          
           ___if_lbl00606   0x0028f6    program     static                          
           ___if_lbl00608   0x002918    program     static                          
           ___if_lbl00610   0x002924    program     static                          
           ___if_lbl00619   0x0029c2    program     static                          
           ___if_lbl00623   0x002a36    program     static                          
           ___if_lbl00625   0x002a36    program     static                          
           ___if_lbl00627   0x002a36    program     static                          
           ___if_lbl00629   0x002a36    program     static                          
           ___if_lbl00634   0x002aaa    program     static                          
           ___if_lbl00636   0x002aaa    program     static                          
           ___if_lbl00638   0x002aaa    program     static                          
           ___if_lbl00640   0x002aaa    program     static                          
           ___if_lbl00645   0x002b1e    program     static                          
           ___if_lbl00647   0x002b1e    program     static                          
           ___if_lbl00649   0x002b1e    program     static                          
           ___if_lbl00651   0x002b1e    program     static                          
           ___if_lbl00656   0x002b92    program     static                          
           ___if_lbl00658   0x002b92    program     static                          
           ___if_lbl00660   0x002b92    program     static                          
           ___if_lbl00662   0x002b92    program     static                          
           ___if_lbl00667   0x002c06    program     static                          
           ___if_lbl00669   0x002c06    program     static                          
           ___if_lbl00671   0x002c06    program     static                          
           ___if_lbl00673   0x002c06    program     static                          
           ___if_lbl00678   0x002c7a    program     static                          
           ___if_lbl00680   0x002c7a    program     static                          
           ___if_lbl00682   0x002c7a    program     static                          
           ___if_lbl00684   0x002c7a    program     static                          
           ___if_lbl00689   0x002cee    program     static                          
           ___if_lbl00691   0x002cee    program     static                          
           ___if_lbl00693   0x002cee    program     static                          
           ___if_lbl00695   0x002cee    program     static                          
           ___if_lbl00700   0x002d62    program     static                          
           ___if_lbl00702   0x002d62    program     static                          
           ___if_lbl00704   0x002d62    program     static                          
           ___if_lbl00706   0x002d62    program     static                          
           ___if_lbl00711   0x002dd6    program     static                          
           ___if_lbl00713   0x002dd6    program     static                          
           ___if_lbl00715   0x002dd6    program     static                          
           ___if_lbl00717   0x002dd6    program     static                          
           ___if_lbl00722   0x002e4a    program     static                          
           ___if_lbl00724   0x002e4a    program     static                          
           ___if_lbl00726   0x002e4a    program     static                          
           ___if_lbl00728   0x002e4a    program     static                          
           ___if_lbl00733   0x002ebe    program     static                          
           ___if_lbl00735   0x002ebe    program     static                          
           ___if_lbl00737   0x002ebe    program     static                          
           ___if_lbl00739   0x002ebe    program     static                          
           ___if_lbl00744   0x002f32    program     static                          
           ___if_lbl00746   0x002f32    program     static                          
           ___if_lbl00748   0x002f32    program     static                          
           ___if_lbl00750   0x002f32    program     static                          
           ___if_lbl00761   0x00304a    program     static                          
           ___if_lbl00762   0x003052    program     static                          
           ___if_lbl00768   0x00317e    program     static                          
           ___if_lbl00769   0x003186    program     static                          
           ___if_lbl00774   0x003252    program     static                          
           ___if_lbl00780   0x0032b6    program     static                          
           ___if_lbl00786   0x003326    program     static                          
       ___return_lbl00000   0x000004    program     static                          
       ___return_lbl00000   0x00000c    program     static                          
       ___return_lbl00001   0x00a93e    program     static                          
       ___return_lbl00001   0x00001c    program     static                          
       ___return_lbl00002   0x00a8d0    program     static                          
       ___return_lbl00207   0x001106    program     static                          
       ___return_lbl00210   0x00126c    program     static                          
       ___return_lbl00357   0x00244c    program     static                          
       ___return_lbl00591   0x002f98    program     static                          
       ___return_lbl00757   0x00335a    program     static                          
   ___switchexit_lbl00360   0x00244c    program     static                          
   ___switchexit_lbl00592   0x002f98    program     static                          
   ___switchexit_lbl00601   0x0028be    program     static                          
   ___switchexit_lbl00613   0x0029b0    program     static                          
   ___switchexit_lbl00758   0x00335a    program     static                          
   ___switchexit_lbl00763   0x003174    program     static                          
   ___switchexit_lbl00770   0x00332a    program     static                          
               __config_0   0x300000    program     static C:\Users\Zak\Google Drive\Sask Polytech\Year 2 - Semester 2\STROBE\dials.c
               __config_1   0x300001    program     static C:\Users\Zak\Google Drive\Sask Polytech\Year 2 - Semester 2\STROBE\dials.c
              __config_10   0x30000b    program     static C:\Users\Zak\Google Drive\Sask Polytech\Year 2 - Semester 2\STROBE\dials.c
               __config_2   0x300002    program     static C:\Users\Zak\Google Drive\Sask Polytech\Year 2 - Semester 2\STROBE\dials.c
               __config_3   0x300003    program     static C:\Users\Zak\Google Drive\Sask Polytech\Year 2 - Semester 2\STROBE\dials.c
               __config_4   0x300004    program     static C:\Users\Zak\Google Drive\Sask Polytech\Year 2 - Semester 2\STROBE\dials.c
               __config_5   0x300005    program     static C:\Users\Zak\Google Drive\Sask Polytech\Year 2 - Semester 2\STROBE\dials.c
               __config_6   0x300006    program     static C:\Users\Zak\Google Drive\Sask Polytech\Year 2 - Semester 2\STROBE\dials.c
               __config_7   0x300008    program     static C:\Users\Zak\Google Drive\Sask Polytech\Year 2 - Semester 2\STROBE\dials.c
               __config_8   0x300009    program     static C:\Users\Zak\Google Drive\Sask Polytech\Year 2 - Semester 2\STROBE\dials.c
               __config_9   0x30000a    program     static C:\Users\Zak\Google Drive\Sask Polytech\Year 2 - Semester 2\STROBE\dials.c
                   __init   0x000006    program     extern E:\c18v3.46\pic18-lt\cxx-framework\src\traditional\stdclib\__init.c
               __string_2   0x00a940    program     static C:\Users\Zak\Google Drive\Sask Polytech\Year 2 - Semester 2\STROBE\dials.c
               __tmplbl_0   0x002954    program     static                          
               __tmplbl_1   0x00295c    program     static                          
              __tmplbl_10   0x002a76    program     static                          
              __tmplbl_11   0x002a70    program     static                          
             __tmplbl_112   0x001c5a    program     static                          
             __tmplbl_113   0x001c5a    program     static                          
             __tmplbl_114   0x001c5a    program     static                          
              __tmplbl_12   0x002a90    program     static                          
              __tmplbl_13   0x002a8a    program     static                          
              __tmplbl_14   0x002ad0    program     static                          
              __tmplbl_15   0x002aca    program     static                          
             __tmplbl_157   0x005510    program     static                          
             __tmplbl_158   0x005510    program     static                          
             __tmplbl_159   0x0054aa    program     static                          
              __tmplbl_16   0x002aea    program     static                          
             __tmplbl_160   0x0054aa    program     static                          
             __tmplbl_161   0x005444    program     static                          
             __tmplbl_162   0x005444    program     static                          
             __tmplbl_163   0x0053de    program     static                          
             __tmplbl_164   0x0053de    program     static                          
             __tmplbl_165   0x005378    program     static                          
             __tmplbl_166   0x005378    program     static                          
             __tmplbl_167   0x0052da    program     static                          
             __tmplbl_168   0x0052da    program     static                          
             __tmplbl_169   0x00523c    program     static                          
              __tmplbl_17   0x002ae4    program     static                          
             __tmplbl_170   0x00523c    program     static                          
             __tmplbl_171   0x00519e    program     static                          
             __tmplbl_172   0x00519e    program     static                          
             __tmplbl_173   0x005100    program     static                          
             __tmplbl_174   0x005100    program     static                          
             __tmplbl_175   0x005062    program     static                          
             __tmplbl_176   0x005062    program     static                          
             __tmplbl_177   0x004fc4    program     static                          
             __tmplbl_178   0x004fc4    program     static                          
             __tmplbl_179   0x004f26    program     static                          
              __tmplbl_18   0x002b04    program     static                          
             __tmplbl_180   0x004f26    program     static                          
             __tmplbl_181   0x004e88    program     static                          
             __tmplbl_182   0x004e88    program     static                          
             __tmplbl_183   0x004dea    program     static                          
             __tmplbl_184   0x004dea    program     static                          
             __tmplbl_185   0x004d4c    program     static                          
             __tmplbl_186   0x004d4c    program     static                          
             __tmplbl_187   0x004cac    program     static                          
             __tmplbl_188   0x004cac    program     static                          
             __tmplbl_189   0x004c0c    program     static                          
              __tmplbl_19   0x002afe    program     static                          
             __tmplbl_190   0x004c0c    program     static                          
             __tmplbl_191   0x004b6c    program     static                          
             __tmplbl_192   0x004b6c    program     static                          
             __tmplbl_193   0x004acc    program     static                          
             __tmplbl_194   0x004acc    program     static                          
             __tmplbl_195   0x004a2c    program     static                          
             __tmplbl_196   0x004a2c    program     static                          
             __tmplbl_197   0x00498e    program     static                          
             __tmplbl_198   0x00498e    program     static                          
             __tmplbl_199   0x0048ee    program     static                          
               __tmplbl_2   0x0029e8    program     static                          
              __tmplbl_20   0x002b44    program     static                          
             __tmplbl_200   0x0048ee    program     static                          
             __tmplbl_201   0x00484e    program     static                          
             __tmplbl_202   0x00484e    program     static                          
             __tmplbl_203   0x0047ae    program     static                          
             __tmplbl_204   0x0047ae    program     static                          
             __tmplbl_205   0x00470e    program     static                          
             __tmplbl_206   0x00470e    program     static                          
             __tmplbl_207   0x00466e    program     static                          
             __tmplbl_208   0x00466e    program     static                          
             __tmplbl_209   0x0045d0    program     static                          
              __tmplbl_21   0x002b3e    program     static                          
             __tmplbl_210   0x0045d0    program     static                          
             __tmplbl_211   0x004530    program     static                          
             __tmplbl_212   0x004530    program     static                          
             __tmplbl_213   0x004490    program     static                          
             __tmplbl_214   0x004490    program     static                          
             __tmplbl_215   0x0043f0    program     static                          
             __tmplbl_216   0x0043f0    program     static                          
             __tmplbl_217   0x004350    program     static                          
             __tmplbl_218   0x004350    program     static                          
             __tmplbl_219   0x0042b0    program     static                          
              __tmplbl_22   0x002b5e    program     static                          
             __tmplbl_220   0x0042b0    program     static                          
             __tmplbl_221   0x004212    program     static                          
             __tmplbl_222   0x004212    program     static                          
             __tmplbl_223   0x004172    program     static                          
             __tmplbl_224   0x004172    program     static                          
             __tmplbl_225   0x0040d2    program     static                          
             __tmplbl_226   0x0040d2    program     static                          
             __tmplbl_227   0x004032    program     static                          
             __tmplbl_228   0x004032    program     static                          
              __tmplbl_23   0x002b58    program     static                          
              __tmplbl_24   0x002b78    program     static                          
              __tmplbl_25   0x002b72    program     static                          
             __tmplbl_253   0x005576    program     static                          
             __tmplbl_254   0x005576    program     static                          
             __tmplbl_255   0x005576    program     static                          
             __tmplbl_256   0x005576    program     static                          
             __tmplbl_257   0x005576    program     static                          
             __tmplbl_258   0x005576    program     static                          
             __tmplbl_259   0x005576    program     static                          
              __tmplbl_26   0x002bb8    program     static                          
             __tmplbl_260   0x005576    program     static                          
             __tmplbl_261   0x005576    program     static                          
             __tmplbl_262   0x005576    program     static                          
             __tmplbl_263   0x005576    program     static                          
             __tmplbl_264   0x005576    program     static                          
             __tmplbl_265   0x005576    program     static                          
             __tmplbl_266   0x005576    program     static                          
             __tmplbl_267   0x005576    program     static                          
             __tmplbl_268   0x005576    program     static                          
             __tmplbl_269   0x005576    program     static                          
              __tmplbl_27   0x002bb2    program     static                          
             __tmplbl_270   0x005576    program     static                          
             __tmplbl_271   0x005576    program     static                          
             __tmplbl_272   0x005576    program     static                          
             __tmplbl_273   0x005576    program     static                          
             __tmplbl_274   0x005576    program     static                          
             __tmplbl_275   0x005576    program     static                          
             __tmplbl_276   0x005576    program     static                          
             __tmplbl_277   0x005576    program     static                          
             __tmplbl_278   0x005576    program     static                          
             __tmplbl_279   0x005576    program     static                          
              __tmplbl_28   0x002bd2    program     static                          
             __tmplbl_280   0x005576    program     static                          
             __tmplbl_281   0x005576    program     static                          
             __tmplbl_282   0x005576    program     static                          
             __tmplbl_283   0x005576    program     static                          
             __tmplbl_284   0x005576    program     static                          
             __tmplbl_285   0x005576    program     static                          
             __tmplbl_286   0x005576    program     static                          
             __tmplbl_287   0x005576    program     static                          
             __tmplbl_288   0x005576    program     static                          
             __tmplbl_289   0x007a3e    program     static                          
              __tmplbl_29   0x002bcc    program     static                          
             __tmplbl_290   0x007a3e    program     static                          
             __tmplbl_291   0x0079bc    program     static                          
             __tmplbl_292   0x0079bc    program     static                          
             __tmplbl_293   0x00793a    program     static                          
             __tmplbl_294   0x00793a    program     static                          
             __tmplbl_295   0x0078b8    program     static                          
             __tmplbl_296   0x0078b8    program     static                          
             __tmplbl_297   0x007836    program     static                          
             __tmplbl_298   0x007836    program     static                          
             __tmplbl_299   0x00777c    program     static                          
               __tmplbl_3   0x0029e2    program     static                          
              __tmplbl_30   0x002bec    program     static                          
             __tmplbl_300   0x00777c    program     static                          
             __tmplbl_301   0x0076c2    program     static                          
             __tmplbl_302   0x0076c2    program     static                          
             __tmplbl_303   0x00760a    program     static                          
             __tmplbl_304   0x00760a    program     static                          
             __tmplbl_305   0x007552    program     static                          
             __tmplbl_306   0x007552    program     static                          
             __tmplbl_307   0x00749a    program     static                          
             __tmplbl_308   0x00749a    program     static                          
             __tmplbl_309   0x0073e2    program     static                          
              __tmplbl_31   0x002be6    program     static                          
             __tmplbl_310   0x0073e2    program     static                          
             __tmplbl_311   0x00732a    program     static                          
             __tmplbl_312   0x00732a    program     static                          
             __tmplbl_313   0x007272    program     static                          
             __tmplbl_314   0x007272    program     static                          
             __tmplbl_315   0x0071b8    program     static                          
             __tmplbl_316   0x0071b8    program     static                          
             __tmplbl_317   0x0070fe    program     static                          
             __tmplbl_318   0x0070fe    program     static                          
             __tmplbl_319   0x007044    program     static                          
              __tmplbl_32   0x002c2c    program     static                          
             __tmplbl_320   0x007044    program     static                          
             __tmplbl_321   0x006f8a    program     static                          
             __tmplbl_322   0x006f8a    program     static                          
             __tmplbl_323   0x006ece    program     static                          
             __tmplbl_324   0x006ece    program     static                          
             __tmplbl_325   0x006e12    program     static                          
             __tmplbl_326   0x006e12    program     static                          
             __tmplbl_327   0x006d56    program     static                          
             __tmplbl_328   0x006d56    program     static                          
             __tmplbl_329   0x006c9c    program     static                          
              __tmplbl_33   0x002c26    program     static                          
             __tmplbl_330   0x006c9c    program     static                          
             __tmplbl_331   0x006be0    program     static                          
             __tmplbl_332   0x006be0    program     static                          
             __tmplbl_333   0x006b24    program     static                          
             __tmplbl_334   0x006b24    program     static                          
             __tmplbl_335   0x006a68    program     static                          
             __tmplbl_336   0x006a68    program     static                          
             __tmplbl_337   0x0069ae    program     static                          
             __tmplbl_338   0x0069ae    program     static                          
             __tmplbl_339   0x0068f6    program     static                          
              __tmplbl_34   0x002c46    program     static                          
             __tmplbl_340   0x0068f6    program     static                          
             __tmplbl_341   0x00683e    program     static                          
             __tmplbl_342   0x00683e    program     static                          
             __tmplbl_343   0x006784    program     static                          
             __tmplbl_344   0x006784    program     static                          
             __tmplbl_345   0x0066ca    program     static                          
             __tmplbl_346   0x0066ca    program     static                          
             __tmplbl_347   0x006610    program     static                          
             __tmplbl_348   0x006610    program     static                          
             __tmplbl_349   0x006556    program     static                          
              __tmplbl_35   0x002c40    program     static                          
             __tmplbl_350   0x006556    program     static                          
             __tmplbl_351   0x00649c    program     static                          
             __tmplbl_352   0x00649c    program     static                          
             __tmplbl_353   0x0063e6    program     static                          
             __tmplbl_354   0x0063e6    program     static                          
             __tmplbl_355   0x00632e    program     static                          
             __tmplbl_356   0x00632e    program     static                          
             __tmplbl_357   0x006276    program     static                          
             __tmplbl_358   0x006276    program     static                          
             __tmplbl_359   0x0061be    program     static                          
              __tmplbl_36   0x002c60    program     static                          
             __tmplbl_360   0x0061be    program     static                          
             __tmplbl_361   0x006106    program     static                          
             __tmplbl_362   0x006106    program     static                          
             __tmplbl_363   0x00604e    program     static                          
             __tmplbl_364   0x00604e    program     static                          
              __tmplbl_37   0x002c5a    program     static                          
              __tmplbl_38   0x002ca0    program     static                          
             __tmplbl_385   0x007ac0    program     static                          
             __tmplbl_386   0x007ac0    program     static                          
             __tmplbl_387   0x007ac0    program     static                          
             __tmplbl_388   0x007ac0    program     static                          
             __tmplbl_389   0x007ac0    program     static                          
              __tmplbl_39   0x002c9a    program     static                          
             __tmplbl_390   0x007ac0    program     static                          
             __tmplbl_391   0x007ac0    program     static                          
             __tmplbl_392   0x007ac0    program     static                          
             __tmplbl_393   0x007ac0    program     static                          
             __tmplbl_394   0x007ac0    program     static                          
             __tmplbl_395   0x007ac0    program     static                          
             __tmplbl_396   0x007ac0    program     static                          
             __tmplbl_397   0x007ac0    program     static                          
             __tmplbl_398   0x007ac0    program     static                          
             __tmplbl_399   0x007ac0    program     static                          
               __tmplbl_4   0x002a02    program     static                          
              __tmplbl_40   0x002cba    program     static                          
             __tmplbl_400   0x007ac0    program     static                          
             __tmplbl_401   0x007ac0    program     static                          
             __tmplbl_402   0x007ac0    program     static                          
             __tmplbl_403   0x007ac0    program     static                          
             __tmplbl_404   0x007ac0    program     static                          
             __tmplbl_405   0x007ac0    program     static                          
             __tmplbl_406   0x007ac0    program     static                          
             __tmplbl_407   0x007ac0    program     static                          
             __tmplbl_408   0x007ac0    program     static                          
             __tmplbl_409   0x007ac0    program     static                          
              __tmplbl_41   0x002cb4    program     static                          
             __tmplbl_410   0x007ac0    program     static                          
             __tmplbl_411   0x007ac0    program     static                          
             __tmplbl_412   0x007ac0    program     static                          
             __tmplbl_413   0x007ac0    program     static                          
             __tmplbl_414   0x007ac0    program     static                          
             __tmplbl_415   0x007ac0    program     static                          
             __tmplbl_416   0x007ac0    program     static                          
             __tmplbl_417   0x007ac0    program     static                          
             __tmplbl_418   0x007ac0    program     static                          
             __tmplbl_419   0x007ac0    program     static                          
              __tmplbl_42   0x002cd4    program     static                          
             __tmplbl_420   0x007ac0    program     static                          
             __tmplbl_421   0x007ac0    program     static                          
             __tmplbl_422   0x007ac0    program     static                          
             __tmplbl_423   0x009cc8    program     static                          
             __tmplbl_424   0x009cc8    program     static                          
             __tmplbl_425   0x009c58    program     static                          
             __tmplbl_426   0x009c58    program     static                          
             __tmplbl_427   0x009be6    program     static                          
             __tmplbl_428   0x009be6    program     static                          
             __tmplbl_429   0x009b74    program     static                          
              __tmplbl_43   0x002cce    program     static                          
             __tmplbl_430   0x009b74    program     static                          
             __tmplbl_431   0x009b02    program     static                          
             __tmplbl_432   0x009b02    program     static                          
             __tmplbl_433   0x009a58    program     static                          
             __tmplbl_434   0x009a58    program     static                          
             __tmplbl_435   0x0099ae    program     static                          
             __tmplbl_436   0x0099ae    program     static                          
             __tmplbl_437   0x009904    program     static                          
             __tmplbl_438   0x009904    program     static                          
             __tmplbl_439   0x00985a    program     static                          
              __tmplbl_44   0x002d14    program     static                          
             __tmplbl_440   0x00985a    program     static                          
             __tmplbl_441   0x0097b0    program     static                          
             __tmplbl_442   0x0097b0    program     static                          
             __tmplbl_443   0x009706    program     static                          
             __tmplbl_444   0x009706    program     static                          
             __tmplbl_445   0x00965c    program     static                          
             __tmplbl_446   0x00965c    program     static                          
             __tmplbl_447   0x0095b2    program     static                          
             __tmplbl_448   0x0095b2    program     static                          
             __tmplbl_449   0x009508    program     static                          
              __tmplbl_45   0x002d0e    program     static                          
             __tmplbl_450   0x009508    program     static                          
             __tmplbl_451   0x00945c    program     static                          
             __tmplbl_452   0x00945c    program     static                          
             __tmplbl_453   0x0093ae    program     static                          
             __tmplbl_454   0x0093ae    program     static                          
             __tmplbl_455   0x009300    program     static                          
             __tmplbl_456   0x009300    program     static                          
             __tmplbl_457   0x009252    program     static                          
             __tmplbl_458   0x009252    program     static                          
             __tmplbl_459   0x0091a4    program     static                          
              __tmplbl_46   0x002d2e    program     static                          
             __tmplbl_460   0x0091a4    program     static                          
             __tmplbl_461   0x0090f6    program     static                          
             __tmplbl_462   0x0090f6    program     static                          
             __tmplbl_463   0x00904a    program     static                          
             __tmplbl_464   0x00904a    program     static                          
             __tmplbl_465   0x008f9c    program     static                          
             __tmplbl_466   0x008f9c    program     static                          
             __tmplbl_467   0x008eee    program     static                          
             __tmplbl_468   0x008eee    program     static                          
             __tmplbl_469   0x008e40    program     static                          
              __tmplbl_47   0x002d28    program     static                          
             __tmplbl_470   0x008e40    program     static                          
             __tmplbl_471   0x008d92    program     static                          
             __tmplbl_472   0x008d92    program     static                          
             __tmplbl_473   0x008ce4    program     static                          
             __tmplbl_474   0x008ce4    program     static                          
             __tmplbl_475   0x008c38    program     static                          
             __tmplbl_476   0x008c38    program     static                          
             __tmplbl_477   0x008b8a    program     static                          
             __tmplbl_478   0x008b8a    program     static                          
             __tmplbl_479   0x008adc    program     static                          
              __tmplbl_48   0x002d48    program     static                          
             __tmplbl_480   0x008adc    program     static                          
             __tmplbl_481   0x008a2e    program     static                          
             __tmplbl_482   0x008a2e    program     static                          
             __tmplbl_483   0x008982    program     static                          
             __tmplbl_484   0x008982    program     static                          
             __tmplbl_485   0x0088d6    program     static                          
             __tmplbl_486   0x0088d6    program     static                          
             __tmplbl_487   0x00882c    program     static                          
             __tmplbl_488   0x00882c    program     static                          
             __tmplbl_489   0x008780    program     static                          
              __tmplbl_49   0x002d42    program     static                          
             __tmplbl_490   0x008780    program     static                          
             __tmplbl_491   0x0086d4    program     static                          
             __tmplbl_492   0x0086d4    program     static                          
             __tmplbl_493   0x008628    program     static                          
             __tmplbl_494   0x008628    program     static                          
             __tmplbl_495   0x00857c    program     static                          
             __tmplbl_496   0x00857c    program     static                          
               __tmplbl_5   0x0029fc    program     static                          
              __tmplbl_50   0x002d88    program     static                          
              __tmplbl_51   0x002d82    program     static                          
             __tmplbl_519   0x009d38    program     static                          
              __tmplbl_52   0x002da2    program     static                          
             __tmplbl_520   0x009d38    program     static                          
             __tmplbl_521   0x009d38    program     static                          
             __tmplbl_522   0x009d38    program     static                          
             __tmplbl_523   0x009d38    program     static                          
             __tmplbl_524   0x009d38    program     static                          
             __tmplbl_525   0x009d38    program     static                          
             __tmplbl_526   0x009d38    program     static                          
             __tmplbl_527   0x009d38    program     static                          
             __tmplbl_528   0x009d38    program     static                          
             __tmplbl_529   0x009d38    program     static                          
              __tmplbl_53   0x002d9c    program     static                          
             __tmplbl_530   0x009d38    program     static                          
             __tmplbl_531   0x009d38    program     static                          
             __tmplbl_532   0x009d38    program     static                          
             __tmplbl_533   0x009d38    program     static                          
             __tmplbl_534   0x009d38    program     static                          
             __tmplbl_535   0x009d38    program     static                          
             __tmplbl_536   0x009d38    program     static                          
             __tmplbl_537   0x009d38    program     static                          
             __tmplbl_538   0x009d38    program     static                          
             __tmplbl_539   0x009d38    program     static                          
              __tmplbl_54   0x002dbc    program     static                          
             __tmplbl_540   0x009d38    program     static                          
             __tmplbl_541   0x009d38    program     static                          
             __tmplbl_542   0x009d38    program     static                          
             __tmplbl_543   0x009d38    program     static                          
             __tmplbl_544   0x009d38    program     static                          
             __tmplbl_545   0x009d38    program     static                          
             __tmplbl_546   0x009d38    program     static                          
             __tmplbl_547   0x009d38    program     static                          
             __tmplbl_548   0x009d38    program     static                          
             __tmplbl_549   0x009d38    program     static                          
              __tmplbl_55   0x002db6    program     static                          
             __tmplbl_550   0x009d38    program     static                          
             __tmplbl_551   0x009d38    program     static                          
             __tmplbl_552   0x009d38    program     static                          
             __tmplbl_553   0x009d38    program     static                          
             __tmplbl_554   0x009d38    program     static                          
             __tmplbl_555   0x009d38    program     static                          
              __tmplbl_56   0x002dfc    program     static                          
              __tmplbl_57   0x002df6    program     static                          
              __tmplbl_58   0x002e16    program     static                          
              __tmplbl_59   0x002e10    program     static                          
               __tmplbl_6   0x002a1c    program     static                          
              __tmplbl_60   0x002e30    program     static                          
              __tmplbl_61   0x002e2a    program     static                          
              __tmplbl_62   0x002e70    program     static                          
              __tmplbl_63   0x002e6a    program     static                          
              __tmplbl_64   0x002e8a    program     static                          
              __tmplbl_65   0x002e84    program     static                          
              __tmplbl_66   0x002ea4    program     static                          
              __tmplbl_67   0x002e9e    program     static                          
              __tmplbl_68   0x002ee4    program     static                          
              __tmplbl_69   0x002ede    program     static                          
               __tmplbl_7   0x002a16    program     static                          
              __tmplbl_70   0x002efe    program     static                          
              __tmplbl_71   0x002ef8    program     static                          
              __tmplbl_72   0x002f18    program     static                          
              __tmplbl_73   0x002f12    program     static                          
               __tmplbl_8   0x002a5c    program     static                          
               __tmplbl_9   0x002a56    program     static                          
              __tmplbl_99   0x001b2c    program     static                          
            __zero_memory   0x00a904    program     extern E:\c18v3.46\pic18-lt\cxx-framework\src\traditional\proc\p18f87k90.asm
                _do_cinit   0x00a834    program     extern E:\c18v3.46\pic18-lt\cxx-framework\src\traditional\startup\c018i.c
                   _entry   0x000000    program     extern E:\c18v3.46\pic18-lt\cxx-framework\src\traditional\startup\c018i.c
                 _startup   0x00a924    program     extern E:\c18v3.46\pic18-lt\cxx-framework\src\traditional\startup\c018i.c
                 adc_init   0x000400    program     extern C:\Users\Zak\Google Drive\Sask Polytech\Year 2 - Semester 2\STROBE\initializations.c
                    blink   0x0033d0    program     extern C:\Users\Zak\Google Drive\Sask Polytech\Year 2 - Semester 2\STROBE\blink.c
           buttons_action   0x00131e    program     extern C:\Users\Zak\Google Drive\Sask Polytech\Year 2 - Semester 2\STROBE\buttons.c
            buttons_check   0x00129e    program     extern C:\Users\Zak\Google Drive\Sask Polytech\Year 2 - Semester 2\STROBE\buttons.c
                compare_l   0x00a91a    program     static E:\c18v3.46\pic18-lt\cxx-framework\src\traditional\proc\p18f87k90.asm
                copy_loop   0x00a8a6    program     static                          
            copy_one_byte   0x00a8ac    program     static                          
                     done   0x00a8d0    program     static                          
             done_copying   0x00a8ba    program     static                          
           high_interrupt   0x000008    program     extern C:\Users\Zak\Google Drive\Sask Polytech\Year 2 - Semester 2\STROBE\STROBE.c
   high_interrupt_routine   0x000430    program     extern C:\Users\Zak\Google Drive\Sask Polytech\Year 2 - Semester 2\STROBE\interrupts.c
                 int_init   0x00016a    program     extern C:\Users\Zak\Google Drive\Sask Polytech\Year 2 - Semester 2\STROBE\initializations.c
                 jANotInf   0x00a652    program     static E:\c18v3.46\pic18-lt\cxx-framework\src\traditional\math\divFP.asm
                jANotZero   0x00a666    program     static E:\c18v3.46\pic18-lt\cxx-framework\src\traditional\math\divFP.asm
                     jEnd   0x00a902    program     static E:\c18v3.46\pic18-lt\cxx-framework\src\traditional\stdclib\scpyp2r.asm
                    jExit   0x00a726    program     static E:\c18v3.46\pic18-lt\cxx-framework\src\traditional\math\castFP08.asm
                jI2F16Beg   0x00a61e    program     static E:\c18v3.46\pic18-lt\cxx-framework\src\traditional\math\cast16FP.asm
                    jLoop   0x00a68e    program     static E:\c18v3.46\pic18-lt\cxx-framework\src\traditional\math\divFP.asm
                    jLoop   0x00a70e    program     static E:\c18v3.46\pic18-lt\cxx-framework\src\traditional\math\castFP08.asm
                    jLoop   0x00a8f8    program     static E:\c18v3.46\pic18-lt\cxx-framework\src\traditional\stdclib\scpyp2r.asm
                jLoopExit   0x00a71c    program     static E:\c18v3.46\pic18-lt\cxx-framework\src\traditional\math\castFP08.asm
                     jMax   0x00a6ea    program     static E:\c18v3.46\pic18-lt\cxx-framework\src\traditional\math\castFP08.asm
                  jMaxNeg   0x00a6f4    program     static E:\c18v3.46\pic18-lt\cxx-framework\src\traditional\math\castFP08.asm
                  jMaxPos   0x00a6ee    program     static E:\c18v3.46\pic18-lt\cxx-framework\src\traditional\math\castFP08.asm
                    jNext   0x00a6b4    program     static E:\c18v3.46\pic18-lt\cxx-framework\src\traditional\math\divFP.asm
                jNoAdjust   0x00a6b2    program     static E:\c18v3.46\pic18-lt\cxx-framework\src\traditional\math\divFP.asm
                  jNotInf   0x00a6fe    program     static E:\c18v3.46\pic18-lt\cxx-framework\src\traditional\math\castFP08.asm
                  jPkLoop   0x00a76e    program     static E:\c18v3.46\pic18-lt\cxx-framework\src\traditional\math\packFP.asm
             jPkRoundDone   0x00a7b8    program     static E:\c18v3.46\pic18-lt\cxx-framework\src\traditional\math\packFP.asm
               jPkRoundIt   0x00a7a0    program     static E:\c18v3.46\pic18-lt\cxx-framework\src\traditional\math\packFP.asm
             jPkShiftDone   0x00a78a    program     static E:\c18v3.46\pic18-lt\cxx-framework\src\traditional\math\packFP.asm
           jReturnPosInf0   0x00a744    program     static E:\c18v3.46\pic18-lt\cxx-framework\src\traditional\math\packFP.asm
              jSignedZero   0x00a65c    program     static E:\c18v3.46\pic18-lt\cxx-framework\src\traditional\math\divFP.asm
                  jUnpkA1   0x00a7e2    program     static E:\c18v3.46\pic18-lt\cxx-framework\src\traditional\math\UnpackFP.asm
                  jUnpkA2   0x00a7fa    program     static E:\c18v3.46\pic18-lt\cxx-framework\src\traditional\math\UnpackFP.asm
                 jUnpkANZ   0x00a7f0    program     static E:\c18v3.46\pic18-lt\cxx-framework\src\traditional\math\UnpackFP.asm
                  jUnpkB1   0x00a812    program     static E:\c18v3.46\pic18-lt\cxx-framework\src\traditional\math\UnpackFP.asm
                  jUnpkB2   0x00a82a    program     static E:\c18v3.46\pic18-lt\cxx-framework\src\traditional\math\UnpackFP.asm
                 jUnpkBNZ   0x00a820    program     static E:\c18v3.46\pic18-lt\cxx-framework\src\traditional\math\UnpackFP.asm
                 jUnpkNaN   0x00a804    program     static E:\c18v3.46\pic18-lt\cxx-framework\src\traditional\math\UnpackFP.asm
                    jZero   0x00a6fa    program     static E:\c18v3.46\pic18-lt\cxx-framework\src\traditional\math\castFP08.asm
               jZero1and2   0x00a748    program     static E:\c18v3.46\pic18-lt\cxx-framework\src\traditional\math\packFP.asm
         lights_dutycycle   0x00244e    program     extern C:\Users\Zak\Google Drive\Sask Polytech\Year 2 - Semester 2\STROBE\lights.c
         lights_frequency   0x001e1e    program     extern C:\Users\Zak\Google Drive\Sask Polytech\Year 2 - Semester 2\STROBE\lights.c
                     loop   0x00a934    program     static                          
                   loop_h   0x00a912    program     static E:\c18v3.46\pic18-lt\cxx-framework\src\traditional\proc\p18f87k90.asm
                   loop_l   0x00a91c    program     static E:\c18v3.46\pic18-lt\cxx-framework\src\traditional\proc\p18f87k90.asm
            low_interrupt   0x000018    program     extern C:\Users\Zak\Google Drive\Sask Polytech\Year 2 - Semester 2\STROBE\STROBE.c
    low_interrupt_routine   0x000442    program     extern C:\Users\Zak\Google Drive\Sask Polytech\Year 2 - Semester 2\STROBE\interrupts.c
                     main   0x000050    program     extern C:\Users\Zak\Google Drive\Sask Polytech\Year 2 - Semester 2\STROBE\STROBE.c
          manual_load1_l1   0x00a08a    program     extern C:\Users\Zak\Google Drive\Sask Polytech\Year 2 - Semester 2\STROBE\menus.h
          manual_load1_l2   0x00a09f    program     extern C:\Users\Zak\Google Drive\Sask Polytech\Year 2 - Semester 2\STROBE\menus.h
          manual_load1_l3   0x00a0b4    program     extern C:\Users\Zak\Google Drive\Sask Polytech\Year 2 - Semester 2\STROBE\menus.h
          manual_load1_l4   0x00a0c9    program     extern C:\Users\Zak\Google Drive\Sask Polytech\Year 2 - Semester 2\STROBE\menus.h
          manual_load2_l1   0x00a0de    program     extern C:\Users\Zak\Google Drive\Sask Polytech\Year 2 - Semester 2\STROBE\menus.h
          manual_load2_l2   0x00a0f3    program     extern C:\Users\Zak\Google Drive\Sask Polytech\Year 2 - Semester 2\STROBE\menus.h
          manual_load2_l3   0x00a108    program     extern C:\Users\Zak\Google Drive\Sask Polytech\Year 2 - Semester 2\STROBE\menus.h
          manual_load2_l4   0x00a11d    program     extern C:\Users\Zak\Google Drive\Sask Polytech\Year 2 - Semester 2\STROBE\menus.h
          manual_load3_l1   0x00a132    program     extern C:\Users\Zak\Google Drive\Sask Polytech\Year 2 - Semester 2\STROBE\menus.h
          manual_load3_l2   0x00a147    program     extern C:\Users\Zak\Google Drive\Sask Polytech\Year 2 - Semester 2\STROBE\menus.h
          manual_load3_l3   0x00a15c    program     extern C:\Users\Zak\Google Drive\Sask Polytech\Year 2 - Semester 2\STROBE\menus.h
          manual_load3_l4   0x00a171    program     extern C:\Users\Zak\Google Drive\Sask Polytech\Year 2 - Semester 2\STROBE\menus.h
          manual_load4_l1   0x00a186    program     extern C:\Users\Zak\Google Drive\Sask Polytech\Year 2 - Semester 2\STROBE\menus.h
          manual_load4_l2   0x00a19b    program     extern C:\Users\Zak\Google Drive\Sask Polytech\Year 2 - Semester 2\STROBE\menus.h
          manual_load4_l3   0x00a1b0    program     extern C:\Users\Zak\Google Drive\Sask Polytech\Year 2 - Semester 2\STROBE\menus.h
          manual_load4_l4   0x00a1c5    program     extern C:\Users\Zak\Google Drive\Sask Polytech\Year 2 - Semester 2\STROBE\menus.h
          manual_menu1_l1   0x009f3a    program     extern C:\Users\Zak\Google Drive\Sask Polytech\Year 2 - Semester 2\STROBE\menus.h
          manual_menu1_l2   0x009f4f    program     extern C:\Users\Zak\Google Drive\Sask Polytech\Year 2 - Semester 2\STROBE\menus.h
          manual_menu1_l3   0x009f64    program     extern C:\Users\Zak\Google Drive\Sask Polytech\Year 2 - Semester 2\STROBE\menus.h
          manual_menu1_l4   0x009f79    program     extern C:\Users\Zak\Google Drive\Sask Polytech\Year 2 - Semester 2\STROBE\menus.h
           manual_new1_l1   0x009f8e    program     extern C:\Users\Zak\Google Drive\Sask Polytech\Year 2 - Semester 2\STROBE\menus.h
           manual_new1_l2   0x009fa3    program     extern C:\Users\Zak\Google Drive\Sask Polytech\Year 2 - Semester 2\STROBE\menus.h
           manual_new1_l3   0x009fb8    program     extern C:\Users\Zak\Google Drive\Sask Polytech\Year 2 - Semester 2\STROBE\menus.h
           manual_new1_l4   0x009fcd    program     extern C:\Users\Zak\Google Drive\Sask Polytech\Year 2 - Semester 2\STROBE\menus.h
           manual_new2_l1   0x009fe2    program     extern C:\Users\Zak\Google Drive\Sask Polytech\Year 2 - Semester 2\STROBE\menus.h
           manual_new2_l2   0x009ff7    program     extern C:\Users\Zak\Google Drive\Sask Polytech\Year 2 - Semester 2\STROBE\menus.h
           manual_new2_l3   0x00a00c    program     extern C:\Users\Zak\Google Drive\Sask Polytech\Year 2 - Semester 2\STROBE\menus.h
           manual_new2_l4   0x00a021    program     extern C:\Users\Zak\Google Drive\Sask Polytech\Year 2 - Semester 2\STROBE\menus.h
      manual_new_color_l1   0x00a036    program     extern C:\Users\Zak\Google Drive\Sask Polytech\Year 2 - Semester 2\STROBE\menus.h
      manual_new_color_l2   0x00a04b    program     extern C:\Users\Zak\Google Drive\Sask Polytech\Year 2 - Semester 2\STROBE\menus.h
      manual_new_color_l3   0x00a060    program     extern C:\Users\Zak\Google Drive\Sask Polytech\Year 2 - Semester 2\STROBE\menus.h
      manual_new_color_l4   0x00a075    program     extern C:\Users\Zak\Google Drive\Sask Polytech\Year 2 - Semester 2\STROBE\menus.h
     motion_menu1a_off_l1   0x009e3e    program     extern C:\Users\Zak\Google Drive\Sask Polytech\Year 2 - Semester 2\STROBE\menus.h
[...]
              HLVDCONbits   0x000fa8       data     extern E:\c18v3.46\pic18-lt\cxx-framework\src\traditional\proc\p18f87k90.asm
                  HLVDCON   0x000fa8       data     extern E:\c18v3.46\pic18-lt\cxx-framework\src\traditional\proc\p18f87k90.asm
                     IPR6   0x000fa9       data     extern E:\c18v3.46\pic18-lt\cxx-framework\src\traditional\proc\p18f87k90.asm
                 IPR6bits   0x000fa9       data     extern E:\c18v3.46\pic18-lt\cxx-framework\src\traditional\proc\p18f87k90.asm
               T1GCONbits   0x000faa       data     extern E:\c18v3.46\pic18-lt\cxx-framework\src\traditional\proc\p18f87k90.asm
                   T1GCON   0x000faa       data     extern E:\c18v3.46\pic18-lt\cxx-framework\src\traditional\proc\p18f87k90.asm
               RCSTA1bits   0x000fab       data     extern E:\c18v3.46\pic18-lt\cxx-framework\src\traditional\proc\p18f87k90.asm
                   RCSTA1   0x000fab       data     extern E:\c18v3.46\pic18-lt\cxx-framework\src\traditional\proc\p18f87k90.asm
                    RCSTA   0x000fab       data     extern E:\c18v3.46\pic18-lt\cxx-framework\src\traditional\proc\p18f87k90.asm
                RCSTAbits   0x000fab       data     extern E:\c18v3.46\pic18-lt\cxx-framework\src\traditional\proc\p18f87k90.asm
                TXSTAbits   0x000fac       data     extern E:\c18v3.46\pic18-lt\cxx-framework\src\traditional\proc\p18f87k90.asm
                    TXSTA   0x000fac       data     extern E:\c18v3.46\pic18-lt\cxx-framework\src\traditional\proc\p18f87k90.asm
                   TXSTA1   0x000fac       data     extern E:\c18v3.46\pic18-lt\cxx-framework\src\traditional\proc\p18f87k90.asm
               TXSTA1bits   0x000fac       data     extern E:\c18v3.46\pic18-lt\cxx-framework\src\traditional\proc\p18f87k90.asm
                    TXREG   0x000fad       data     extern E:\c18v3.46\pic18-lt\cxx-framework\src\traditional\proc\p18f87k90.asm
                   TXREG1   0x000fad       data     extern E:\c18v3.46\pic18-lt\cxx-framework\src\traditional\proc\p18f87k90.asm
                   RCREG1   0x000fae       data     extern E:\c18v3.46\pic18-lt\cxx-framework\src\traditional\proc\p18f87k90.asm
                    RCREG   0x000fae       data     extern E:\c18v3.46\pic18-lt\cxx-framework\src\traditional\proc\p18f87k90.asm
                    SPBRG   0x000faf       data     extern E:\c18v3.46\pic18-lt\cxx-framework\src\traditional\proc\p18f87k90.asm
                   SPBRG1   0x000faf       data     extern E:\c18v3.46\pic18-lt\cxx-framework\src\traditional\proc\p18f87k90.asm
                   T3GCON   0x000fb0       data     extern E:\c18v3.46\pic18-lt\cxx-framework\src\traditional\proc\p18f87k90.asm
               T3GCONbits   0x000fb0       data     extern E:\c18v3.46\pic18-lt\cxx-framework\src\traditional\proc\p18f87k90.asm
                    T3CON   0x000fb1       data     extern E:\c18v3.46\pic18-lt\cxx-framework\src\traditional\proc\p18f87k90.asm
                T3CONbits   0x000fb1       data     extern E:\c18v3.46\pic18-lt\cxx-framework\src\traditional\proc\p18f87k90.asm
                    TMR3L   0x000fb2       data     extern E:\c18v3.46\pic18-lt\cxx-framework\src\traditional\proc\p18f87k90.asm
                    TMR3H   0x000fb3       data     extern E:\c18v3.46\pic18-lt\cxx-framework\src\traditional\proc\p18f87k90.asm
                   CMSTAT   0x000fb4       data     extern E:\c18v3.46\pic18-lt\cxx-framework\src\traditional\proc\p18f87k90.asm
                 CMSTATUS   0x000fb4       data     extern E:\c18v3.46\pic18-lt\cxx-framework\src\traditional\proc\p18f87k90.asm
               CMSTATbits   0x000fb4       data     extern E:\c18v3.46\pic18-lt\cxx-framework\src\traditional\proc\p18f87k90.asm
             CMSTATUSbits   0x000fb4       data     extern E:\c18v3.46\pic18-lt\cxx-framework\src\traditional\proc\p18f87k90.asm
               CVRCONbits   0x000fb5       data     extern E:\c18v3.46\pic18-lt\cxx-framework\src\traditional\proc\p18f87k90.asm
                   CVRCON   0x000fb5       data     extern E:\c18v3.46\pic18-lt\cxx-framework\src\traditional\proc\p18f87k90.asm
                     PIE4   0x000fb6       data     extern E:\c18v3.46\pic18-lt\cxx-framework\src\traditional\proc\p18f87k90.asm
                 PIE4bits   0x000fb6       data     extern E:\c18v3.46\pic18-lt\cxx-framework\src\traditional\proc\p18f87k90.asm
                     PIR4   0x000fb7       data     extern E:\c18v3.46\pic18-lt\cxx-framework\src\traditional\proc\p18f87k90.asm
                 PIR4bits   0x000fb7       data     extern E:\c18v3.46\pic18-lt\cxx-framework\src\traditional\proc\p18f87k90.asm
                     IPR4   0x000fb8       data     extern E:\c18v3.46\pic18-lt\cxx-framework\src\traditional\proc\p18f87k90.asm
                 IPR4bits   0x000fb8       data     extern E:\c18v3.46\pic18-lt\cxx-framework\src\traditional\proc\p18f87k90.asm
                     PIE5   0x000fb9       data     extern E:\c18v3.46\pic18-lt\cxx-framework\src\traditional\proc\p18f87k90.asm
                 PIE5bits   0x000fb9       data     extern E:\c18v3.46\pic18-lt\cxx-framework\src\traditional\proc\p18f87k90.asm
                 PIR5bits   0x000fba       data     extern E:\c18v3.46\pic18-lt\cxx-framework\src\traditional\proc\p18f87k90.asm
                     PIR5   0x000fba       data     extern E:\c18v3.46\pic18-lt\cxx-framework\src\traditional\proc\p18f87k90.asm
             ECCP1CONbits   0x000fbb       data     extern E:\c18v3.46\pic18-lt\cxx-framework\src\traditional\proc\p18f87k90.asm
                 ECCP1CON   0x000fbb       data     extern E:\c18v3.46\pic18-lt\cxx-framework\src\traditional\proc\p18f87k90.asm
              CCP1CONbits   0x000fbb       data     extern E:\c18v3.46\pic18-lt\cxx-framework\src\traditional\proc\p18f87k90.asm
                  CCP1CON   0x000fbb       data     extern E:\c18v3.46\pic18-lt\cxx-framework\src\traditional\proc\p18f87k90.asm
                    CCPR1   0x000fbc       data     extern E:\c18v3.46\pic18-lt\cxx-framework\src\traditional\proc\p18f87k90.asm
                   CCPR1L   0x000fbc       data     extern E:\c18v3.46\pic18-lt\cxx-framework\src\traditional\proc\p18f87k90.asm
                   CCPR1H   0x000fbd       data     extern E:\c18v3.46\pic18-lt\cxx-framework\src\traditional\proc\p18f87k90.asm
                 ECCP1DEL   0x000fbe       data     extern E:\c18v3.46\pic18-lt\cxx-framework\src\traditional\proc\p18f87k90.asm
              PWM1CONbits   0x000fbe       data     extern E:\c18v3.46\pic18-lt\cxx-framework\src\traditional\proc\p18f87k90.asm
                  PWM1CON   0x000fbe       data     extern E:\c18v3.46\pic18-lt\cxx-framework\src\traditional\proc\p18f87k90.asm
             ECCP1DELbits   0x000fbe       data     extern E:\c18v3.46\pic18-lt\cxx-framework\src\traditional\proc\p18f87k90.asm
                  ECCP1AS   0x000fbf       data     extern E:\c18v3.46\pic18-lt\cxx-framework\src\traditional\proc\p18f87k90.asm
              ECCP1ASbits   0x000fbf       data     extern E:\c18v3.46\pic18-lt\cxx-framework\src\traditional\proc\p18f87k90.asm
               ADCON2bits   0x000fc0       data     extern E:\c18v3.46\pic18-lt\cxx-framework\src\traditional\proc\p18f87k90.asm
                   ADCON2   0x000fc0       data     extern E:\c18v3.46\pic18-lt\cxx-framework\src\traditional\proc\p18f87k90.asm
                   ADCON1   0x000fc1       data     extern E:\c18v3.46\pic18-lt\cxx-framework\src\traditional\proc\p18f87k90.asm
               ADCON1bits   0x000fc1       data     extern E:\c18v3.46\pic18-lt\cxx-framework\src\traditional\proc\p18f87k90.asm
                   ADCON0   0x000fc2       data     extern E:\c18v3.46\pic18-lt\cxx-framework\src\traditional\proc\p18f87k90.asm
               ADCON0bits   0x000fc2       data     extern E:\c18v3.46\pic18-lt\cxx-framework\src\traditional\proc\p18f87k90.asm
                    ADRES   0x000fc3       data     extern E:\c18v3.46\pic18-lt\cxx-framework\src\traditional\proc\p18f87k90.asm
                   ADRESL   0x000fc3       data     extern E:\c18v3.46\pic18-lt\cxx-framework\src\traditional\proc\p18f87k90.asm
                   ADRESH   0x000fc4       data     extern E:\c18v3.46\pic18-lt\cxx-framework\src\traditional\proc\p18f87k90.asm
                 SSP1CON2   0x000fc5       data     extern E:\c18v3.46\pic18-lt\cxx-framework\src\traditional\proc\p18f87k90.asm
             SSP1CON2bits   0x000fc5       data     extern E:\c18v3.46\pic18-lt\cxx-framework\src\traditional\proc\p18f87k90.asm
                  SSPCON2   0x000fc5       data     extern E:\c18v3.46\pic18-lt\cxx-framework\src\traditional\proc\p18f87k90.asm
              SSPCON2bits   0x000fc5       data     extern E:\c18v3.46\pic18-lt\cxx-framework\src\traditional\proc\p18f87k90.asm
              SSPCON1bits   0x000fc6       data     extern E:\c18v3.46\pic18-lt\cxx-framework\src\traditional\proc\p18f87k90.asm
                  SSPCON1   0x000fc6       data     extern E:\c18v3.46\pic18-lt\cxx-framework\src\traditional\proc\p18f87k90.asm
                 SSP1CON1   0x000fc6       data     extern E:\c18v3.46\pic18-lt\cxx-framework\src\traditional\proc\p18f87k90.asm
             SSP1CON1bits   0x000fc6       data     extern E:\c18v3.46\pic18-lt\cxx-framework\src\traditional\proc\p18f87k90.asm
                 SSP1STAT   0x000fc7       data     extern E:\c18v3.46\pic18-lt\cxx-framework\src\traditional\proc\p18f87k90.asm
                  SSPSTAT   0x000fc7       data     extern E:\c18v3.46\pic18-lt\cxx-framework\src\traditional\proc\p18f87k90.asm
              SSPSTATbits   0x000fc7       data     extern E:\c18v3.46\pic18-lt\cxx-framework\src\traditional\proc\p18f87k90.asm
             SSP1STATbits   0x000fc7       data     extern E:\c18v3.46\pic18-lt\cxx-framework\src\traditional\proc\p18f87k90.asm
                  SSP1ADD   0x000fc8       data     extern E:\c18v3.46\pic18-lt\cxx-framework\src\traditional\proc\p18f87k90.asm
              SSP1ADDbits   0x000fc8       data     extern E:\c18v3.46\pic18-lt\cxx-framework\src\traditional\proc\p18f87k90.asm
               SSPADDbits   0x000fc8       data     extern E:\c18v3.46\pic18-lt\cxx-framework\src\traditional\proc\p18f87k90.asm
                   SSPADD   0x000fc8       data     extern E:\c18v3.46\pic18-lt\cxx-framework\src\traditional\proc\p18f87k90.asm
                  SSP1BUF   0x000fc9       data     extern E:\c18v3.46\pic18-lt\cxx-framework\src\traditional\proc\p18f87k90.asm
                   SSPBUF   0x000fc9       data     extern E:\c18v3.46\pic18-lt\cxx-framework\src\traditional\proc\p18f87k90.asm
                    T2CON   0x000fca       data     extern E:\c18v3.46\pic18-lt\cxx-framework\src\traditional\proc\p18f87k90.asm
                T2CONbits   0x000fca       data     extern E:\c18v3.46\pic18-lt\cxx-framework\src\traditional\proc\p18f87k90.asm
                      PR2   0x000fcb       data     extern E:\c18v3.46\pic18-lt\cxx-framework\src\traditional\proc\p18f87k90.asm
                     TMR2   0x000fcc       data     extern E:\c18v3.46\pic18-lt\cxx-framework\src\traditional\proc\p18f87k90.asm
                    T1CON   0x000fcd       data     extern E:\c18v3.46\pic18-lt\cxx-framework\src\traditional\proc\p18f87k90.asm
                T1CONbits   0x000fcd       data     extern E:\c18v3.46\pic18-lt\cxx-framework\src\traditional\proc\p18f87k90.asm
                    TMR1L   0x000fce       data     extern E:\c18v3.46\pic18-lt\cxx-framework\src\traditional\proc\p18f87k90.asm
                    TMR1H   0x000fcf       data     extern E:\c18v3.46\pic18-lt\cxx-framework\src\traditional\proc\p18f87k90.asm
                     RCON   0x000fd0       data     extern E:\c18v3.46\pic18-lt\cxx-framework\src\traditional\proc\p18f87k90.asm
                 RCONbits   0x000fd0       data     extern E:\c18v3.46\pic18-lt\cxx-framework\src\traditional\proc\p18f87k90.asm
                   WDTCON   0x000fd1       data     extern E:\c18v3.46\pic18-lt\cxx-framework\src\traditional\proc\p18f87k90.asm
               WDTCONbits   0x000fd1       data     extern E:\c18v3.46\pic18-lt\cxx-framework\src\traditional\proc\p18f87k90.asm
                 IPR5bits   0x000fd2       data     extern E:\c18v3.46\pic18-lt\cxx-framework\src\traditional\proc\p18f87k90.asm
                     IPR5   0x000fd2       data     extern E:\c18v3.46\pic18-lt\cxx-framework\src\traditional\proc\p18f87k90.asm
                   OSCCON   0x000fd3       data     extern E:\c18v3.46\pic18-lt\cxx-framework\src\traditional\proc\p18f87k90.asm
               OSCCONbits   0x000fd3       data     extern E:\c18v3.46\pic18-lt\cxx-framework\src\traditional\proc\p18f87k90.asm
                  SPBRGH1   0x000fd4       data     extern E:\c18v3.46\pic18-lt\cxx-framework\src\traditional\proc\p18f87k90.asm
                T0CONbits   0x000fd5       data     extern E:\c18v3.46\pic18-lt\cxx-framework\src\traditional\proc\p18f87k90.asm
                    T0CON   0x000fd5       data     extern E:\c18v3.46\pic18-lt\cxx-framework\src\traditional\proc\p18f87k90.asm
                    TMR0L   0x000fd6       data     extern E:\c18v3.46\pic18-lt\cxx-framework\src\traditional\proc\p18f87k90.asm
                    TMR0H   0x000fd7       data     extern E:\c18v3.46\pic18-lt\cxx-framework\src\traditional\proc\p18f87k90.asm
               STATUSbits   0x000fd8       data     extern E:\c18v3.46\pic18-lt\cxx-framework\src\traditional\proc\p18f87k90.asm
                   STATUS   0x000fd8       data     extern E:\c18v3.46\pic18-lt\cxx-framework\src\traditional\proc\p18f87k90.asm
                    FSR2L   0x000fd9       data     extern E:\c18v3.46\pic18-lt\cxx-framework\src\traditional\proc\p18f87k90.asm
                     FSR2   0x000fd9       data     extern E:\c18v3.46\pic18-lt\cxx-framework\src\traditional\proc\p18f87k90.asm
                    FSR2H   0x000fda       data     extern E:\c18v3.46\pic18-lt\cxx-framework\src\traditional\proc\p18f87k90.asm
                   PLUSW2   0x000fdb       data     extern E:\c18v3.46\pic18-lt\cxx-framework\src\traditional\proc\p18f87k90.asm
                  PREINC2   0x000fdc       data     extern E:\c18v3.46\pic18-lt\cxx-framework\src\traditional\proc\p18f87k90.asm
                 POSTDEC2   0x000fdd       data     extern E:\c18v3.46\pic18-lt\cxx-framework\src\traditional\proc\p18f87k90.asm
                 POSTINC2   0x000fde       data     extern E:\c18v3.46\pic18-lt\cxx-framework\src\traditional\proc\p18f87k90.asm
                    INDF2   0x000fdf       data     extern E:\c18v3.46\pic18-lt\cxx-framework\src\traditional\proc\p18f87k90.asm
                      BSR   0x000fe0       data     extern E:\c18v3.46\pic18-lt\cxx-framework\src\traditional\proc\p18f87k90.asm
                    FSR1L   0x000fe1       data     extern E:\c18v3.46\pic18-lt\cxx-framework\src\traditional\proc\p18f87k90.asm
                     FSR1   0x000fe1       data     extern E:\c18v3.46\pic18-lt\cxx-framework\src\traditional\proc\p18f87k90.asm
                    FSR1H   0x000fe2       data     extern E:\c18v3.46\pic18-lt\cxx-framework\src\traditional\proc\p18f87k90.asm
                   PLUSW1   0x000fe3       data     extern E:\c18v3.46\pic18-lt\cxx-framework\src\traditional\proc\p18f87k90.asm
                  PREINC1   0x000fe4       data     extern E:\c18v3.46\pic18-lt\cxx-framework\src\traditional\proc\p18f87k90.asm
                 POSTDEC1   0x000fe5       data     extern E:\c18v3.46\pic18-lt\cxx-framework\src\traditional\proc\p18f87k90.asm
                 POSTINC1   0x000fe6       data     extern E:\c18v3.46\pic18-lt\cxx-framework\src\traditional\proc\p18f87k90.asm
                    INDF1   0x000fe7       data     extern E:\c18v3.46\pic18-lt\cxx-framework\src\traditional\proc\p18f87k90.asm
                     WREG   0x000fe8       data     extern E:\c18v3.46\pic18-lt\cxx-framework\src\traditional\proc\p18f87k90.asm
                     FSR0   0x000fe9       data     extern E:\c18v3.46\pic18-lt\cxx-framework\src\traditional\proc\p18f87k90.asm
                    FSR0L   0x000fe9       data     extern E:\c18v3.46\pic18-lt\cxx-framework\src\traditional\proc\p18f87k90.asm
                    FSR0H   0x000fea       data     extern E:\c18v3.46\pic18-lt\cxx-framework\src\traditional\proc\p18f87k90.asm
                   PLUSW0   0x000feb       data     extern E:\c18v3.46\pic18-lt\cxx-framework\src\traditional\proc\p18f87k90.asm
                  PREINC0   0x000fec       data     extern E:\c18v3.46\pic18-lt\cxx-framework\src\traditional\proc\p18f87k90.asm
                 POSTDEC0   0x000fed       data     extern E:\c18v3.46\pic18-lt\cxx-framework\src\traditional\proc\p18f87k90.asm
                 POSTINC0   0x000fee       data     extern E:\c18v3.46\pic18-lt\cxx-framework\src\traditional\proc\p18f87k90.asm
                    INDF0   0x000fef       data     extern E:\c18v3.46\pic18-lt\cxx-framework\src\traditional\proc\p18f87k90.asm
              INTCON3bits   0x000ff0       data     extern E:\c18v3.46\pic18-lt\cxx-framework\src\traditional\proc\p18f87k90.asm
                  INTCON3   0x000ff0       data     extern E:\c18v3.46\pic18-lt\cxx-framework\src\traditional\proc\p18f87k90.asm
              INTCON2bits   0x000ff1       data     extern E:\c18v3.46\pic18-lt\cxx-framework\src\traditional\proc\p18f87k90.asm
                  INTCON2   0x000ff1       data     extern E:\c18v3.46\pic18-lt\cxx-framework\src\traditional\proc\p18f87k90.asm
               INTCONbits   0x000ff2       data     extern E:\c18v3.46\pic18-lt\cxx-framework\src\traditional\proc\p18f87k90.asm
                   INTCON   0x000ff2       data     extern E:\c18v3.46\pic18-lt\cxx-framework\src\traditional\proc\p18f87k90.asm
                     PROD   0x000ff3       data     extern E:\c18v3.46\pic18-lt\cxx-framework\src\traditional\proc\p18f87k90.asm
                    PRODL   0x000ff3       data     extern E:\c18v3.46\pic18-lt\cxx-framework\src\traditional\proc\p18f87k90.asm
                    PRODH   0x000ff4       data     extern E:\c18v3.46\pic18-lt\cxx-framework\src\traditional\proc\p18f87k90.asm
                   TABLAT   0x000ff5       data     extern E:\c18v3.46\pic18-lt\cxx-framework\src\traditional\proc\p18f87k90.asm
                  TBLPTRL   0x000ff6       data     extern E:\c18v3.46\pic18-lt\cxx-framework\src\traditional\proc\p18f87k90.asm
                   TBLPTR   0x000ff6       data     extern E:\c18v3.46\pic18-lt\cxx-framework\src\traditional\proc\p18f87k90.asm
                  TBLPTRH   0x000ff7       data     extern E:\c18v3.46\pic18-lt\cxx-framework\src\traditional\proc\p18f87k90.asm
                  TBLPTRU   0x000ff8       data     extern E:\c18v3.46\pic18-lt\cxx-framework\src\traditional\proc\p18f87k90.asm
                      PCL   0x000ff9       data     extern E:\c18v3.46\pic18-lt\cxx-framework\src\traditional\proc\p18f87k90.asm
                       PC   0x000ff9       data     extern E:\c18v3.46\pic18-lt\cxx-framework\src\traditional\proc\p18f87k90.asm
                   PCLATH   0x000ffa       data     extern E:\c18v3.46\pic18-lt\cxx-framework\src\traditional\proc\p18f87k90.asm
                   PCLATU   0x000ffb       data     extern E:\c18v3.46\pic18-lt\cxx-framework\src\traditional\proc\p18f87k90.asm
               STKPTRbits   0x000ffc       data     extern E:\c18v3.46\pic18-lt\cxx-framework\src\traditional\proc\p18f87k90.asm
                   STKPTR   0x000ffc       data     extern E:\c18v3.46\pic18-lt\cxx-framework\src\traditional\proc\p18f87k90.asm
                      TOS   0x000ffd       data     extern E:\c18v3.46\pic18-lt\cxx-framework\src\traditional\proc\p18f87k90.asm
                     TOSL   0x000ffd       data     extern E:\c18v3.46\pic18-lt\cxx-framework\src\traditional\proc\p18f87k90.asm
                     TOSH   0x000ffe       data     extern E:\c18v3.46\pic18-lt\cxx-framework\src\traditional\proc\p18f87k90.asm
                     TOSU   0x000fff       data     extern E:\c18v3.46\pic18-lt\cxx-framework\src\traditional\proc\p18f87k90.asm


