MPLINK 4.48, Linker
Linker Map File - Created Thu Mar 05 10:59:39 2015

                                 Section Info
                  Section       Type    Address   Location Size(Bytes)
                ---------  ---------  ---------  ---------  ---------
               _entry_scn       code   0x000000    program   0x000006
           .code___init.o       code   0x000006    program   0x000002
              high_vector       code   0x000008    program   0x000004
               low_vector       code   0x000018    program   0x000004
                   .cinit    romdata   0x00001c    program   0x00001a
           .code_STROBE.o       code   0x000036    program   0x0051ec
        .romdata_STROBE.o    romdata   0x005222    program   0x00096f
        .romdata___init.o    romdata   0x005b91    program   0x000000
        .idata___init.o_i    romdata   0x005b91    program   0x000000
         .idata_c018i.o_i    romdata   0x005b91    program   0x000000
         .romdata_c018i.o    romdata   0x005b91    program   0x000000
               _cinit_scn       code   0x005b92    program   0x00009e
            .code_c018i.o       code   0x005b92    program   0x000000
                   STRING       code   0x005c30    program   0x000032
                    .code       code   0x005c62    program   0x000020
             _startup_scn       code   0x005c82    program   0x00001c
             .stringtable    romdata   0x005c9e    program   0x000015
               OLEDDATA_i    romdata   0x005cb3    program   0x000103
        .idata_STROBE.o_i    romdata   0x005db6    program   0x00008f
  .config_300000_STROBE.o    romdata   0x300000    program   0x000001
  .config_300001_STROBE.o    romdata   0x300001    program   0x000001
  .config_300002_STROBE.o    romdata   0x300002    program   0x000001
  .config_300003_STROBE.o    romdata   0x300003    program   0x000001
  .config_300004_STROBE.o    romdata   0x300004    program   0x000001
  .config_300005_STROBE.o    romdata   0x300005    program   0x000001
  .config_300006_STROBE.o    romdata   0x300006    program   0x000001
  .config_300008_STROBE.o    romdata   0x300008    program   0x000001
  .config_300009_STROBE.o    romdata   0x300009    program   0x000001
  .config_30000a_STROBE.o    romdata   0x30000a    program   0x000001
  .config_30000b_STROBE.o    romdata   0x30000b    program   0x000001
                 .tmpdata      udata   0x000000       data   0x000005
                MATH_DATA      udata   0x000005       data   0x000002
          .idata_STROBE.o      idata   0x000060       data   0x00008f
           .udata_c018i.o      udata   0x0000ef       data   0x00000a
           .idata_c018i.o      idata   0x0000f9       data   0x000000
          .udata___init.o      udata   0x0000f9       data   0x000000
          .idata___init.o      idata   0x0000f9       data   0x000000
                 OLEDDATA      idata   0x000900       data   0x000103
                   .stack      udata   0x000d00       data   0x000100
          .udata_STROBE.o      udata   0x000e00       data   0x00000a
              SFR_BANKED0      udata   0x000ef4       data   0x00000c
              SFR_BANKED1      udata   0x000f00       data   0x000026
              SFR_BANKED2      udata   0x000f27       data   0x000039
            SFR_UNBANKED0      udata   0x000f60       data   0x0000a0



                              Program Memory Usage 
                               Start         End      
                           ---------   ---------      
                            0x000000    0x00000b      
                            0x000018    0x005b90      
                            0x005b92    0x005e44      
                            0x300000    0x300006      
                            0x300008    0x30000b      
            24131 out of 132120 program addresses used, program memory utilization is 18%



                              Symbols - Sorted by Name
                     Name    Address   Location    Storage File                     
                ---------  ---------  ---------  --------- ---------                
       ___case_0_lbl00850   0x004ca2    program     static                          
      ___case_10_lbl00683   0x0045c0    program     static                          
      ___case_11_lbl00693   0x00463a    program     static                          
      ___case_12_lbl00703   0x0046b4    program     static                          
      ___case_12_lbl00839   0x004bc2    program     static                          
       ___case_1_lbl00593   0x004176    program     static                          
       ___case_1_lbl00828   0x0049e4    program     static                          
       ___case_1_lbl00838   0x004bb2    program     static                          
       ___case_1_lbl00851   0x004ca4    program     static                          
       ___case_1_lbl00954   0x00515a    program     static                          
       ___case_1_lbl00959   0x0051b6    program     static                          
       ___case_2_lbl00603   0x0041f0    program     static                          
       ___case_2_lbl00832   0x004a52    program     static                          
       ___case_2_lbl00955   0x00518c    program     static                          
       ___case_2_lbl00960   0x0051d8    program     static                          
       ___case_3_lbl00613   0x00426a    program     static                          
       ___case_3_lbl00854   0x004ab6    program     static                          
       ___case_3_lbl00962   0x005198    program     static                          
       ___case_4_lbl00623   0x0042e4    program     static                          
       ___case_4_lbl00951   0x004cfc    program     static                          
       ___case_5_lbl00633   0x00435e    program     static                          
       ___case_6_lbl00643   0x0043d8    program     static                          
       ___case_7_lbl00653   0x004452    program     static                          
       ___case_8_lbl00663   0x0044cc    program     static                          
       ___case_9_lbl00673   0x004546    program     static                          
      ___default_lbl00713   0x00472e    program     static                          
      ___default_lbl00840   0x004bd2    program     static                          
      ___default_lbl00852   0x004cd2    program     static                          
      ___default_lbl00961   0x005210    program     static                          
         ___else_lbl00501   0x0039c0    program     static                          
         ___else_lbl00591   0x004128    program     static                          
         ___else_lbl00596   0x0041a0    program     static                          
         ___else_lbl00599   0x0041c0    program     static                          
         ___else_lbl00602   0x0041e0    program     static                          
         ___else_lbl00606   0x00421a    program     static                          
         ___else_lbl00609   0x00423a    program     static                          
         ___else_lbl00612   0x00425a    program     static                          
         ___else_lbl00616   0x004294    program     static                          
         ___else_lbl00619   0x0042b4    program     static                          
         ___else_lbl00622   0x0042d4    program     static                          
         ___else_lbl00626   0x00430e    program     static                          
         ___else_lbl00629   0x00432e    program     static                          
         ___else_lbl00632   0x00434e    program     static                          
         ___else_lbl00636   0x004388    program     static                          
         ___else_lbl00639   0x0043a8    program     static                          
         ___else_lbl00642   0x0043c8    program     static                          
         ___else_lbl00646   0x004402    program     static                          
         ___else_lbl00649   0x004422    program     static                          
         ___else_lbl00652   0x004442    program     static                          
         ___else_lbl00656   0x00447c    program     static                          
         ___else_lbl00659   0x00449c    program     static                          
         ___else_lbl00662   0x0044bc    program     static                          
         ___else_lbl00666   0x0044f6    program     static                          
         ___else_lbl00669   0x004516    program     static                          
         ___else_lbl00672   0x004536    program     static                          
         ___else_lbl00676   0x004570    program     static                          
         ___else_lbl00679   0x004590    program     static                          
         ___else_lbl00682   0x0045b0    program     static                          
         ___else_lbl00686   0x0045ea    program     static                          
         ___else_lbl00689   0x00460a    program     static                          
         ___else_lbl00692   0x00462a    program     static                          
         ___else_lbl00696   0x004664    program     static                          
         ___else_lbl00699   0x004684    program     static                          
         ___else_lbl00702   0x0046a4    program     static                          
         ___else_lbl00706   0x0046de    program     static                          
         ___else_lbl00709   0x0046fe    program     static                          
         ___else_lbl00712   0x00471e    program     static                          
         ___else_lbl00843   0x004c08    program     static                          
         ___else_lbl00858   0x004d4a    program     static                          
         ___else_lbl00860   0x004d30    program     static                          
         ___else_lbl00862   0x004d16    program     static                          
         ___else_lbl00866   0x004da4    program     static                          
         ___else_lbl00868   0x004d8a    program     static                          
         ___else_lbl00870   0x004d70    program     static                          
         ___else_lbl00874   0x004dfe    program     static                          
         ___else_lbl00876   0x004de4    program     static                          
         ___else_lbl00878   0x004dca    program     static                          
         ___else_lbl00882   0x004e58    program     static                          
         ___else_lbl00884   0x004e3e    program     static                          
         ___else_lbl00886   0x004e24    program     static                          
         ___else_lbl00890   0x004eb2    program     static                          
         ___else_lbl00892   0x004e98    program     static                          
         ___else_lbl00894   0x004e7e    program     static                          
         ___else_lbl00898   0x004f0c    program     static                          
         ___else_lbl00900   0x004ef2    program     static                          
         ___else_lbl00902   0x004ed8    program     static                          
         ___else_lbl00906   0x004f66    program     static                          
         ___else_lbl00908   0x004f4c    program     static                          
         ___else_lbl00910   0x004f32    program     static                          
         ___else_lbl00914   0x004fc0    program     static                          
         ___else_lbl00916   0x004fa6    program     static                          
         ___else_lbl00918   0x004f8c    program     static                          
         ___else_lbl00922   0x00501a    program     static                          
         ___else_lbl00924   0x005000    program     static                          
         ___else_lbl00926   0x004fe6    program     static                          
         ___else_lbl00930   0x005074    program     static                          
         ___else_lbl00932   0x00505a    program     static                          
         ___else_lbl00934   0x005040    program     static                          
         ___else_lbl00938   0x0050ce    program     static                          
         ___else_lbl00940   0x0050b4    program     static                          
         ___else_lbl00942   0x00509a    program     static                          
         ___else_lbl00946   0x005128    program     static                          
         ___else_lbl00948   0x00510e    program     static                          
         ___else_lbl00950   0x0050f4    program     static                          
          ___for_lbl00825   0x004a2e    program     static                          
          ___for_lbl00826   0x004a32    program     static                          
          ___for_lbl00827   0x0049e8    program     static                          
          ___for_lbl00829   0x004ab0    program     static                          
          ___for_lbl00830   0x004ab4    program     static                          
          ___for_lbl00831   0x004a5e    program     static                          
          ___for_lbl00835   0x004c5a    program     static                          
          ___for_lbl00836   0x004c5e    program     static                          
          ___for_lbl00845   0x004b6e    program     static                          
          ___for_lbl00847   0x004cf2    program     static                          
          ___for_lbl00848   0x004cf6    program     static                          
          ___for_lbl00853   0x004c6e    program     static                          
           ___if_lbl00500   0x0039cc    program     static                          
           ___if_lbl00590   0x00412c    program     static                          
           ___if_lbl00594   0x0041ae    program     static                          
           ___if_lbl00595   0x0041ae    program     static                          
           ___if_lbl00597   0x0041ce    program     static                          
           ___if_lbl00598   0x0041ce    program     static                          
           ___if_lbl00600   0x0041ee    program     static                          
           ___if_lbl00601   0x0041ee    program     static                          
           ___if_lbl00604   0x004228    program     static                          
           ___if_lbl00605   0x004228    program     static                          
           ___if_lbl00607   0x004248    program     static                          
           ___if_lbl00608   0x004248    program     static                          
           ___if_lbl00610   0x004268    program     static                          
           ___if_lbl00611   0x004268    program     static                          
           ___if_lbl00614   0x0042a2    program     static                          
           ___if_lbl00615   0x0042a2    program     static                          
           ___if_lbl00617   0x0042c2    program     static                          
           ___if_lbl00618   0x0042c2    program     static                          
           ___if_lbl00620   0x0042e2    program     static                          
           ___if_lbl00621   0x0042e2    program     static                          
           ___if_lbl00624   0x00431c    program     static                          
           ___if_lbl00625   0x00431c    program     static                          
           ___if_lbl00627   0x00433c    program     static                          
           ___if_lbl00628   0x00433c    program     static                          
           ___if_lbl00630   0x00435c    program     static                          
           ___if_lbl00631   0x00435c    program     static                          
           ___if_lbl00634   0x004396    program     static                          
           ___if_lbl00635   0x004396    program     static                          
           ___if_lbl00637   0x0043b6    program     static                          
           ___if_lbl00638   0x0043b6    program     static                          
           ___if_lbl00640   0x0043d6    program     static                          
           ___if_lbl00641   0x0043d6    program     static                          
           ___if_lbl00644   0x004410    program     static                          
           ___if_lbl00645   0x004410    program     static                          
           ___if_lbl00647   0x004430    program     static                          
           ___if_lbl00648   0x004430    program     static                          
           ___if_lbl00650   0x004450    program     static                          
           ___if_lbl00651   0x004450    program     static                          
           ___if_lbl00654   0x00448a    program     static                          
           ___if_lbl00655   0x00448a    program     static                          
           ___if_lbl00657   0x0044aa    program     static                          
           ___if_lbl00658   0x0044aa    program     static                          
           ___if_lbl00660   0x0044ca    program     static                          
           ___if_lbl00661   0x0044ca    program     static                          
           ___if_lbl00664   0x004504    program     static                          
           ___if_lbl00665   0x004504    program     static                          
           ___if_lbl00667   0x004524    program     static                          
           ___if_lbl00668   0x004524    program     static                          
           ___if_lbl00670   0x004544    program     static                          
           ___if_lbl00671   0x004544    program     static                          
           ___if_lbl00674   0x00457e    program     static                          
           ___if_lbl00675   0x00457e    program     static                          
           ___if_lbl00677   0x00459e    program     static                          
           ___if_lbl00678   0x00459e    program     static                          
           ___if_lbl00680   0x0045be    program     static                          
           ___if_lbl00681   0x0045be    program     static                          
           ___if_lbl00684   0x0045f8    program     static                          
           ___if_lbl00685   0x0045f8    program     static                          
           ___if_lbl00687   0x004618    program     static                          
           ___if_lbl00688   0x004618    program     static                          
           ___if_lbl00690   0x004638    program     static                          
           ___if_lbl00691   0x004638    program     static                          
           ___if_lbl00694   0x004672    program     static                          
           ___if_lbl00695   0x004672    program     static                          
           ___if_lbl00697   0x004692    program     static                          
           ___if_lbl00698   0x004692    program     static                          
           ___if_lbl00700   0x0046b2    program     static                          
           ___if_lbl00701   0x0046b2    program     static                          
           ___if_lbl00704   0x0046ec    program     static                          
           ___if_lbl00705   0x0046ec    program     static                          
           ___if_lbl00707   0x00470c    program     static                          
           ___if_lbl00708   0x00470c    program     static                          
           ___if_lbl00710   0x00472c    program     static                          
           ___if_lbl00711   0x00472c    program     static                          
           ___if_lbl00833   0x004abe    program     static                          
           ___if_lbl00834   0x004ac6    program     static                          
           ___if_lbl00841   0x004c38    program     static                          
           ___if_lbl00842   0x004c38    program     static                          
           ___if_lbl00844   0x004c5a    program     static                          
           ___if_lbl00846   0x004c66    program     static                          
           ___if_lbl00857   0x004d56    program     static                          
           ___if_lbl00859   0x004d56    program     static                          
           ___if_lbl00861   0x004d56    program     static                          
           ___if_lbl00865   0x004db0    program     static                          
           ___if_lbl00867   0x004db0    program     static                          
           ___if_lbl00869   0x004db0    program     static                          
           ___if_lbl00873   0x004e0a    program     static                          
           ___if_lbl00875   0x004e0a    program     static                          
           ___if_lbl00877   0x004e0a    program     static                          
           ___if_lbl00881   0x004e64    program     static                          
           ___if_lbl00883   0x004e64    program     static                          
           ___if_lbl00885   0x004e64    program     static                          
           ___if_lbl00889   0x004ebe    program     static                          
           ___if_lbl00891   0x004ebe    program     static                          
           ___if_lbl00893   0x004ebe    program     static                          
           ___if_lbl00897   0x004f18    program     static                          
           ___if_lbl00899   0x004f18    program     static                          
           ___if_lbl00901   0x004f18    program     static                          
           ___if_lbl00905   0x004f72    program     static                          
           ___if_lbl00907   0x004f72    program     static                          
           ___if_lbl00909   0x004f72    program     static                          
           ___if_lbl00913   0x004fcc    program     static                          
           ___if_lbl00915   0x004fcc    program     static                          
           ___if_lbl00917   0x004fcc    program     static                          
           ___if_lbl00921   0x005026    program     static                          
           ___if_lbl00923   0x005026    program     static                          
           ___if_lbl00925   0x005026    program     static                          
           ___if_lbl00929   0x005080    program     static                          
           ___if_lbl00931   0x005080    program     static                          
           ___if_lbl00933   0x005080    program     static                          
           ___if_lbl00937   0x0050da    program     static                          
           ___if_lbl00939   0x0050da    program     static                          
           ___if_lbl00941   0x0050da    program     static                          
           ___if_lbl00945   0x005134    program     static                          
           ___if_lbl00947   0x005134    program     static                          
           ___if_lbl00949   0x005134    program     static                          
           ___if_lbl00956   0x0051a0    program     static                          
           ___if_lbl00957   0x0051a8    program     static                          
       ___return_lbl00000   0x000004    program     static                          
       ___return_lbl00001   0x005c9c    program     static                          
       ___return_lbl00002   0x005c2e    program     static                          
       ___return_lbl00499   0x0039d0    program     static                          
       ___return_lbl00502   0x003b2e    program     static                          
       ___return_lbl00589   0x004736    program     static                          
       ___return_lbl00823   0x005136    program     static                          
       ___return_lbl00952   0x00521a    program     static                          
   ___switchexit_lbl00592   0x004736    program     static                          
   ___switchexit_lbl00824   0x005136    program     static                          
   ___switchexit_lbl00837   0x004c00    program     static                          
   ___switchexit_lbl00849   0x004cf2    program     static                          
   ___switchexit_lbl00953   0x00521a    program     static                          
   ___switchexit_lbl00958   0x005218    program     static                          
               __config_0   0x300000    program     static C:\Users\Zak\Google Drive\Sask Polytech\Year 2 - Semester 2\STROBE\Version 3 Software\adc.c
               __config_1   0x300001    program     static C:\Users\Zak\Google Drive\Sask Polytech\Year 2 - Semester 2\STROBE\Version 3 Software\adc.c
              __config_10   0x30000b    program     static C:\Users\Zak\Google Drive\Sask Polytech\Year 2 - Semester 2\STROBE\Version 3 Software\adc.c
               __config_2   0x300002    program     static C:\Users\Zak\Google Drive\Sask Polytech\Year 2 - Semester 2\STROBE\Version 3 Software\adc.c
               __config_3   0x300003    program     static C:\Users\Zak\Google Drive\Sask Polytech\Year 2 - Semester 2\STROBE\Version 3 Software\adc.c
               __config_4   0x300004    program     static C:\Users\Zak\Google Drive\Sask Polytech\Year 2 - Semester 2\STROBE\Version 3 Software\adc.c
               __config_5   0x300005    program     static C:\Users\Zak\Google Drive\Sask Polytech\Year 2 - Semester 2\STROBE\Version 3 Software\adc.c
               __config_6   0x300006    program     static C:\Users\Zak\Google Drive\Sask Polytech\Year 2 - Semester 2\STROBE\Version 3 Software\adc.c
               __config_7   0x300008    program     static C:\Users\Zak\Google Drive\Sask Polytech\Year 2 - Semester 2\STROBE\Version 3 Software\adc.c
               __config_8   0x300009    program     static C:\Users\Zak\Google Drive\Sask Polytech\Year 2 - Semester 2\STROBE\Version 3 Software\adc.c
               __config_9   0x30000a    program     static C:\Users\Zak\Google Drive\Sask Polytech\Year 2 - Semester 2\STROBE\Version 3 Software\adc.c
                   __init   0x000006    program     extern E:\c18v3.46\pic18-lt\cxx-framework\src\traditional\stdclib\__init.c
               __string_2   0x005c9e    program     static C:\Users\Zak\Google Drive\Sask Polytech\Year 2 - Semester 2\STROBE\Version 3 Software\adc.c
             __tmplbl_200   0x004c96    program     static                          
             __tmplbl_201   0x004c9e    program     static                          
             __tmplbl_202   0x004d22    program     static                          
             __tmplbl_203   0x004d1c    program     static                          
             __tmplbl_204   0x004d3c    program     static                          
             __tmplbl_205   0x004d36    program     static                          
             __tmplbl_206   0x004d7c    program     static                          
             __tmplbl_207   0x004d76    program     static                          
             __tmplbl_208   0x004d96    program     static                          
             __tmplbl_209   0x004d90    program     static                          
             __tmplbl_210   0x004dd6    program     static                          
             __tmplbl_211   0x004dd0    program     static                          
             __tmplbl_212   0x004df0    program     static                          
             __tmplbl_213   0x004dea    program     static                          
             __tmplbl_214   0x004e30    program     static                          
             __tmplbl_215   0x004e2a    program     static                          
             __tmplbl_216   0x004e4a    program     static                          
             __tmplbl_217   0x004e44    program     static                          
             __tmplbl_218   0x004e8a    program     static                          
             __tmplbl_219   0x004e84    program     static                          
             __tmplbl_220   0x004ea4    program     static                          
             __tmplbl_221   0x004e9e    program     static                          
             __tmplbl_222   0x004ee4    program     static                          
             __tmplbl_223   0x004ede    program     static                          
             __tmplbl_224   0x004efe    program     static                          
             __tmplbl_225   0x004ef8    program     static                          
             __tmplbl_226   0x004f3e    program     static                          
             __tmplbl_227   0x004f38    program     static                          
             __tmplbl_228   0x004f58    program     static                          
             __tmplbl_229   0x004f52    program     static                          
             __tmplbl_230   0x004f98    program     static                          
             __tmplbl_231   0x004f92    program     static                          
             __tmplbl_232   0x004fb2    program     static                          
             __tmplbl_233   0x004fac    program     static                          
             __tmplbl_234   0x004ff2    program     static                          
             __tmplbl_235   0x004fec    program     static                          
             __tmplbl_236   0x00500c    program     static                          
             __tmplbl_237   0x005006    program     static                          
             __tmplbl_238   0x00504c    program     static                          
             __tmplbl_239   0x005046    program     static                          
             __tmplbl_240   0x005066    program     static                          
             __tmplbl_241   0x005060    program     static                          
             __tmplbl_242   0x0050a6    program     static                          
             __tmplbl_243   0x0050a0    program     static                          
             __tmplbl_244   0x0050c0    program     static                          
             __tmplbl_245   0x0050ba    program     static                          
             __tmplbl_246   0x005100    program     static                          
             __tmplbl_247   0x0050fa    program     static                          
             __tmplbl_248   0x00511a    program     static                          
             __tmplbl_249   0x005114    program     static                          
             __tmplbl_256   0x000f12    program     static                          
             __tmplbl_257   0x000e90    program     static                          
             __tmplbl_276   0x000f94    program     static                          
             __tmplbl_277   0x000f94    program     static                          
             __tmplbl_278   0x003464    program     static                          
             __tmplbl_279   0x0023b8    program     static                          
             __tmplbl_280   0x0023b8    program     static                          
             __tmplbl_281   0x0023b8    program     static                          
             __tmplbl_282   0x0023b8    program     static                          
             __tmplbl_283   0x0023b8    program     static                          
             __tmplbl_284   0x0023b8    program     static                          
             __tmplbl_285   0x0023b8    program     static                          
             __tmplbl_286   0x0023b8    program     static                          
             __tmplbl_287   0x0023b8    program     static                          
             __tmplbl_288   0x0023b8    program     static                          
             __tmplbl_289   0x0023b8    program     static                          
             __tmplbl_290   0x0023b8    program     static                          
             __tmplbl_291   0x0023b8    program     static                          
             __tmplbl_292   0x0023b8    program     static                          
             __tmplbl_293   0x0023b8    program     static                          
             __tmplbl_294   0x0023b8    program     static                          
             __tmplbl_295   0x0023b8    program     static                          
             __tmplbl_296   0x0023b8    program     static                          
             __tmplbl_297   0x0023b8    program     static                          
             __tmplbl_298   0x0023b8    program     static                          
             __tmplbl_299   0x0023b8    program     static                          
             __tmplbl_300   0x0023b8    program     static                          
             __tmplbl_301   0x0023b8    program     static                          
             __tmplbl_302   0x0023b8    program     static                          
             __tmplbl_303   0x0023b8    program     static                          
             __tmplbl_304   0x0023b8    program     static                          
             __tmplbl_305   0x0023b8    program     static                          
             __tmplbl_306   0x0023b8    program     static                          
             __tmplbl_307   0x0023b8    program     static                          
             __tmplbl_308   0x0023b8    program     static                          
             __tmplbl_309   0x0023b8    program     static                          
             __tmplbl_310   0x0023b8    program     static                          
             __tmplbl_311   0x003462    program     static                          
             __tmplbl_312   0x003462    program     static                          
             __tmplbl_313   0x003462    program     static                          
             __tmplbl_314   0x003462    program     static                          
             __tmplbl_315   0x003462    program     static                          
             __tmplbl_316   0x003462    program     static                          
             __tmplbl_317   0x003462    program     static                          
             __tmplbl_318   0x003462    program     static                          
             __tmplbl_319   0x003462    program     static                          
             __tmplbl_320   0x003462    program     static                          
             __tmplbl_321   0x003462    program     static                          
             __tmplbl_322   0x003462    program     static                          
             __tmplbl_323   0x003462    program     static                          
             __tmplbl_324   0x003462    program     static                          
             __tmplbl_325   0x003462    program     static                          
             __tmplbl_326   0x003462    program     static                          
             __tmplbl_327   0x003462    program     static                          
             __tmplbl_328   0x003462    program     static                          
             __tmplbl_329   0x003462    program     static                          
             __tmplbl_330   0x003462    program     static                          
             __tmplbl_331   0x003462    program     static                          
             __tmplbl_332   0x003462    program     static                          
             __tmplbl_333   0x003462    program     static                          
             __tmplbl_334   0x003462    program     static                          
             __tmplbl_335   0x003462    program     static                          
             __tmplbl_336   0x003462    program     static                          
             __tmplbl_337   0x003462    program     static                          
             __tmplbl_338   0x003462    program     static                          
            __zero_memory   0x005c62    program     extern E:\c18v3.46\pic18-lt\cxx-framework\src\traditional\proc\p18f87k90.asm
                _do_cinit   0x005b92    program     extern E:\c18v3.46\pic18-lt\cxx-framework\src\traditional\startup\c018i.c
                   _entry   0x000000    program     extern E:\c18v3.46\pic18-lt\cxx-framework\src\traditional\startup\c018i.c
                 _startup   0x005c82    program     extern E:\c18v3.46\pic18-lt\cxx-framework\src\traditional\startup\c018i.c
                 adc_init   0x0003a6    program     extern C:\Users\Zak\Google Drive\Sask Polytech\Year 2 - Semester 2\STROBE\Version 3 Software\initializations.c
           buttons_action   0x003be0    program     extern C:\Users\Zak\Google Drive\Sask Polytech\Year 2 - Semester 2\STROBE\Version 3 Software\buttons.c
            buttons_check   0x003b60    program     extern C:\Users\Zak\Google Drive\Sask Polytech\Year 2 - Semester 2\STROBE\Version 3 Software\buttons.c
                compare_l   0x005c78    program     static E:\c18v3.46\pic18-lt\cxx-framework\src\traditional\proc\p18f87k90.asm
                copy_loop   0x005c04    program     static                          
            copy_one_byte   0x005c0a    program     static                          
                     done   0x005c2e    program     static                          
             done_copying   0x005c18    program     static                          
           high_interrupt   0x000008    program     extern C:\Users\Zak\Google Drive\Sask Polytech\Year 2 - Semester 2\STROBE\Version 3 Software\STROBE.c
   high_interrupt_routine   0x0003d6    program     extern C:\Users\Zak\Google Drive\Sask Polytech\Year 2 - Semester 2\STROBE\Version 3 Software\interrupts.c
                 int_init   0x000130    program     extern C:\Users\Zak\Google Drive\Sask Polytech\Year 2 - Semester 2\STROBE\Version 3 Software\initializations.c
                     jEnd   0x005c60    program     static E:\c18v3.46\pic18-lt\cxx-framework\src\traditional\stdclib\scpyp2r.asm
                    jLoop   0x005c56    program     static E:\c18v3.46\pic18-lt\cxx-framework\src\traditional\stdclib\scpyp2r.asm
         lights_dutycycle   0x004738    program     extern C:\Users\Zak\Google Drive\Sask Polytech\Year 2 - Semester 2\STROBE\Version 3 Software\lights.c
         lights_frequency   0x004118    program     extern C:\Users\Zak\Google Drive\Sask Polytech\Year 2 - Semester 2\STROBE\Version 3 Software\lights.c
                     loop   0x005c92    program     static                          
                   loop_h   0x005c70    program     static E:\c18v3.46\pic18-lt\cxx-framework\src\traditional\proc\p18f87k90.asm
                   loop_l   0x005c7a    program     static E:\c18v3.46\pic18-lt\cxx-framework\src\traditional\proc\p18f87k90.asm
            low_interrupt   0x000018    program     extern C:\Users\Zak\Google Drive\Sask Polytech\Year 2 - Semester 2\STROBE\Version 3 Software\STROBE.c
    low_interrupt_routine   0x0003e8    program     extern C:\Users\Zak\Google Drive\Sask Polytech\Year 2 - Semester 2\STROBE\Version 3 Software\interrupts.c
                     main   0x000036    program     extern C:\Users\Zak\Google Drive\Sask Polytech\Year 2 - Semester 2\STROBE\Version 3 Software\STROBE.c
          manual_load1_l1   0x005612    program     extern C:\Users\Zak\Google Drive\Sask Polytech\Year 2 - Semester 2\STROBE\Version 3 Software\menus.h
          manual_load1_l2   0x005627    program     extern C:\Users\Zak\Google Drive\Sask Polytech\Year 2 - Semester 2\STROBE\Version 3 Software\menus.h
          manual_load1_l3   0x00563c    program     extern C:\Users\Zak\Google Drive\Sask Polytech\Year 2 - Semester 2\STROBE\Version 3 Software\menus.h
          manual_load1_l4   0x005651    program     extern C:\Users\Zak\Google Drive\Sask Polytech\Year 2 - Semester 2\STROBE\Version 3 Software\menus.h
          manual_load2_l1   0x005666    program     extern C:\Users\Zak\Google Drive\Sask Polytech\Year 2 - Semester 2\STROBE\Version 3 Software\menus.h
          manual_load2_l2   0x00567b    program     extern C:\Users\Zak\Google Drive\Sask Polytech\Year 2 - Semester 2\STROBE\Version 3 Software\menus.h
          manual_load2_l3   0x005690    program     extern C:\Users\Zak\Google Drive\Sask Polytech\Year 2 - Semester 2\STROBE\Version 3 Software\menus.h
          manual_load2_l4   0x0056a5    program     extern C:\Users\Zak\Google Drive\Sask Polytech\Year 2 - Semester 2\STROBE\Version 3 Software\menus.h
          manual_load3_l1   0x0056ba    program     extern C:\Users\Zak\Google Drive\Sask Polytech\Year 2 - Semester 2\STROBE\Version 3 Software\menus.h
          manual_load3_l2   0x0056cf    program     extern C:\Users\Zak\Google Drive\Sask Polytech\Year 2 - Semester 2\STROBE\Version 3 Software\menus.h
          manual_load3_l3   0x0056e4    program     extern C:\Users\Zak\Google Drive\Sask Polytech\Year 2 - Semester 2\STROBE\Version 3 Software\menus.h
          manual_load3_l4   0x0056f9    program     extern C:\Users\Zak\Google Drive\Sask Polytech\Year 2 - Semester 2\STROBE\Version 3 Software\menus.h
          manual_load4_l1   0x00570e    program     extern C:\Users\Zak\Google Drive\Sask Polytech\Year 2 - Semester 2\STROBE\Version 3 Software\menus.h
          manual_load4_l2   0x005723    program     extern C:\Users\Zak\Google Drive\Sask Polytech\Year 2 - Semester 2\STROBE\Version 3 Software\menus.h
          manual_load4_l3   0x005738    program     extern C:\Users\Zak\Google Drive\Sask Polytech\Year 2 - Semester 2\STROBE\Version 3 Software\menus.h
          manual_load4_l4   0x00574d    program     extern C:\Users\Zak\Google Drive\Sask Polytech\Year 2 - Semester 2\STROBE\Version 3 Software\menus.h
          manual_menu1_l1   0x00546e    program     extern C:\Users\Zak\Google Drive\Sask Polytech\Year 2 - Semester 2\STROBE\Version 3 Software\menus.h
          manual_menu1_l2   0x005483    program     extern C:\Users\Zak\Google Drive\Sask Polytech\Year 2 - Semester 2\STROBE\Version 3 Software\menus.h
          manual_menu1_l3   0x005498    program     extern C:\Users\Zak\Google Drive\Sask Polytech\Year 2 - Semester 2\STROBE\Version 3 Software\menus.h
          manual_menu1_l4   0x0054ad    program     extern C:\Users\Zak\Google Drive\Sask Polytech\Year 2 - Semester 2\STROBE\Version 3 Software\menus.h
           manual_new1_l1   0x005516    program     extern C:\Users\Zak\Google Drive\Sask Polytech\Year 2 - Semester 2\STROBE\Version 3 Software\menus.h
           manual_new1_l2   0x00552b    program     extern C:\Users\Zak\Google Drive\Sask Polytech\Year 2 - Semester 2\STROBE\Version 3 Software\menus.h
           manual_new1_l3   0x005540    program     extern C:\Users\Zak\Google Drive\Sask Polytech\Year 2 - Semester 2\STROBE\Version 3 Software\menus.h
           manual_new1_l4   0x005555    program     extern C:\Users\Zak\Google Drive\Sask Polytech\Year 2 - Semester 2\STROBE\Version 3 Software\menus.h
           manual_new2_l1   0x00556a    program     extern C:\Users\Zak\Google Drive\Sask Polytech\Year 2 - Semester 2\STROBE\Version 3 Software\menus.h
           manual_new2_l2   0x00557f    program     extern C:\Users\Zak\Google Drive\Sask Polytech\Year 2 - Semester 2\STROBE\Version 3 Software\menus.h
           manual_new2_l3   0x005594    program     extern C:\Users\Zak\Google Drive\Sask Polytech\Year 2 - Semester 2\STROBE\Version 3 Software\menus.h
           manual_new2_l4   0x0055a9    program     extern C:\Users\Zak\Google Drive\Sask Polytech\Year 2 - Semester 2\STROBE\Version 3 Software\menus.h
      manual_new_color_l1   0x0055be    program     extern C:\Users\Zak\Google Drive\Sask Polytech\Year 2 - Semester 2\STROBE\Version 3 Software\menus.h
      manual_new_color_l2   0x0055d3    program     extern C:\Users\Zak\Google Drive\Sask Polytech\Year 2 - Semester 2\STROBE\Version 3 Software\menus.h
      manual_new_color_l3   0x0055e8    program     extern C:\Users\Zak\Google Drive\Sask Polytech\Year 2 - Semester 2\STROBE\Version 3 Software\menus.h
      manual_new_color_l4   0x0055fd    program     extern C:\Users\Zak\Google Drive\Sask Polytech\Year 2 - Semester 2\STROBE\Version 3 Software\menus.h
        manual_screen2_l1   0x0054c2    program     extern C:\Users\Zak\Google Drive\Sask Polytech\Year 2 - Semester 2\STROBE\Version 3 Software\menus.h
        manual_screen2_l2   0x0054d7    program     extern C:\Users\Zak\Google Drive\Sask Polytech\Year 2 - Semester 2\STROBE\Version 3 Software\menus.h
        manual_screen2_l3   0x0054ec    program     extern C:\Users\Zak\Google Drive\Sask Polytech\Year 2 - Semester 2\STROBE\Version 3 Software\menus.h
        manual_screen2_l4   0x005501    program     extern C:\Users\Zak\Google Drive\Sask Polytech\Year 2 - Semester 2\STROBE\Version 3 Software\menus.h
     motion_menu1a_off_l1   0x00531e    program     extern C:\Users\Zak\Google Drive\Sask Polytech\Year 2 - Semester 2\STROBE\Version 3 Software\menus.h
     motion_menu1a_off_l2   0x005333    program     extern C:\Users\Zak\Google Drive\Sask Polytech\Year 2 - Semester 2\STROBE\Version 3 Software\menus.h
     motion_menu1a_off_l3   0x005348    program     extern C:\Users\Zak\Google Drive\Sask Polytech\Year 2 - Semester 2\STROBE\Version 3 Software\menus.h
     motion_menu1a_off_l4   0x00535d    program     extern C:\Users\Zak\Google Drive\Sask Polytech\Year 2 - Semester 2\STROBE\Version 3 Software\menus.h
      motion_menu1a_on_l1   0x005372    program     extern C:\Users\Zak\Google Drive\Sask Polytech\Year 2 - Semester 2\STROBE\Version 3 Software\menus.h
      motion_menu1a_on_l2   0x005387    program     extern C:\Users\Zak\Google Drive\Sask Polytech\Year 2 - Semester 2\STROBE\Version 3 Software\menus.h
      motion_menu1a_on_l3   0x00539c    program     extern C:\Users\Zak\Google Drive\Sask Polytech\Year 2 - Semester 2\STROBE\Version 3 Software\menus.h
      motion_menu1a_on_l4   0x0053b1    program     extern C:\Users\Zak\Google Drive\Sask Polytech\Year 2 - Semester 2\STROBE\Version 3 Software\menus.h
          motion_menu2_l1   0x0053c6    program     extern C:\Users\Zak\Google Drive\Sask Polytech\Year 2 - Semester 2\STROBE\Version 3 Software\menus.h
          motion_menu2_l2   0x0053db    program     extern C:\Users\Zak\Google Drive\Sask Polytech\Year 2 - Semester 2\STROBE\Version 3 Software\menus.h
          motion_menu2_l3   0x0053f0    program     extern C:\Users\Zak\Google Drive\Sask Polytech\Year 2 - Semester 2\STROBE\Version 3 Software\menus.h
          motion_menu2_l4   0x005405    program     extern C:\Users\Zak\Google Drive\Sask Polytech\Year 2 - Semester 2\STROBE\Version 3 Software\menus.h
          motion_menu3_l1   0x00541a    program     extern C:\Users\Zak\Google Drive\Sask Polytech\Year 2 - Semester 2\STROBE\Version 3 Software\menus.h
          motion_menu3_l2   0x00542f    program     extern C:\Users\Zak\Google Drive\Sask Polytech\Year 2 - Semester 2\STROBE\Version 3 Software\menus.h
          motion_menu3_l3   0x005444    program     extern C:\Users\Zak\Google Drive\Sask Polytech\Year 2 - Semester 2\STROBE\Version 3 Software\menus.h
          motion_menu3_l4   0x005459    program     extern C:\Users\Zak\Google Drive\Sask Polytech\Year 2 - Semester 2\STROBE\Version 3 Software\menus.h
oled_create_custom_cursor   0x0034f4    program     extern C:\Users\Zak\Google Drive\Sask Polytech\Year 2 - Semester 2\STROBE\Version 3 Software\oled.c
  oled_create_custom_load   0x003594    program     extern C:\Users\Zak\Google Drive\Sask Polytech\Year 2 - Semester 2\STROBE\Version 3 Software\oled.c
                oled_init   0x00020c    program     extern C:\Users\Zak\Google Drive\Sask Polytech\Year 2 - Semester 2\STROBE\Version 3 Software\initializations.c
            oled_load_adc   0x000f98    program     extern C:\Users\Zak\Google Drive\Sask Polytech\Year 2 - Semester 2\STROBE\Version 3 Software\oled.c
           oled_load_menu   0x000682    program     extern C:\Users\Zak\Google Drive\Sask Polytech\Year 2 - Semester 2\STROBE\Version 3 Software\oled.c
         oled_move_cursor   0x00346c    program     extern C:\Users\Zak\Google Drive\Sask Polytech\Year 2 - Semester 2\STROBE\Version 3 Software\oled.c
               oled_print   0x0039e4    program     extern C:\Users\Zak\Google Drive\Sask Polytech\Year 2 - Semester 2\STROBE\Version 3 Software\oled.c
         oled_send_buffer   0x000554    program     extern C:\Users\Zak\Google Drive\Sask Polytech\Year 2 - Semester 2\STROBE\Version 3 Software\oled.c
        oled_send_command   0x003836    program     extern C:\Users\Zak\Google Drive\Sask Polytech\Year 2 - Semester 2\STROBE\Version 3 Software\oled.c
                 osc_init   0x0000d4    program     extern C:\Users\Zak\Google Drive\Sask Polytech\Year 2 - Semester 2\STROBE\Version 3 Software\initializations.c
                port_init   0x0000f4    program     extern C:\Users\Zak\Google Drive\Sask Polytech\Year 2 - Semester 2\STROBE\Version 3 Software\initializations.c
           progress_bar_0   0x005762    program     extern C:\Users\Zak\Google Drive\Sask Polytech\Year 2 - Semester 2\STROBE\Version 3 Software\menus.h
          progress_bar_10   0x0057cb    program     extern C:\Users\Zak\Google Drive\Sask Polytech\Year 2 - Semester 2\STROBE\Version 3 Software\menus.h
         progress_bar_100   0x005b7c    program     extern C:\Users\Zak\Google Drive\Sask Polytech\Year 2 - Semester 2\STROBE\Version 3 Software\menus.h
          progress_bar_12   0x0057e0    program     extern C:\Users\Zak\Google Drive\Sask Polytech\Year 2 - Semester 2\STROBE\Version 3 Software\menus.h
          progress_bar_14   0x0057f5    program     extern C:\Users\Zak\Google Drive\Sask Polytech\Year 2 - Semester 2\STROBE\Version 3 Software\menus.h
          progress_bar_16   0x00580a    program     extern C:\Users\Zak\Google Drive\Sask Polytech\Year 2 - Semester 2\STROBE\Version 3 Software\menus.h
          progress_bar_18   0x00581f    program     extern C:\Users\Zak\Google Drive\Sask Polytech\Year 2 - Semester 2\STROBE\Version 3 Software\menus.h
           progress_bar_2   0x005777    program     extern C:\Users\Zak\Google Drive\Sask Polytech\Year 2 - Semester 2\STROBE\Version 3 Software\menus.h
          progress_bar_20   0x005834    program     extern C:\Users\Zak\Google Drive\Sask Polytech\Year 2 - Semester 2\STROBE\Version 3 Software\menus.h
          progress_bar_22   0x005849    program     extern C:\Users\Zak\Google Drive\Sask Polytech\Year 2 - Semester 2\STROBE\Version 3 Software\menus.h
          progress_bar_24   0x00585e    program     extern C:\Users\Zak\Google Drive\Sask Polytech\Year 2 - Semester 2\STROBE\Version 3 Software\menus.h
          progress_bar_26   0x005873    program     extern C:\Users\Zak\Google Drive\Sask Polytech\Year 2 - Semester 2\STROBE\Version 3 Software\menus.h
          progress_bar_28   0x005888    program     extern C:\Users\Zak\Google Drive\Sask Polytech\Year 2 - Semester 2\STROBE\Version 3 Software\menus.h
          progress_bar_30   0x00589d    program     extern C:\Users\Zak\Google Drive\Sask Polytech\Year 2 - Semester 2\STROBE\Version 3 Software\menus.h
          progress_bar_32   0x0058b2    program     extern C:\Users\Zak\Google Drive\Sask Polytech\Year 2 - Semester 2\STROBE\Version 3 Software\menus.h
          progress_bar_34   0x0058c7    program     extern C:\Users\Zak\Google Drive\Sask Polytech\Year 2 - Semester 2\STROBE\Version 3 Software\menus.h
          progress_bar_36   0x0058dc    program     extern C:\Users\Zak\Google Drive\Sask Polytech\Year 2 - Semester 2\STROBE\Version 3 Software\menus.h
          progress_bar_38   0x0058f1    program     extern C:\Users\Zak\Google Drive\Sask Polytech\Year 2 - Semester 2\STROBE\Version 3 Software\menus.h
           progress_bar_4   0x00578c    program     extern C:\Users\Zak\Google Drive\Sask Polytech\Year 2 - Semester 2\STROBE\Version 3 Software\menus.h
          progress_bar_40   0x005906    program     extern C:\Users\Zak\Google Drive\Sask Polytech\Year 2 - Semester 2\STROBE\Version 3 Software\menus.h
          progress_bar_42   0x00591b    program     extern C:\Users\Zak\Google Drive\Sask Polytech\Year 2 - Semester 2\STROBE\Version 3 Software\menus.h
          progress_bar_44   0x005930    program     extern C:\Users\Zak\Google Drive\Sask Polytech\Year 2 - Semester 2\STROBE\Version 3 Software\menus.h
          progress_bar_46   0x005945    program     extern C:\Users\Zak\Google Drive\Sask Polytech\Year 2 - Semester 2\STROBE\Version 3 Software\menus.h
          progress_bar_48   0x00595a    program     extern C:\Users\Zak\Google Drive\Sask Polytech\Year 2 - Semester 2\STROBE\Version 3 Software\menus.h
          progress_bar_50   0x00596f    program     extern C:\Users\Zak\Google Drive\Sask Polytech\Year 2 - Semester 2\STROBE\Version 3 Software\menus.h
          progress_bar_52   0x005984    program     extern C:\Users\Zak\Google Drive\Sask Polytech\Year 2 - Semester 2\STROBE\Version 3 Software\menus.h
          progress_bar_54   0x005999    program     extern C:\Users\Zak\Google Drive\Sask Polytech\Year 2 - Semester 2\STROBE\Version 3 Software\menus.h
          progress_bar_56   0x0059ae    program     extern C:\Users\Zak\Google Drive\Sask Polytech\Year 2 - Semester 2\STROBE\Version 3 Software\menus.h
          progress_bar_58   0x0059c3    program     extern C:\Users\Zak\Google Drive\Sask Polytech\Year 2 - Semester 2\STROBE\Version 3 Software\menus.h
           progress_bar_6   0x0057a1    program     extern C:\Users\Zak\Google Drive\Sask Polytech\Year 2 - Semester 2\STROBE\Version 3 Software\menus.h
          progress_bar_60   0x0059d8    program     extern C:\Users\Zak\Google Drive\Sask Polytech\Year 2 - Semester 2\STROBE\Version 3 Software\menus.h
          progress_bar_62   0x0059ed    program     extern C:\Users\Zak\Google Drive\Sask Polytech\Year 2 - Semester 2\STROBE\Version 3 Software\menus.h
          progress_bar_64   0x005a02    program     extern C:\Users\Zak\Google Drive\Sask Polytech\Year 2 - Semester 2\STROBE\Version 3 Software\menus.h
          progress_bar_66   0x005a17    program     extern C:\Users\Zak\Google Drive\Sask Polytech\Year 2 - Semester 2\STROBE\Version 3 Software\menus.h
          progress_bar_68   0x005a2c    program     extern C:\Users\Zak\Google Drive\Sask Polytech\Year 2 - Semester 2\STROBE\Version 3 Software\menus.h
          progress_bar_70   0x005a41    program     extern C:\Users\Zak\Google Drive\Sask Polytech\Year 2 - Semester 2\STROBE\Version 3 Software\menus.h
          progress_bar_72   0x005a56    program     extern C:\Users\Zak\Google Drive\Sask Polytech\Year 2 - Semester 2\STROBE\Version 3 Software\menus.h
          progress_bar_74   0x005a6b    program     extern C:\Users\Zak\Google Drive\Sask Polytech\Year 2 - Semester 2\STROBE\Version 3 Software\menus.h
          progress_bar_76   0x005a80    program     extern C:\Users\Zak\Google Drive\Sask Polytech\Year 2 - Semester 2\STROBE\Version 3 Software\menus.h
          progress_bar_78   0x005a95    program     extern C:\Users\Zak\Google Drive\Sask Polytech\Year 2 - Semester 2\STROBE\Version 3 Software\menus.h
           progress_bar_8   0x0057b6    program     extern C:\Users\Zak\Google Drive\Sask Polytech\Year 2 - Semester 2\STROBE\Version 3 Software\menus.h
          progress_bar_80   0x005aaa    program     extern C:\Users\Zak\Google Drive\Sask Polytech\Year 2 - Semester 2\STROBE\Version 3 Software\menus.h
          progress_bar_82   0x005abf    program     extern C:\Users\Zak\Google Drive\Sask Polytech\Year 2 - Semester 2\STROBE\Version 3 Software\menus.h
          progress_bar_84   0x005ad4    program     extern C:\Users\Zak\Google Drive\Sask Polytech\Year 2 - Semester 2\STROBE\Version 3 Software\menus.h
          progress_bar_86   0x005ae9    program     extern C:\Users\Zak\Google Drive\Sask Polytech\Year 2 - Semester 2\STROBE\Version 3 Software\menus.h
          progress_bar_88   0x005afe    program     extern C:\Users\Zak\Google Drive\Sask Polytech\Year 2 - Semester 2\STROBE\Version 3 Software\menus.h
          progress_bar_90   0x005b13    program     extern C:\Users\Zak\Google Drive\Sask Polytech\Year 2 - Semester 2\STROBE\Version 3 Software\menus.h
          progress_bar_92   0x005b28    program     extern C:\Users\Zak\Google Drive\Sask Polytech\Year 2 - Semester 2\STROBE\Version 3 Software\menus.h
          progress_bar_94   0x005b3d    program     extern C:\Users\Zak\Google Drive\Sask Polytech\Year 2 - Semester 2\STROBE\Version 3 Software\menus.h
          progress_bar_96   0x005b52    program     extern C:\Users\Zak\Google Drive\Sask Polytech\Year 2 - Semester 2\STROBE\Version 3 Software\menus.h
          progress_bar_98   0x005b67    program     extern C:\Users\Zak\Google Drive\Sask Polytech\Year 2 - Semester 2\STROBE\Version 3 Software\menus.h
          select_menu1_l1   0x005276    program     extern C:\Users\Zak\Google Drive\Sask Polytech\Year 2 - Semester 2\STROBE\Version 3 Software\menus.h
          select_menu1_l2   0x00528b    program     extern C:\Users\Zak\Google Drive\Sask Polytech\Year 2 - Semester 2\STROBE\Version 3 Software\menus.h
          select_menu1_l3   0x0052a0    program     extern C:\Users\Zak\Google Drive\Sask Polytech\Year 2 - Semester 2\STROBE\Version 3 Software\menus.h
          select_menu1_l4   0x0052b5    program     extern C:\Users\Zak\Google Drive\Sask Polytech\Year 2 - Semester 2\STROBE\Version 3 Software\menus.h
          select_menu2_l1   0x0052ca    program     extern C:\Users\Zak\Google Drive\Sask Polytech\Year 2 - Semester 2\STROBE\Version 3 Software\menus.h
          select_menu2_l2   0x0052df    program     extern C:\Users\Zak\Google Drive\Sask Polytech\Year 2 - Semester 2\STROBE\Version 3 Software\menus.h
          select_menu2_l3   0x0052f4    program     extern C:\Users\Zak\Google Drive\Sask Polytech\Year 2 - Semester 2\STROBE\Version 3 Software\menus.h
          select_menu2_l4   0x005309    program     extern C:\Users\Zak\Google Drive\Sask Polytech\Year 2 - Semester 2\STROBE\Version 3 Software\menus.h
                 spi_init   0x0001fa    program     extern C:\Users\Zak\Google Drive\Sask Polytech\Year 2 - Semester 2\STROBE\Version 3 Software\initializations.c
            strcpypgm2ram   0x005c30    program     extern E:\c18v3.46\pic18-lt\cxx-framework\src\traditional\stdclib\scpyp2r.asm
               strobe_adc   0x005140    program     extern C:\Users\Zak\Google Drive\Sask Polytech\Year 2 - Semester 2\STROBE\Version 3 Software\adc.c
           strobe_buttons   0x003b38    program     extern C:\Users\Zak\Google Drive\Sask Polytech\Year 2 - Semester 2\STROBE\Version 3 Software\buttons.c
            strobe_lights   0x0040de    program     extern C:\Users\Zak\Google Drive\Sask Polytech\Year 2 - Semester 2\STROBE\Version 3 Software\lights.c
     strobe_motionsensors   0x0049c2    program     extern C:\Users\Zak\Google Drive\Sask Polytech\Year 2 - Semester 2\STROBE\Version 3 Software\motionsensors.c
              strobe_oled   0x00050c    program     extern C:\Users\Zak\Google Drive\Sask Polytech\Year 2 - Semester 2\STROBE\Version 3 Software\oled.c
                     test   0x005bac    program     static                          
       welcome_screen1_l1   0x005222    program     extern C:\Users\Zak\Google Drive\Sask Polytech\Year 2 - Semester 2\STROBE\Version 3 Software\menus.h
       welcome_screen1_l2   0x005237    program     extern C:\Users\Zak\Google Drive\Sask Polytech\Year 2 - Semester 2\STROBE\Version 3 Software\menus.h
       welcome_screen1_l3   0x00524c    program     extern C:\Users\Zak\Google Drive\Sask Polytech\Year 2 - Semester 2\STROBE\Version 3 Software\menus.h
       welcome_screen1_l4   0x005261    program     extern C:\Users\Zak\Google Drive\Sask Polytech\Year 2 - Semester 2\STROBE\Version 3 Software\menus.h
               zero_block   0x005c70    program     static E:\c18v3.46\pic18-lt\cxx-framework\src\traditional\proc\p18f87k90.asm
                   ADCON0   0x000fc2       data     extern E:\c18v3.46\pic18-lt\cxx-framework\src\traditional\proc\p18f87k90.asm
               ADCON0bits   0x000fc2       data     extern E:\c18v3.46\pic18-lt\cxx-framework\src\traditional\proc\p18f87k90.asm
                   ADCON1   0x000fc1       data     extern E:\c18v3.46\pic18-lt\cxx-framework\src\traditional\proc\p18f87k90.asm
               ADCON1bits   0x000fc1       data     extern E:\c18v3.46\pic18-lt\cxx-framework\src\traditional\proc\p18f87k90.asm
                   ADCON2   0x000fc0       data     extern E:\c18v3.46\pic18-lt\cxx-framework\src\traditional\proc\p18f87k90.asm
               ADCON2bits   0x000fc0       data     extern E:\c18v3.46\pic18-lt\cxx-framework\src\traditional\proc\p18f87k90.asm
                    ADRES   0x000fc3       data     extern E:\c18v3.46\pic18-lt\cxx-framework\src\traditional\proc\p18f87k90.asm
                   ADRESH   0x000fc4       data     extern E:\c18v3.46\pic18-lt\cxx-framework\src\traditional\proc\p18f87k90.asm
                   ADRESL   0x000fc3       data     extern E:\c18v3.46\pic18-lt\cxx-framework\src\traditional\proc\p18f87k90.asm
                  ALRMCFG   0x000f5b       data     extern E:\c18v3.46\pic18-lt\cxx-framework\src\traditional\proc\p18f87k90.asm
              ALRMCFGbits   0x000f5b       data     extern E:\c18v3.46\pic18-lt\cxx-framework\src\traditional\proc\p18f87k90.asm
                  ALRMRPT   0x000f5a       data     extern E:\c18v3.46\pic18-lt\cxx-framework\src\traditional\proc\p18f87k90.asm
              ALRMRPTbits   0x000f5a       data     extern E:\c18v3.46\pic18-lt\cxx-framework\src\traditional\proc\p18f87k90.asm
                  ALRMVAL   0x000f58       data     extern E:\c18v3.46\pic18-lt\cxx-framework\src\traditional\proc\p18f87k90.asm
                 ALRMVALH   0x000f59       data     extern E:\c18v3.46\pic18-lt\cxx-framework\src\traditional\proc\p18f87k90.asm
                 ALRMVALL   0x000f58       data     extern E:\c18v3.46\pic18-lt\cxx-framework\src\traditional\proc\p18f87k90.asm
                   ANCON0   0x000f25       data     extern E:\c18v3.46\pic18-lt\cxx-framework\src\traditional\proc\p18f87k90.asm
               ANCON0bits   0x000f25       data     extern E:\c18v3.46\pic18-lt\cxx-framework\src\traditional\proc\p18f87k90.asm
                   ANCON1   0x000f24       data     extern E:\c18v3.46\pic18-lt\cxx-framework\src\traditional\proc\p18f87k90.asm
               ANCON1bits   0x000f24       data     extern E:\c18v3.46\pic18-lt\cxx-framework\src\traditional\proc\p18f87k90.asm
                   ANCON2   0x000f23       data     extern E:\c18v3.46\pic18-lt\cxx-framework\src\traditional\proc\p18f87k90.asm
               ANCON2bits   0x000f23       data     extern E:\c18v3.46\pic18-lt\cxx-framework\src\traditional\proc\p18f87k90.asm
                  BAUDCON   0x000f65       data     extern E:\c18v3.46\pic18-lt\cxx-framework\src\traditional\proc\p18f87k90.asm
                 BAUDCON1   0x000f65       data     extern E:\c18v3.46\pic18-lt\cxx-framework\src\traditional\proc\p18f87k90.asm
             BAUDCON1bits   0x000f65       data     extern E:\c18v3.46\pic18-lt\cxx-framework\src\traditional\proc\p18f87k90.asm
                 BAUDCON2   0x000f20       data     extern E:\c18v3.46\pic18-lt\cxx-framework\src\traditional\proc\p18f87k90.asm
             BAUDCON2bits   0x000f20       data     extern E:\c18v3.46\pic18-lt\cxx-framework\src\traditional\proc\p18f87k90.asm
              BAUDCONbits   0x000f65       data     extern E:\c18v3.46\pic18-lt\cxx-framework\src\traditional\proc\p18f87k90.asm
                  BAUDCTL   0x000f65       data     extern E:\c18v3.46\pic18-lt\cxx-framework\src\traditional\proc\p18f87k90.asm
              BAUDCTLbits   0x000f65       data     extern E:\c18v3.46\pic18-lt\cxx-framework\src\traditional\proc\p18f87k90.asm
                      BSR   0x000fe0       data     extern E:\c18v3.46\pic18-lt\cxx-framework\src\traditional\proc\p18f87k90.asm
                 CCP10CON   0x000f40       data     extern E:\c18v3.46\pic18-lt\cxx-framework\src\traditional\proc\p18f87k90.asm
             CCP10CONbits   0x000f40       data     extern E:\c18v3.46\pic18-lt\cxx-framework\src\traditional\proc\p18f87k90.asm
                  CCP1CON   0x000fbb       data     extern E:\c18v3.46\pic18-lt\cxx-framework\src\traditional\proc\p18f87k90.asm
              CCP1CONbits   0x000fbb       data     extern E:\c18v3.46\pic18-lt\cxx-framework\src\traditional\proc\p18f87k90.asm
                  CCP2CON   0x000f4e       data     extern E:\c18v3.46\pic18-lt\cxx-framework\src\traditional\proc\p18f87k90.asm
              CCP2CONbits   0x000f4e       data     extern E:\c18v3.46\pic18-lt\cxx-framework\src\traditional\proc\p18f87k90.asm
                  CCP3CON   0x000f49       data     extern E:\c18v3.46\pic18-lt\cxx-framework\src\traditional\proc\p18f87k90.asm
              CCP3CONbits   0x000f49       data     extern E:\c18v3.46\pic18-lt\cxx-framework\src\traditional\proc\p18f87k90.asm
                  CCP4CON   0x000f0f       data     extern E:\c18v3.46\pic18-lt\cxx-framework\src\traditional\proc\p18f87k90.asm
              CCP4CONbits   0x000f0f       data     extern E:\c18v3.46\pic18-lt\cxx-framework\src\traditional\proc\p18f87k90.asm
                  CCP5CON   0x000f0c       data     extern E:\c18v3.46\pic18-lt\cxx-framework\src\traditional\proc\p18f87k90.asm
              CCP5CONbits   0x000f0c       data     extern E:\c18v3.46\pic18-lt\cxx-framework\src\traditional\proc\p18f87k90.asm
                  CCP6CON   0x000f09       data     extern E:\c18v3.46\pic18-lt\cxx-framework\src\traditional\proc\p18f87k90.asm
              CCP6CONbits   0x000f09       data     extern E:\c18v3.46\pic18-lt\cxx-framework\src\traditional\proc\p18f87k90.asm
                  CCP7CON   0x000f06       data     extern E:\c18v3.46\pic18-lt\cxx-framework\src\traditional\proc\p18f87k90.asm
              CCP7CONbits   0x000f06       data     extern E:\c18v3.46\pic18-lt\cxx-framework\src\traditional\proc\p18f87k90.asm
                  CCP8CON   0x000f46       data     extern E:\c18v3.46\pic18-lt\cxx-framework\src\traditional\proc\p18f87k90.asm
              CCP8CONbits   0x000f46       data     extern E:\c18v3.46\pic18-lt\cxx-framework\src\traditional\proc\p18f87k90.asm
                  CCP9CON   0x000f43       data     extern E:\c18v3.46\pic18-lt\cxx-framework\src\traditional\proc\p18f87k90.asm
              CCP9CONbits   0x000f43       data     extern E:\c18v3.46\pic18-lt\cxx-framework\src\traditional\proc\p18f87k90.asm
                    CCPR1   0x000fbc       data     extern E:\c18v3.46\pic18-lt\cxx-framework\src\traditional\proc\p18f87k90.asm
                   CCPR10   0x000f41       data     extern E:\c18v3.46\pic18-lt\cxx-framework\src\traditional\proc\p18f87k90.asm
                  CCPR10H   0x000f42       data     extern E:\c18v3.46\pic18-lt\cxx-framework\src\traditional\proc\p18f87k90.asm
                  CCPR10L   0x000f41       data     extern E:\c18v3.46\pic18-lt\cxx-framework\src\traditional\proc\p18f87k90.asm
                   CCPR1H   0x000fbd       data     extern E:\c18v3.46\pic18-lt\cxx-framework\src\traditional\proc\p18f87k90.asm
                   CCPR1L   0x000fbc       data     extern E:\c18v3.46\pic18-lt\cxx-framework\src\traditional\proc\p18f87k90.asm
                    CCPR2   0x000f4f       data     extern E:\c18v3.46\pic18-lt\cxx-framework\src\traditional\proc\p18f87k90.asm
                   CCPR2H   0x000f50       data     extern E:\c18v3.46\pic18-lt\cxx-framework\src\traditional\proc\p18f87k90.asm
                   CCPR2L   0x000f4f       data     extern E:\c18v3.46\pic18-lt\cxx-framework\src\traditional\proc\p18f87k90.asm
                    CCPR3   0x000f4a       data     extern E:\c18v3.46\pic18-lt\cxx-framework\src\traditional\proc\p18f87k90.asm
                   CCPR3H   0x000f4b       data     extern E:\c18v3.46\pic18-lt\cxx-framework\src\traditional\proc\p18f87k90.asm
                   CCPR3L   0x000f4a       data     extern E:\c18v3.46\pic18-lt\cxx-framework\src\traditional\proc\p18f87k90.asm
                    CCPR4   0x000f10       data     extern E:\c18v3.46\pic18-lt\cxx-framework\src\traditional\proc\p18f87k90.asm
                   CCPR4H   0x000f11       data     extern E:\c18v3.46\pic18-lt\cxx-framework\src\traditional\proc\p18f87k90.asm
                   CCPR4L   0x000f10       data     extern E:\c18v3.46\pic18-lt\cxx-framework\src\traditional\proc\p18f87k90.asm
                    CCPR5   0x000f0d       data     extern E:\c18v3.46\pic18-lt\cxx-framework\src\traditional\proc\p18f87k90.asm
                   CCPR5H   0x000f0e       data     extern E:\c18v3.46\pic18-lt\cxx-framework\src\traditional\proc\p18f87k90.asm
                   CCPR5L   0x000f0d       data     extern E:\c18v3.46\pic18-lt\cxx-framework\src\traditional\proc\p18f87k90.asm
                    CCPR6   0x000f0a       data     extern E:\c18v3.46\pic18-lt\cxx-framework\src\traditional\proc\p18f87k90.asm
                   CCPR6H   0x000f0b       data     extern E:\c18v3.46\pic18-lt\cxx-framework\src\traditional\proc\p18f87k90.asm
                   CCPR6L   0x000f0a       data     extern E:\c18v3.46\pic18-lt\cxx-framework\src\traditional\proc\p18f87k90.asm
                    CCPR7   0x000f07       data     extern E:\c18v3.46\pic18-lt\cxx-framework\src\traditional\proc\p18f87k90.asm
                   CCPR7H   0x000f08       data     extern E:\c18v3.46\pic18-lt\cxx-framework\src\traditional\proc\p18f87k90.asm
                   CCPR7L   0x000f07       data     extern E:\c18v3.46\pic18-lt\cxx-framework\src\traditional\proc\p18f87k90.asm
                    CCPR8   0x000f47       data     extern E:\c18v3.46\pic18-lt\cxx-framework\src\traditional\proc\p18f87k90.asm
                   CCPR8H   0x000f48       data     extern E:\c18v3.46\pic18-lt\cxx-framework\src\traditional\proc\p18f87k90.asm
                   CCPR8L   0x000f47       data     extern E:\c18v3.46\pic18-lt\cxx-framework\src\traditional\proc\p18f87k90.asm
                    CCPR9   0x000f44       data     extern E:\c18v3.46\pic18-lt\cxx-framework\src\traditional\proc\p18f87k90.asm
                   CCPR9H   0x000f45       data     extern E:\c18v3.46\pic18-lt\cxx-framework\src\traditional\proc\p18f87k90.asm
                   CCPR9L   0x000f44       data     extern E:\c18v3.46\pic18-lt\cxx-framework\src\traditional\proc\p18f87k90.asm
                 CCPTMRS0   0x000f2d       data     extern E:\c18v3.46\pic18-lt\cxx-framework\src\traditional\proc\p18f87k90.asm
             CCPTMRS0bits   0x000f2d       data     extern E:\c18v3.46\pic18-lt\cxx-framework\src\traditional\proc\p18f87k90.asm
                 CCPTMRS1   0x000f2c       data     extern E:\c18v3.46\pic18-lt\cxx-framework\src\traditional\proc\p18f87k90.asm
             CCPTMRS1bits   0x000f2c       data     extern E:\c18v3.46\pic18-lt\cxx-framework\src\traditional\proc\p18f87k90.asm
                 CCPTMRS2   0x000f2b       data     extern E:\c18v3.46\pic18-lt\cxx-framework\src\traditional\proc\p18f87k90.asm
             CCPTMRS2bits   0x000f2b       data     extern E:\c18v3.46\pic18-lt\cxx-framework\src\traditional\proc\p18f87k90.asm
                   CM1CON   0x000f54       data     extern E:\c18v3.46\pic18-lt\cxx-framework\src\traditional\proc\p18f87k90.asm
                  CM1CON1   0x000f54       data     extern E:\c18v3.46\pic18-lt\cxx-framework\src\traditional\proc\p18f87k90.asm
              CM1CON1bits   0x000f54       data     extern E:\c18v3.46\pic18-lt\cxx-framework\src\traditional\proc\p18f87k90.asm
               CM1CONbits   0x000f54       data     extern E:\c18v3.46\pic18-lt\cxx-framework\src\traditional\proc\p18f87k90.asm
                   CM2CON   0x000f2f       data     extern E:\c18v3.46\pic18-lt\cxx-framework\src\traditional\proc\p18f87k90.asm
                  CM2CON1   0x000f2f       data     extern E:\c18v3.46\pic18-lt\cxx-framework\src\traditional\proc\p18f87k90.asm
              CM2CON1bits   0x000f2f       data     extern E:\c18v3.46\pic18-lt\cxx-framework\src\traditional\proc\p18f87k90.asm
               CM2CONbits   0x000f2f       data     extern E:\c18v3.46\pic18-lt\cxx-framework\src\traditional\proc\p18f87k90.asm
                   CM3CON   0x000f2e       data     extern E:\c18v3.46\pic18-lt\cxx-framework\src\traditional\proc\p18f87k90.asm
                  CM3CON1   0x000f2e       data     extern E:\c18v3.46\pic18-lt\cxx-framework\src\traditional\proc\p18f87k90.asm
              CM3CON1bits   0x000f2e       data     extern E:\c18v3.46\pic18-lt\cxx-framework\src\traditional\proc\p18f87k90.asm
               CM3CONbits   0x000f2e       data     extern E:\c18v3.46\pic18-lt\cxx-framework\src\traditional\proc\p18f87k90.asm
                   CMSTAT   0x000fb4       data     extern E:\c18v3.46\pic18-lt\cxx-framework\src\traditional\proc\p18f87k90.asm
                 CMSTATUS   0x000fb4       data     extern E:\c18v3.46\pic18-lt\cxx-framework\src\traditional\proc\p18f87k90.asm
             CMSTATUSbits   0x000fb4       data     extern E:\c18v3.46\pic18-lt\cxx-framework\src\traditional\proc\p18f87k90.asm
               CMSTATbits   0x000fb4       data     extern E:\c18v3.46\pic18-lt\cxx-framework\src\traditional\proc\p18f87k90.asm
                 CTMUCONH   0x000f57       data     extern E:\c18v3.46\pic18-lt\cxx-framework\src\traditional\proc\p18f87k90.asm
             CTMUCONHbits   0x000f57       data     extern E:\c18v3.46\pic18-lt\cxx-framework\src\traditional\proc\p18f87k90.asm
                 CTMUCONL   0x000f56       data     extern E:\c18v3.46\pic18-lt\cxx-framework\src\traditional\proc\p18f87k90.asm
             CTMUCONLbits   0x000f56       data     extern E:\c18v3.46\pic18-lt\cxx-framework\src\traditional\proc\p18f87k90.asm
                 CTMUICON   0x000f55       data     extern E:\c18v3.46\pic18-lt\cxx-framework\src\traditional\proc\p18f87k90.asm
             CTMUICONbits   0x000f55       data     extern E:\c18v3.46\pic18-lt\cxx-framework\src\traditional\proc\p18f87k90.asm
                   CVRCON   0x000fb5       data     extern E:\c18v3.46\pic18-lt\cxx-framework\src\traditional\proc\p18f87k90.asm
               CVRCONbits   0x000fb5       data     extern E:\c18v3.46\pic18-lt\cxx-framework\src\traditional\proc\p18f87k90.asm
                  ECCP1AS   0x000fbf       data     extern E:\c18v3.46\pic18-lt\cxx-framework\src\traditional\proc\p18f87k90.asm
              ECCP1ASbits   0x000fbf       data     extern E:\c18v3.46\pic18-lt\cxx-framework\src\traditional\proc\p18f87k90.asm
                 ECCP1CON   0x000fbb       data     extern E:\c18v3.46\pic18-lt\cxx-framework\src\traditional\proc\p18f87k90.asm
             ECCP1CONbits   0x000fbb       data     extern E:\c18v3.46\pic18-lt\cxx-framework\src\traditional\proc\p18f87k90.asm
                 ECCP1DEL   0x000fbe       data     extern E:\c18v3.46\pic18-lt\cxx-framework\src\traditional\proc\p18f87k90.asm
             ECCP1DELbits   0x000fbe       data     extern E:\c18v3.46\pic18-lt\cxx-framework\src\traditional\proc\p18f87k90.asm
                  ECCP2AS   0x000f52       data     extern E:\c18v3.46\pic18-lt\cxx-framework\src\traditional\proc\p18f87k90.asm
              ECCP2ASbits   0x000f52       data     extern E:\c18v3.46\pic18-lt\cxx-framework\src\traditional\proc\p18f87k90.asm
                 ECCP2CON   0x000f4e       data     extern E:\c18v3.46\pic18-lt\cxx-framework\src\traditional\proc\p18f87k90.asm
             ECCP2CONbits   0x000f4e       data     extern E:\c18v3.46\pic18-lt\cxx-framework\src\traditional\proc\p18f87k90.asm
                 ECCP2DEL   0x000f51       data     extern E:\c18v3.46\pic18-lt\cxx-framework\src\traditional\proc\p18f87k90.asm
             ECCP2DELbits   0x000f51       data     extern E:\c18v3.46\pic18-lt\cxx-framework\src\traditional\proc\p18f87k90.asm
                  ECCP3AS   0x000f4d       data     extern E:\c18v3.46\pic18-lt\cxx-framework\src\traditional\proc\p18f87k90.asm
              ECCP3ASbits   0x000f4d       data     extern E:\c18v3.46\pic18-lt\cxx-framework\src\traditional\proc\p18f87k90.asm
                 ECCP3DEL   0x000f4c       data     extern E:\c18v3.46\pic18-lt\cxx-framework\src\traditional\proc\p18f87k90.asm
             ECCP3DELbits   0x000f4c       data     extern E:\c18v3.46\pic18-lt\cxx-framework\src\traditional\proc\p18f87k90.asm
                    EEADR   0x000f62       data     extern E:\c18v3.46\pic18-lt\cxx-framework\src\traditional\proc\p18f87k90.asm
                   EEADRH   0x000f63       data     extern E:\c18v3.46\pic18-lt\cxx-framework\src\traditional\proc\p18f87k90.asm
                   EECON1   0x000f7f       data     extern E:\c18v3.46\pic18-lt\cxx-framework\src\traditional\proc\p18f87k90.asm
               EECON1bits   0x000f7f       data     extern E:\c18v3.46\pic18-lt\cxx-framework\src\traditional\proc\p18f87k90.asm
                   EECON2   0x000f7e       data     extern E:\c18v3.46\pic18-lt\cxx-framework\src\traditional\proc\p18f87k90.asm
                   EEDATA   0x000f61       data     extern E:\c18v3.46\pic18-lt\cxx-framework\src\traditional\proc\p18f87k90.asm
                     FSR0   0x000fe9       data     extern E:\c18v3.46\pic18-lt\cxx-framework\src\traditional\proc\p18f87k90.asm
                    FSR0H   0x000fea       data     extern E:\c18v3.46\pic18-lt\cxx-framework\src\traditional\proc\p18f87k90.asm
                    FSR0L   0x000fe9       data     extern E:\c18v3.46\pic18-lt\cxx-framework\src\traditional\proc\p18f87k90.asm
                     FSR1   0x000fe1       data     extern E:\c18v3.46\pic18-lt\cxx-framework\src\traditional\proc\p18f87k90.asm
                    FSR1H   0x000fe2       data     extern E:\c18v3.46\pic18-lt\cxx-framework\src\traditional\proc\p18f87k90.asm
                    FSR1L   0x000fe1       data     extern E:\c18v3.46\pic18-lt\cxx-framework\src\traditional\proc\p18f87k90.asm
                     FSR2   0x000fd9       data     extern E:\c18v3.46\pic18-lt\cxx-framework\src\traditional\proc\p18f87k90.asm
                    FSR2H   0x000fda       data     extern E:\c18v3.46\pic18-lt\cxx-framework\src\traditional\proc\p18f87k90.asm
                    FSR2L   0x000fd9       data     extern E:\c18v3.46\pic18-lt\cxx-framework\src\traditional\proc\p18f87k90.asm
                  HLVDCON   0x000fa8       data     extern E:\c18v3.46\pic18-lt\cxx-framework\src\traditional\proc\p18f87k90.asm
              HLVDCONbits   0x000fa8       data     extern E:\c18v3.46\pic18-lt\cxx-framework\src\traditional\proc\p18f87k90.asm
                    INDF0   0x000fef       data     extern E:\c18v3.46\pic18-lt\cxx-framework\src\traditional\proc\p18f87k90.asm
                    INDF1   0x000fe7       data     extern E:\c18v3.46\pic18-lt\cxx-framework\src\traditional\proc\p18f87k90.asm
                    INDF2   0x000fdf       data     extern E:\c18v3.46\pic18-lt\cxx-framework\src\traditional\proc\p18f87k90.asm
                   INTCON   0x000ff2       data     extern E:\c18v3.46\pic18-lt\cxx-framework\src\traditional\proc\p18f87k90.asm
                  INTCON2   0x000ff1       data     extern E:\c18v3.46\pic18-lt\cxx-framework\src\traditional\proc\p18f87k90.asm
[...]
                  HLVDCON   0x000fa8       data     extern E:\c18v3.46\pic18-lt\cxx-framework\src\traditional\proc\p18f87k90.asm
              HLVDCONbits   0x000fa8       data     extern E:\c18v3.46\pic18-lt\cxx-framework\src\traditional\proc\p18f87k90.asm
                 IPR6bits   0x000fa9       data     extern E:\c18v3.46\pic18-lt\cxx-framework\src\traditional\proc\p18f87k90.asm
                     IPR6   0x000fa9       data     extern E:\c18v3.46\pic18-lt\cxx-framework\src\traditional\proc\p18f87k90.asm
               T1GCONbits   0x000faa       data     extern E:\c18v3.46\pic18-lt\cxx-framework\src\traditional\proc\p18f87k90.asm
                   T1GCON   0x000faa       data     extern E:\c18v3.46\pic18-lt\cxx-framework\src\traditional\proc\p18f87k90.asm
                   RCSTA1   0x000fab       data     extern E:\c18v3.46\pic18-lt\cxx-framework\src\traditional\proc\p18f87k90.asm
                    RCSTA   0x000fab       data     extern E:\c18v3.46\pic18-lt\cxx-framework\src\traditional\proc\p18f87k90.asm
                RCSTAbits   0x000fab       data     extern E:\c18v3.46\pic18-lt\cxx-framework\src\traditional\proc\p18f87k90.asm
               RCSTA1bits   0x000fab       data     extern E:\c18v3.46\pic18-lt\cxx-framework\src\traditional\proc\p18f87k90.asm
                TXSTAbits   0x000fac       data     extern E:\c18v3.46\pic18-lt\cxx-framework\src\traditional\proc\p18f87k90.asm
               TXSTA1bits   0x000fac       data     extern E:\c18v3.46\pic18-lt\cxx-framework\src\traditional\proc\p18f87k90.asm
                    TXSTA   0x000fac       data     extern E:\c18v3.46\pic18-lt\cxx-framework\src\traditional\proc\p18f87k90.asm
                   TXSTA1   0x000fac       data     extern E:\c18v3.46\pic18-lt\cxx-framework\src\traditional\proc\p18f87k90.asm
                    TXREG   0x000fad       data     extern E:\c18v3.46\pic18-lt\cxx-framework\src\traditional\proc\p18f87k90.asm
                   TXREG1   0x000fad       data     extern E:\c18v3.46\pic18-lt\cxx-framework\src\traditional\proc\p18f87k90.asm
                   RCREG1   0x000fae       data     extern E:\c18v3.46\pic18-lt\cxx-framework\src\traditional\proc\p18f87k90.asm
                    RCREG   0x000fae       data     extern E:\c18v3.46\pic18-lt\cxx-framework\src\traditional\proc\p18f87k90.asm
                   SPBRG1   0x000faf       data     extern E:\c18v3.46\pic18-lt\cxx-framework\src\traditional\proc\p18f87k90.asm
                    SPBRG   0x000faf       data     extern E:\c18v3.46\pic18-lt\cxx-framework\src\traditional\proc\p18f87k90.asm
                   T3GCON   0x000fb0       data     extern E:\c18v3.46\pic18-lt\cxx-framework\src\traditional\proc\p18f87k90.asm
               T3GCONbits   0x000fb0       data     extern E:\c18v3.46\pic18-lt\cxx-framework\src\traditional\proc\p18f87k90.asm
                    T3CON   0x000fb1       data     extern E:\c18v3.46\pic18-lt\cxx-framework\src\traditional\proc\p18f87k90.asm
                T3CONbits   0x000fb1       data     extern E:\c18v3.46\pic18-lt\cxx-framework\src\traditional\proc\p18f87k90.asm
                    TMR3L   0x000fb2       data     extern E:\c18v3.46\pic18-lt\cxx-framework\src\traditional\proc\p18f87k90.asm
                    TMR3H   0x000fb3       data     extern E:\c18v3.46\pic18-lt\cxx-framework\src\traditional\proc\p18f87k90.asm
             CMSTATUSbits   0x000fb4       data     extern E:\c18v3.46\pic18-lt\cxx-framework\src\traditional\proc\p18f87k90.asm
               CMSTATbits   0x000fb4       data     extern E:\c18v3.46\pic18-lt\cxx-framework\src\traditional\proc\p18f87k90.asm
                 CMSTATUS   0x000fb4       data     extern E:\c18v3.46\pic18-lt\cxx-framework\src\traditional\proc\p18f87k90.asm
                   CMSTAT   0x000fb4       data     extern E:\c18v3.46\pic18-lt\cxx-framework\src\traditional\proc\p18f87k90.asm
               CVRCONbits   0x000fb5       data     extern E:\c18v3.46\pic18-lt\cxx-framework\src\traditional\proc\p18f87k90.asm
                   CVRCON   0x000fb5       data     extern E:\c18v3.46\pic18-lt\cxx-framework\src\traditional\proc\p18f87k90.asm
                 PIE4bits   0x000fb6       data     extern E:\c18v3.46\pic18-lt\cxx-framework\src\traditional\proc\p18f87k90.asm
                     PIE4   0x000fb6       data     extern E:\c18v3.46\pic18-lt\cxx-framework\src\traditional\proc\p18f87k90.asm
                     PIR4   0x000fb7       data     extern E:\c18v3.46\pic18-lt\cxx-framework\src\traditional\proc\p18f87k90.asm
                 PIR4bits   0x000fb7       data     extern E:\c18v3.46\pic18-lt\cxx-framework\src\traditional\proc\p18f87k90.asm
                 IPR4bits   0x000fb8       data     extern E:\c18v3.46\pic18-lt\cxx-framework\src\traditional\proc\p18f87k90.asm
                     IPR4   0x000fb8       data     extern E:\c18v3.46\pic18-lt\cxx-framework\src\traditional\proc\p18f87k90.asm
                     PIE5   0x000fb9       data     extern E:\c18v3.46\pic18-lt\cxx-framework\src\traditional\proc\p18f87k90.asm
                 PIE5bits   0x000fb9       data     extern E:\c18v3.46\pic18-lt\cxx-framework\src\traditional\proc\p18f87k90.asm
                 PIR5bits   0x000fba       data     extern E:\c18v3.46\pic18-lt\cxx-framework\src\traditional\proc\p18f87k90.asm
                     PIR5   0x000fba       data     extern E:\c18v3.46\pic18-lt\cxx-framework\src\traditional\proc\p18f87k90.asm
             ECCP1CONbits   0x000fbb       data     extern E:\c18v3.46\pic18-lt\cxx-framework\src\traditional\proc\p18f87k90.asm
                 ECCP1CON   0x000fbb       data     extern E:\c18v3.46\pic18-lt\cxx-framework\src\traditional\proc\p18f87k90.asm
              CCP1CONbits   0x000fbb       data     extern E:\c18v3.46\pic18-lt\cxx-framework\src\traditional\proc\p18f87k90.asm
                  CCP1CON   0x000fbb       data     extern E:\c18v3.46\pic18-lt\cxx-framework\src\traditional\proc\p18f87k90.asm
                    CCPR1   0x000fbc       data     extern E:\c18v3.46\pic18-lt\cxx-framework\src\traditional\proc\p18f87k90.asm
                   CCPR1L   0x000fbc       data     extern E:\c18v3.46\pic18-lt\cxx-framework\src\traditional\proc\p18f87k90.asm
                   CCPR1H   0x000fbd       data     extern E:\c18v3.46\pic18-lt\cxx-framework\src\traditional\proc\p18f87k90.asm
                  PWM1CON   0x000fbe       data     extern E:\c18v3.46\pic18-lt\cxx-framework\src\traditional\proc\p18f87k90.asm
                 ECCP1DEL   0x000fbe       data     extern E:\c18v3.46\pic18-lt\cxx-framework\src\traditional\proc\p18f87k90.asm
             ECCP1DELbits   0x000fbe       data     extern E:\c18v3.46\pic18-lt\cxx-framework\src\traditional\proc\p18f87k90.asm
              PWM1CONbits   0x000fbe       data     extern E:\c18v3.46\pic18-lt\cxx-framework\src\traditional\proc\p18f87k90.asm
                  ECCP1AS   0x000fbf       data     extern E:\c18v3.46\pic18-lt\cxx-framework\src\traditional\proc\p18f87k90.asm
              ECCP1ASbits   0x000fbf       data     extern E:\c18v3.46\pic18-lt\cxx-framework\src\traditional\proc\p18f87k90.asm
               ADCON2bits   0x000fc0       data     extern E:\c18v3.46\pic18-lt\cxx-framework\src\traditional\proc\p18f87k90.asm
                   ADCON2   0x000fc0       data     extern E:\c18v3.46\pic18-lt\cxx-framework\src\traditional\proc\p18f87k90.asm
               ADCON1bits   0x000fc1       data     extern E:\c18v3.46\pic18-lt\cxx-framework\src\traditional\proc\p18f87k90.asm
                   ADCON1   0x000fc1       data     extern E:\c18v3.46\pic18-lt\cxx-framework\src\traditional\proc\p18f87k90.asm
                   ADCON0   0x000fc2       data     extern E:\c18v3.46\pic18-lt\cxx-framework\src\traditional\proc\p18f87k90.asm
               ADCON0bits   0x000fc2       data     extern E:\c18v3.46\pic18-lt\cxx-framework\src\traditional\proc\p18f87k90.asm
                   ADRESL   0x000fc3       data     extern E:\c18v3.46\pic18-lt\cxx-framework\src\traditional\proc\p18f87k90.asm
                    ADRES   0x000fc3       data     extern E:\c18v3.46\pic18-lt\cxx-framework\src\traditional\proc\p18f87k90.asm
                   ADRESH   0x000fc4       data     extern E:\c18v3.46\pic18-lt\cxx-framework\src\traditional\proc\p18f87k90.asm
              SSPCON2bits   0x000fc5       data     extern E:\c18v3.46\pic18-lt\cxx-framework\src\traditional\proc\p18f87k90.asm
                  SSPCON2   0x000fc5       data     extern E:\c18v3.46\pic18-lt\cxx-framework\src\traditional\proc\p18f87k90.asm
                 SSP1CON2   0x000fc5       data     extern E:\c18v3.46\pic18-lt\cxx-framework\src\traditional\proc\p18f87k90.asm
             SSP1CON2bits   0x000fc5       data     extern E:\c18v3.46\pic18-lt\cxx-framework\src\traditional\proc\p18f87k90.asm
              SSPCON1bits   0x000fc6       data     extern E:\c18v3.46\pic18-lt\cxx-framework\src\traditional\proc\p18f87k90.asm
                  SSPCON1   0x000fc6       data     extern E:\c18v3.46\pic18-lt\cxx-framework\src\traditional\proc\p18f87k90.asm
                 SSP1CON1   0x000fc6       data     extern E:\c18v3.46\pic18-lt\cxx-framework\src\traditional\proc\p18f87k90.asm
             SSP1CON1bits   0x000fc6       data     extern E:\c18v3.46\pic18-lt\cxx-framework\src\traditional\proc\p18f87k90.asm
                 SSP1STAT   0x000fc7       data     extern E:\c18v3.46\pic18-lt\cxx-framework\src\traditional\proc\p18f87k90.asm
             SSP1STATbits   0x000fc7       data     extern E:\c18v3.46\pic18-lt\cxx-framework\src\traditional\proc\p18f87k90.asm
              SSPSTATbits   0x000fc7       data     extern E:\c18v3.46\pic18-lt\cxx-framework\src\traditional\proc\p18f87k90.asm
                  SSPSTAT   0x000fc7       data     extern E:\c18v3.46\pic18-lt\cxx-framework\src\traditional\proc\p18f87k90.asm
                   SSPADD   0x000fc8       data     extern E:\c18v3.46\pic18-lt\cxx-framework\src\traditional\proc\p18f87k90.asm
               SSPADDbits   0x000fc8       data     extern E:\c18v3.46\pic18-lt\cxx-framework\src\traditional\proc\p18f87k90.asm
              SSP1ADDbits   0x000fc8       data     extern E:\c18v3.46\pic18-lt\cxx-framework\src\traditional\proc\p18f87k90.asm
                  SSP1ADD   0x000fc8       data     extern E:\c18v3.46\pic18-lt\cxx-framework\src\traditional\proc\p18f87k90.asm
                   SSPBUF   0x000fc9       data     extern E:\c18v3.46\pic18-lt\cxx-framework\src\traditional\proc\p18f87k90.asm
                  SSP1BUF   0x000fc9       data     extern E:\c18v3.46\pic18-lt\cxx-framework\src\traditional\proc\p18f87k90.asm
                T2CONbits   0x000fca       data     extern E:\c18v3.46\pic18-lt\cxx-framework\src\traditional\proc\p18f87k90.asm
                    T2CON   0x000fca       data     extern E:\c18v3.46\pic18-lt\cxx-framework\src\traditional\proc\p18f87k90.asm
                      PR2   0x000fcb       data     extern E:\c18v3.46\pic18-lt\cxx-framework\src\traditional\proc\p18f87k90.asm
                     TMR2   0x000fcc       data     extern E:\c18v3.46\pic18-lt\cxx-framework\src\traditional\proc\p18f87k90.asm
                T1CONbits   0x000fcd       data     extern E:\c18v3.46\pic18-lt\cxx-framework\src\traditional\proc\p18f87k90.asm
                    T1CON   0x000fcd       data     extern E:\c18v3.46\pic18-lt\cxx-framework\src\traditional\proc\p18f87k90.asm
                    TMR1L   0x000fce       data     extern E:\c18v3.46\pic18-lt\cxx-framework\src\traditional\proc\p18f87k90.asm
                    TMR1H   0x000fcf       data     extern E:\c18v3.46\pic18-lt\cxx-framework\src\traditional\proc\p18f87k90.asm
                     RCON   0x000fd0       data     extern E:\c18v3.46\pic18-lt\cxx-framework\src\traditional\proc\p18f87k90.asm
                 RCONbits   0x000fd0       data     extern E:\c18v3.46\pic18-lt\cxx-framework\src\traditional\proc\p18f87k90.asm
                   WDTCON   0x000fd1       data     extern E:\c18v3.46\pic18-lt\cxx-framework\src\traditional\proc\p18f87k90.asm
               WDTCONbits   0x000fd1       data     extern E:\c18v3.46\pic18-lt\cxx-framework\src\traditional\proc\p18f87k90.asm
                 IPR5bits   0x000fd2       data     extern E:\c18v3.46\pic18-lt\cxx-framework\src\traditional\proc\p18f87k90.asm
                     IPR5   0x000fd2       data     extern E:\c18v3.46\pic18-lt\cxx-framework\src\traditional\proc\p18f87k90.asm
               OSCCONbits   0x000fd3       data     extern E:\c18v3.46\pic18-lt\cxx-framework\src\traditional\proc\p18f87k90.asm
                   OSCCON   0x000fd3       data     extern E:\c18v3.46\pic18-lt\cxx-framework\src\traditional\proc\p18f87k90.asm
                  SPBRGH1   0x000fd4       data     extern E:\c18v3.46\pic18-lt\cxx-framework\src\traditional\proc\p18f87k90.asm
                T0CONbits   0x000fd5       data     extern E:\c18v3.46\pic18-lt\cxx-framework\src\traditional\proc\p18f87k90.asm
                    T0CON   0x000fd5       data     extern E:\c18v3.46\pic18-lt\cxx-framework\src\traditional\proc\p18f87k90.asm
                    TMR0L   0x000fd6       data     extern E:\c18v3.46\pic18-lt\cxx-framework\src\traditional\proc\p18f87k90.asm
                    TMR0H   0x000fd7       data     extern E:\c18v3.46\pic18-lt\cxx-framework\src\traditional\proc\p18f87k90.asm
               STATUSbits   0x000fd8       data     extern E:\c18v3.46\pic18-lt\cxx-framework\src\traditional\proc\p18f87k90.asm
                   STATUS   0x000fd8       data     extern E:\c18v3.46\pic18-lt\cxx-framework\src\traditional\proc\p18f87k90.asm
                     FSR2   0x000fd9       data     extern E:\c18v3.46\pic18-lt\cxx-framework\src\traditional\proc\p18f87k90.asm
                    FSR2L   0x000fd9       data     extern E:\c18v3.46\pic18-lt\cxx-framework\src\traditional\proc\p18f87k90.asm
                    FSR2H   0x000fda       data     extern E:\c18v3.46\pic18-lt\cxx-framework\src\traditional\proc\p18f87k90.asm
                   PLUSW2   0x000fdb       data     extern E:\c18v3.46\pic18-lt\cxx-framework\src\traditional\proc\p18f87k90.asm
                  PREINC2   0x000fdc       data     extern E:\c18v3.46\pic18-lt\cxx-framework\src\traditional\proc\p18f87k90.asm
                 POSTDEC2   0x000fdd       data     extern E:\c18v3.46\pic18-lt\cxx-framework\src\traditional\proc\p18f87k90.asm
                 POSTINC2   0x000fde       data     extern E:\c18v3.46\pic18-lt\cxx-framework\src\traditional\proc\p18f87k90.asm
                    INDF2   0x000fdf       data     extern E:\c18v3.46\pic18-lt\cxx-framework\src\traditional\proc\p18f87k90.asm
                      BSR   0x000fe0       data     extern E:\c18v3.46\pic18-lt\cxx-framework\src\traditional\proc\p18f87k90.asm
                     FSR1   0x000fe1       data     extern E:\c18v3.46\pic18-lt\cxx-framework\src\traditional\proc\p18f87k90.asm
                    FSR1L   0x000fe1       data     extern E:\c18v3.46\pic18-lt\cxx-framework\src\traditional\proc\p18f87k90.asm
                    FSR1H   0x000fe2       data     extern E:\c18v3.46\pic18-lt\cxx-framework\src\traditional\proc\p18f87k90.asm
                   PLUSW1   0x000fe3       data     extern E:\c18v3.46\pic18-lt\cxx-framework\src\traditional\proc\p18f87k90.asm
                  PREINC1   0x000fe4       data     extern E:\c18v3.46\pic18-lt\cxx-framework\src\traditional\proc\p18f87k90.asm
                 POSTDEC1   0x000fe5       data     extern E:\c18v3.46\pic18-lt\cxx-framework\src\traditional\proc\p18f87k90.asm
                 POSTINC1   0x000fe6       data     extern E:\c18v3.46\pic18-lt\cxx-framework\src\traditional\proc\p18f87k90.asm
                    INDF1   0x000fe7       data     extern E:\c18v3.46\pic18-lt\cxx-framework\src\traditional\proc\p18f87k90.asm
                     WREG   0x000fe8       data     extern E:\c18v3.46\pic18-lt\cxx-framework\src\traditional\proc\p18f87k90.asm
                     FSR0   0x000fe9       data     extern E:\c18v3.46\pic18-lt\cxx-framework\src\traditional\proc\p18f87k90.asm
                    FSR0L   0x000fe9       data     extern E:\c18v3.46\pic18-lt\cxx-framework\src\traditional\proc\p18f87k90.asm
                    FSR0H   0x000fea       data     extern E:\c18v3.46\pic18-lt\cxx-framework\src\traditional\proc\p18f87k90.asm
                   PLUSW0   0x000feb       data     extern E:\c18v3.46\pic18-lt\cxx-framework\src\traditional\proc\p18f87k90.asm
                  PREINC0   0x000fec       data     extern E:\c18v3.46\pic18-lt\cxx-framework\src\traditional\proc\p18f87k90.asm
                 POSTDEC0   0x000fed       data     extern E:\c18v3.46\pic18-lt\cxx-framework\src\traditional\proc\p18f87k90.asm
                 POSTINC0   0x000fee       data     extern E:\c18v3.46\pic18-lt\cxx-framework\src\traditional\proc\p18f87k90.asm
                    INDF0   0x000fef       data     extern E:\c18v3.46\pic18-lt\cxx-framework\src\traditional\proc\p18f87k90.asm
              INTCON3bits   0x000ff0       data     extern E:\c18v3.46\pic18-lt\cxx-framework\src\traditional\proc\p18f87k90.asm
                  INTCON3   0x000ff0       data     extern E:\c18v3.46\pic18-lt\cxx-framework\src\traditional\proc\p18f87k90.asm
                  INTCON2   0x000ff1       data     extern E:\c18v3.46\pic18-lt\cxx-framework\src\traditional\proc\p18f87k90.asm
              INTCON2bits   0x000ff1       data     extern E:\c18v3.46\pic18-lt\cxx-framework\src\traditional\proc\p18f87k90.asm
                   INTCON   0x000ff2       data     extern E:\c18v3.46\pic18-lt\cxx-framework\src\traditional\proc\p18f87k90.asm
               INTCONbits   0x000ff2       data     extern E:\c18v3.46\pic18-lt\cxx-framework\src\traditional\proc\p18f87k90.asm
                     PROD   0x000ff3       data     extern E:\c18v3.46\pic18-lt\cxx-framework\src\traditional\proc\p18f87k90.asm
                    PRODL   0x000ff3       data     extern E:\c18v3.46\pic18-lt\cxx-framework\src\traditional\proc\p18f87k90.asm
                    PRODH   0x000ff4       data     extern E:\c18v3.46\pic18-lt\cxx-framework\src\traditional\proc\p18f87k90.asm
                   TABLAT   0x000ff5       data     extern E:\c18v3.46\pic18-lt\cxx-framework\src\traditional\proc\p18f87k90.asm
                   TBLPTR   0x000ff6       data     extern E:\c18v3.46\pic18-lt\cxx-framework\src\traditional\proc\p18f87k90.asm
                  TBLPTRL   0x000ff6       data     extern E:\c18v3.46\pic18-lt\cxx-framework\src\traditional\proc\p18f87k90.asm
                  TBLPTRH   0x000ff7       data     extern E:\c18v3.46\pic18-lt\cxx-framework\src\traditional\proc\p18f87k90.asm
                  TBLPTRU   0x000ff8       data     extern E:\c18v3.46\pic18-lt\cxx-framework\src\traditional\proc\p18f87k90.asm
                      PCL   0x000ff9       data     extern E:\c18v3.46\pic18-lt\cxx-framework\src\traditional\proc\p18f87k90.asm
                       PC   0x000ff9       data     extern E:\c18v3.46\pic18-lt\cxx-framework\src\traditional\proc\p18f87k90.asm
                   PCLATH   0x000ffa       data     extern E:\c18v3.46\pic18-lt\cxx-framework\src\traditional\proc\p18f87k90.asm
                   PCLATU   0x000ffb       data     extern E:\c18v3.46\pic18-lt\cxx-framework\src\traditional\proc\p18f87k90.asm
               STKPTRbits   0x000ffc       data     extern E:\c18v3.46\pic18-lt\cxx-framework\src\traditional\proc\p18f87k90.asm
                   STKPTR   0x000ffc       data     extern E:\c18v3.46\pic18-lt\cxx-framework\src\traditional\proc\p18f87k90.asm
                     TOSL   0x000ffd       data     extern E:\c18v3.46\pic18-lt\cxx-framework\src\traditional\proc\p18f87k90.asm
                      TOS   0x000ffd       data     extern E:\c18v3.46\pic18-lt\cxx-framework\src\traditional\proc\p18f87k90.asm
                     TOSH   0x000ffe       data     extern E:\c18v3.46\pic18-lt\cxx-framework\src\traditional\proc\p18f87k90.asm
                     TOSU   0x000fff       data     extern E:\c18v3.46\pic18-lt\cxx-framework\src\traditional\proc\p18f87k90.asm


